Archive member included to satisfy reference by file (symbol)

D:/armtoolchain/arm-gnu-toolchain-13.3.rel1-mingw-w64-i686-arm-none-eabi/bin/../lib/gcc/arm-none-eabi/13.3.1/thumb/v7e-m+dp/hard\libc_nano.a(libc_a-atoi.o)
                              build/netif.o (atoi)
D:/armtoolchain/arm-gnu-toolchain-13.3.rel1-mingw-w64-i686-arm-none-eabi/bin/../lib/gcc/arm-none-eabi/13.3.1/thumb/v7e-m+dp/hard\libc_nano.a(libc_a-exit.o)
                              D:/armtoolchain/arm-gnu-toolchain-13.3.rel1-mingw-w64-i686-arm-none-eabi/bin/../lib/gcc/arm-none-eabi/13.3.1/thumb/v7e-m+dp/hard/crt0.o (exit)
D:/armtoolchain/arm-gnu-toolchain-13.3.rel1-mingw-w64-i686-arm-none-eabi/bin/../lib/gcc/arm-none-eabi/13.3.1/thumb/v7e-m+dp/hard\libc_nano.a(libc_a-rand.o)
                              build/tcp.o (rand)
D:/armtoolchain/arm-gnu-toolchain-13.3.rel1-mingw-w64-i686-arm-none-eabi/bin/../lib/gcc/arm-none-eabi/13.3.1/thumb/v7e-m+dp/hard\libc_nano.a(libc_a-strtol.o)
                              D:/armtoolchain/arm-gnu-toolchain-13.3.rel1-mingw-w64-i686-arm-none-eabi/bin/../lib/gcc/arm-none-eabi/13.3.1/thumb/v7e-m+dp/hard\libc_nano.a(libc_a-atoi.o) (_strtol_r)
D:/armtoolchain/arm-gnu-toolchain-13.3.rel1-mingw-w64-i686-arm-none-eabi/bin/../lib/gcc/arm-none-eabi/13.3.1/thumb/v7e-m+dp/hard\libc_nano.a(libc_a-ctype_.o)
                              build/ip4_addr.o (_ctype_)
D:/armtoolchain/arm-gnu-toolchain-13.3.rel1-mingw-w64-i686-arm-none-eabi/bin/../lib/gcc/arm-none-eabi/13.3.1/thumb/v7e-m+dp/hard\libc_nano.a(libc_a-nano-vfprintf_float.o)
                              (_printf_float)
D:/armtoolchain/arm-gnu-toolchain-13.3.rel1-mingw-w64-i686-arm-none-eabi/bin/../lib/gcc/arm-none-eabi/13.3.1/thumb/v7e-m+dp/hard\libc_nano.a(libc_a-nano-vfprintf_i.o)
                              D:/armtoolchain/arm-gnu-toolchain-13.3.rel1-mingw-w64-i686-arm-none-eabi/bin/../lib/gcc/arm-none-eabi/13.3.1/thumb/v7e-m+dp/hard\libc_nano.a(libc_a-nano-vfprintf_float.o) (_printf_common)
D:/armtoolchain/arm-gnu-toolchain-13.3.rel1-mingw-w64-i686-arm-none-eabi/bin/../lib/gcc/arm-none-eabi/13.3.1/thumb/v7e-m+dp/hard\libc_nano.a(libc_a-findfp.o)
                              D:/armtoolchain/arm-gnu-toolchain-13.3.rel1-mingw-w64-i686-arm-none-eabi/bin/../lib/gcc/arm-none-eabi/13.3.1/thumb/v7e-m+dp/hard\libc_nano.a(libc_a-exit.o) (__stdio_exit_handler)
D:/armtoolchain/arm-gnu-toolchain-13.3.rel1-mingw-w64-i686-arm-none-eabi/bin/../lib/gcc/arm-none-eabi/13.3.1/thumb/v7e-m+dp/hard\libc_nano.a(libc_a-fwalk.o)
                              D:/armtoolchain/arm-gnu-toolchain-13.3.rel1-mingw-w64-i686-arm-none-eabi/bin/../lib/gcc/arm-none-eabi/13.3.1/thumb/v7e-m+dp/hard\libc_nano.a(libc_a-findfp.o) (_fwalk_sglue)
D:/armtoolchain/arm-gnu-toolchain-13.3.rel1-mingw-w64-i686-arm-none-eabi/bin/../lib/gcc/arm-none-eabi/13.3.1/thumb/v7e-m+dp/hard\libc_nano.a(libc_a-printf.o)
                              build/ad7606.o (printf)
D:/armtoolchain/arm-gnu-toolchain-13.3.rel1-mingw-w64-i686-arm-none-eabi/bin/../lib/gcc/arm-none-eabi/13.3.1/thumb/v7e-m+dp/hard\libc_nano.a(libc_a-puts.o)
                              build/ad7606.o (puts)
D:/armtoolchain/arm-gnu-toolchain-13.3.rel1-mingw-w64-i686-arm-none-eabi/bin/../lib/gcc/arm-none-eabi/13.3.1/thumb/v7e-m+dp/hard\libc_nano.a(libc_a-sprintf.o)
                              build/httpd_cgi_ssi.o (sprintf)
D:/armtoolchain/arm-gnu-toolchain-13.3.rel1-mingw-w64-i686-arm-none-eabi/bin/../lib/gcc/arm-none-eabi/13.3.1/thumb/v7e-m+dp/hard\libc_nano.a(libc_a-stdio.o)
                              D:/armtoolchain/arm-gnu-toolchain-13.3.rel1-mingw-w64-i686-arm-none-eabi/bin/../lib/gcc/arm-none-eabi/13.3.1/thumb/v7e-m+dp/hard\libc_nano.a(libc_a-findfp.o) (__sread)
D:/armtoolchain/arm-gnu-toolchain-13.3.rel1-mingw-w64-i686-arm-none-eabi/bin/../lib/gcc/arm-none-eabi/13.3.1/thumb/v7e-m+dp/hard\libc_nano.a(libc_a-wbuf.o)
                              D:/armtoolchain/arm-gnu-toolchain-13.3.rel1-mingw-w64-i686-arm-none-eabi/bin/../lib/gcc/arm-none-eabi/13.3.1/thumb/v7e-m+dp/hard\libc_nano.a(libc_a-puts.o) (__swbuf_r)
D:/armtoolchain/arm-gnu-toolchain-13.3.rel1-mingw-w64-i686-arm-none-eabi/bin/../lib/gcc/arm-none-eabi/13.3.1/thumb/v7e-m+dp/hard\libc_nano.a(libc_a-wsetup.o)
                              D:/armtoolchain/arm-gnu-toolchain-13.3.rel1-mingw-w64-i686-arm-none-eabi/bin/../lib/gcc/arm-none-eabi/13.3.1/thumb/v7e-m+dp/hard\libc_nano.a(libc_a-puts.o) (__swsetup_r)
D:/armtoolchain/arm-gnu-toolchain-13.3.rel1-mingw-w64-i686-arm-none-eabi/bin/../lib/gcc/arm-none-eabi/13.3.1/thumb/v7e-m+dp/hard\libc_nano.a(libc_a-memcmp.o)
                              build/bridgeif_fdb.o (memcmp)
D:/armtoolchain/arm-gnu-toolchain-13.3.rel1-mingw-w64-i686-arm-none-eabi/bin/../lib/gcc/arm-none-eabi/13.3.1/thumb/v7e-m+dp/hard\libc_nano.a(libc_a-memmove.o)
                              build/def.o (memmove)
D:/armtoolchain/arm-gnu-toolchain-13.3.rel1-mingw-w64-i686-arm-none-eabi/bin/../lib/gcc/arm-none-eabi/13.3.1/thumb/v7e-m+dp/hard\libc_nano.a(libc_a-memset.o)
[...]
Memory Configuration

Name             Origin             Length             Attributes
DTCMRAM          0x20000000         0x00020000         xrw
RAM_D1           0x24000000         0x00080000         xrw
RAM_D2           0x30000000         0x00048000         xrw
RAM_D3           0x38000000         0x00010000         xrw
ITCMRAM          0x00000000         0x00010000         xrw
FLASH            0x08000000         0x00200000         xr
*default*        0x00000000         0xffffffff

Linker script and memory map

LOAD D:/armtoolchain/arm-gnu-toolchain-13.3.rel1-mingw-w64-i686-arm-none-eabi/bin/../lib/gcc/arm-none-eabi/13.3.1/thumb/v7e-m+dp/hard/crti.o
LOAD D:/armtoolchain/arm-gnu-toolchain-13.3.rel1-mingw-w64-i686-arm-none-eabi/bin/../lib/gcc/arm-none-eabi/13.3.1/thumb/v7e-m+dp/hard/crtbegin.o
LOAD D:/armtoolchain/arm-gnu-toolchain-13.3.rel1-mingw-w64-i686-arm-none-eabi/bin/../lib/gcc/arm-none-eabi/13.3.1/thumb/v7e-m+dp/hard/crt0.o
LOAD build/main.o
LOAD build/gpio.o
LOAD build/adc.o
LOAD build/fmc.o
LOAD build/i2c.o
LOAD build/ad7606.o
LOAD build/sdram.o
LOAD build/httpd_cgi_ssi.o
LOAD build/quadspi.o
LOAD build/rtc.o
LOAD build/sdmmc.o
LOAD build/spi.o
LOAD build/tim.o
LOAD build/usart.o
LOAD build/usb_otg.o
LOAD build/stm32h7xx_it.o
LOAD build/stm32h7xx_hal_msp.o
LOAD build/stm32h7xx_hal_timebase_tim.o
LOAD build/lcdTest.o
LOAD build/tftLCD.o
LOAD build/stm32h7xx_hal_adc.o
LOAD build/stm32h7xx_hal_adc_ex.o
LOAD build/stm32h7xx_hal_rcc.o
LOAD build/stm32h7xx_hal_rcc_ex.o
LOAD build/stm32h7xx_hal_flash.o
LOAD build/stm32h7xx_hal_flash_ex.o
LOAD build/stm32h7xx_hal_gpio.o
LOAD build/stm32h7xx_hal_hsem.o
LOAD build/stm32h7xx_hal_dma.o
LOAD build/stm32h7xx_hal_dma_ex.o
LOAD build/stm32h7xx_hal_mdma.o
LOAD build/stm32h7xx_hal_pwr.o
LOAD build/stm32h7xx_hal_pwr_ex.o
LOAD build/stm32h7xx_hal_cortex.o
LOAD build/stm32h7xx_hal.o
LOAD build/stm32h7xx_hal_i2c.o
LOAD build/stm32h7xx_hal_i2c_ex.o
LOAD build/stm32h7xx_hal_exti.o
LOAD build/stm32h7xx_hal_eth.o
LOAD build/stm32h7xx_hal_eth_ex.o
LOAD build/stm32h7xx_ll_fmc.o
LOAD build/stm32h7xx_hal_sram.o
LOAD build/stm32h7xx_hal_sdram.o
LOAD build/stm32h7xx_hal_qspi.o
LOAD build/stm32h7xx_hal_rtc.o
LOAD build/stm32h7xx_hal_rtc_ex.o
LOAD build/stm32h7xx_ll_sdmmc.o
LOAD build/stm32h7xx_ll_delayblock.o
LOAD build/stm32h7xx_hal_sd.o
LOAD build/stm32h7xx_hal_sd_ex.o
LOAD build/stm32h7xx_hal_spi.o
LOAD build/stm32h7xx_hal_spi_ex.o
LOAD build/stm32h7xx_hal_tim.o
LOAD build/stm32h7xx_hal_tim_ex.o
LOAD build/stm32h7xx_hal_uart.o
LOAD build/stm32h7xx_hal_uart_ex.o
LOAD build/stm32h7xx_hal_pcd.o
LOAD build/stm32h7xx_hal_pcd_ex.o
LOAD build/stm32h7xx_ll_usb.o
LOAD build/system_stm32h7xx.o
LOAD build/freertos.o
LOAD build/bsp_driver_sd.o
LOAD build/sd_diskio.o
LOAD build/fatfs_platform.o
LOAD build/fatfs.o
LOAD build/ethernetif.o
LOAD build/lwip.o
LOAD build/lan8742.o
LOAD build/diskio.o
LOAD build/ff.o
LOAD build/ff_gen_drv.o
LOAD build/syscall.o
LOAD build/croutine.o
LOAD build/event_groups.o
LOAD build/list.o
LOAD build/queue.o
LOAD build/stream_buffer.o
LOAD build/tasks.o
LOAD build/timers.o
LOAD build/cmsis_os.o
LOAD build/heap_4.o
LOAD build/port.o
LOAD build/auth.o
LOAD build/ccp.o
LOAD build/chap_ms.o
LOAD build/chap-md5.o
LOAD build/chap-new.o
LOAD build/demand.o
LOAD build/eap.o
LOAD build/eui64.o
LOAD build/fsm.o
LOAD build/ipcp.o
LOAD build/ipv6cp.o
LOAD build/lcp.o
LOAD build/magic.o
LOAD build/mppe.o
LOAD build/multilink.o
LOAD build/ppp.o
LOAD build/pppapi.o
LOAD build/pppcrypt.o
LOAD build/pppoe.o
LOAD build/pppol2tp.o
LOAD build/pppos.o
LOAD build/upap.o
LOAD build/utils.o
LOAD build/vj.o
LOAD build/bridgeif.o
LOAD build/bridgeif_fdb.o
LOAD build/ethernet.o
LOAD build/lowpan6.o
LOAD build/lowpan6_ble.o
LOAD build/lowpan6_common.o
LOAD build/slipif.o
LOAD build/zepif.o
LOAD build/ecp.o
LOAD build/httpd.o
LOAD build/fs.o
LOAD build/api_lib.o
LOAD build/api_msg.o
LOAD build/err.o
LOAD build/if_api.o
LOAD build/netbuf.o
LOAD build/netdb.o
LOAD build/netifapi.o
LOAD build/sockets.o
LOAD build/tcpip.o
LOAD build/altcp.o
LOAD build/altcp_alloc.o
LOAD build/altcp_tcp.o
LOAD build/def.o
LOAD build/dns.o
LOAD build/inet_chksum.o
LOAD build/init.o
LOAD build/ip.o
LOAD build/mem.o
LOAD build/memp.o
LOAD build/netif.o
LOAD build/pbuf.o
LOAD build/raw.o
LOAD build/stats.o
LOAD build/sys.o
LOAD build/tcp.o
LOAD build/tcp_in.o
LOAD build/tcp_out.o
LOAD build/timeouts.o
LOAD build/udp.o
LOAD build/autoip.o
LOAD build/dhcp.o
LOAD build/etharp.o
LOAD build/icmp.o
LOAD build/igmp.o
LOAD build/ip4.o
LOAD build/ip4_addr.o
LOAD build/ip4_frag.o
LOAD build/dhcp6.o
LOAD build/ethip6.o
LOAD build/icmp6.o
LOAD build/inet6.o
LOAD build/ip6.o
LOAD build/ip6_addr.o
LOAD build/ip6_frag.o
LOAD build/mld6.o
LOAD build/nd6.o
LOAD build/sys_arch.o
LOAD build/mqtt.o
LOAD build/startup_stm32h743xx.o
LOAD D:/armtoolchain/arm-gnu-toolchain-13.3.rel1-mingw-w64-i686-arm-none-eabi/bin/../lib/gcc/arm-none-eabi/13.3.1/thumb/v7e-m+dp/hard\libc_nano.a
LOAD D:/armtoolchain/arm-gnu-toolchain-13.3.rel1-mingw-w64-i686-arm-none-eabi/bin/../lib/gcc/arm-none-eabi/13.3.1/thumb/v7e-m+dp/hard\libm.a
LOAD D:/armtoolchain/arm-gnu-toolchain-13.3.rel1-mingw-w64-i686-arm-none-eabi/bin/../lib/gcc/arm-none-eabi/13.3.1/thumb/v7e-m+dp/hard\libnosys.a
START GROUP
LOAD D:/armtoolchain/arm-gnu-toolchain-13.3.rel1-mingw-w64-i686-arm-none-eabi/bin/../lib/gcc/arm-none-eabi/13.3.1/thumb/v7e-m+dp/hard\libgcc.a
LOAD D:/armtoolchain/arm-gnu-toolchain-13.3.rel1-mingw-w64-i686-arm-none-eabi/bin/../lib/gcc/arm-none-eabi/13.3.1/thumb/v7e-m+dp/hard\libc_nano.a
END GROUP
START GROUP
LOAD D:/armtoolchain/arm-gnu-toolchain-13.3.rel1-mingw-w64-i686-arm-none-eabi/bin/../lib/gcc/arm-none-eabi/13.3.1/thumb/v7e-m+dp/hard\libgcc.a
LOAD D:/armtoolchain/arm-gnu-toolchain-13.3.rel1-mingw-w64-i686-arm-none-eabi/bin/../lib/gcc/arm-none-eabi/13.3.1/thumb/v7e-m+dp/hard\libc_nano.a
END GROUP
LOAD D:/armtoolchain/arm-gnu-toolchain-13.3.rel1-mingw-w64-i686-arm-none-eabi/bin/../lib/gcc/arm-none-eabi/13.3.1/thumb/v7e-m+dp/hard/crtend.o
LOAD D:/armtoolchain/arm-gnu-toolchain-13.3.rel1-mingw-w64-i686-arm-none-eabi/bin/../lib/gcc/arm-none-eabi/13.3.1/thumb/v7e-m+dp/hard/crtn.o
                0x20020000                        _estack = 0x20020000
                0x00000200                        _Min_Heap_Size = 0x200
                0x00000400                        _Min_Stack_Size = 0x400

.isr_vector     0x08000000      0x298
                0x08000000                        . = ALIGN (0x4)
 *(.isr_vector)
 .isr_vector    0x08000000      0x298 build/startup_stm32h743xx.o
                0x08000000                g_pfnVectors
                0x08000298                        . = ALIGN (0x4)

.text           0x080002a0    0x1b294
                0x080002a0                        . = ALIGN (0x4)
 *(.text)
 .text          0x080002a0       0x14 D:/armtoolchain/arm-gnu-toolchain-13.3.rel1-mingw-w64-i686-arm-none-eabi/bin/../lib/gcc/arm-none-eabi/13.3.1/thumb/v7e-m+dp/hard\libc_nano.a(libc_a-strcmp.o)
                0x080002a0                strcmp
 *fill*         0x080002b4        0xc 
 .text          0x080002c0       0xa0 D:/armtoolchain/arm-gnu-toolchain-13.3.rel1-mingw-w64-i686-arm-none-eabi/bin/../lib/gcc/arm-none-eabi/13.3.1/thumb/v7e-m+dp/hard\libc_nano.a(libc_a-memchr.o)
                0x080002c0                memchr
 .text          0x08000360       0x10 D:/armtoolchain/arm-gnu-toolchain-13.3.rel1-mingw-w64-i686-arm-none-eabi/bin/../lib/gcc/arm-none-eabi/13.3.1/thumb/v7e-m+dp/hard\libc_nano.a(libc_a-strlen.o)
                0x08000360                strlen
 .text          0x08000370       0x30 D:/armtoolchain/arm-gnu-toolchain-13.3.rel1-mingw-w64-i686-arm-none-eabi/bin/../lib/gcc/arm-none-eabi/13.3.1/thumb/v7e-m+dp/hard\libgcc.a(_aeabi_uldivmod.o)
                0x08000370                __aeabi_uldivmod
 .text          0x080003a0        0x4 D:/armtoolchain/arm-gnu-toolchain-13.3.rel1-mingw-w64-i686-arm-none-eabi/bin/../lib/gcc/arm-none-eabi/13.3.1/thumb/v7e-m+dp/hard\libgcc.a(_dvmd_tls.o)
                0x080003a0                __aeabi_idiv0
                0x080003a0                __aeabi_ldiv0
 *(.text*)
 .text.deregister_tm_clones
                0x080003a4       0x1c D:/armtoolchain/arm-gnu-toolchain-13.3.rel1-mingw-w64-i686-arm-none-eabi/bin/../lib/gcc/arm-none-eabi/13.3.1/thumb/v7e-m+dp/hard/crtbegin.o
 .text.register_tm_clones
                0x080003c0       0x24 D:/armtoolchain/arm-gnu-toolchain-13.3.rel1-mingw-w64-i686-arm-none-eabi/bin/../lib/gcc/arm-none-eabi/13.3.1/thumb/v7e-m+dp/hard/crtbegin.o
 .text.__do_global_dtors_aux
                0x080003e4       0x28 D:/armtoolchain/arm-gnu-toolchain-13.3.rel1-mingw-w64-i686-arm-none-eabi/bin/../lib/gcc/arm-none-eabi/13.3.1/thumb/v7e-m+dp/hard/crtbegin.o
 .text.frame_dummy
                0x0800040c       0x24 D:/armtoolchain/arm-gnu-toolchain-13.3.rel1-mingw-w64-i686-arm-none-eabi/bin/../lib/gcc/arm-none-eabi/13.3.1/thumb/v7e-m+dp/hard/crtbegin.o
 .text.MPU_Config
                0x08000430       0xb8 build/main.o
 .text.HAL_TIM_PeriodElapsedCallback
                0x080004e8       0x18 build/main.o
                0x080004e8                HAL_TIM_PeriodElapsedCallback
 .text.Error_Handler
                0x08000500        0x4 build/main.o
                0x08000500                Error_Handler
 .text.SystemClock_Config
                0x08000504       0xec build/main.o
                0x08000504                SystemClock_Config
 .text.main     0x080005f0      0x144 build/main.o
                0x080005f0                main
 .text.MX_GPIO_Init
                0x08000734      0x20c build/gpio.o
                0x08000734                MX_GPIO_Init
 .text.MX_ADC1_Init
                0x08000940       0xa0 build/adc.o
                0x08000940                MX_ADC1_Init
 .text.HAL_ADC_MspInit
                0x080009e0       0xac build/adc.o
                0x080009e0                HAL_ADC_MspInit
 .text.HAL_FMC_MspInit
                0x08000a8c       0xec build/fmc.o
 .text.MX_FMC_Init
                0x08000b78      0x16c build/fmc.o
                0x08000b78                MX_FMC_Init
 .text.HAL_SRAM_MspInit
                0x08000ce4        0x8 build/fmc.o
                0x08000ce4                HAL_SRAM_MspInit
 .text.HAL_SDRAM_MspInit
                0x08000cec        0x8 build/fmc.o
                0x08000cec                HAL_SDRAM_MspInit
 .text.MX_I2C1_Init
                0x08000cf4       0x58 build/i2c.o
                0x08000cf4                MX_I2C1_Init
 .text.MX_I2C4_Init
                0x08000d4c       0x58 build/i2c.o
                0x08000d4c                MX_I2C4_Init
 .text.HAL_I2C_MspInit
                0x08000da4      0x104 build/i2c.o
                0x08000da4                HAL_I2C_MspInit
 .text.ini7606Paras
                0x08000ea8       0x1a build/ad7606.o
 *fill*         0x08000ec2        0x2 
 .text.ad7606ini
                0x08000ec4       0x54 build/ad7606.o
                0x08000ec4                ad7606ini
 .text.test_AD7606
                0x08000f18       0x1c build/ad7606.o
                0x08000f18                test_AD7606
 .text.SDRAM_Send_Cmd
                0x08000f34       0x38 build/sdram.o
                0x08000f34                SDRAM_Send_Cmd
 .text.SDRAM_Initialization_Sequence
                0x08000f6c       0x4c build/sdram.o
                0x08000f6c                SDRAM_Initialization_Sequence
 .text.ADC_Handler
                0x08000fb8       0x78 build/httpd_cgi_ssi.o
                0x08000fb8                ADC_Handler
 .text.LEDS_CGI_Handler
                0x08001030       0xb4 build/httpd_cgi_ssi.o
                0x08001030                LEDS_CGI_Handler
 .text.httpd_ssi_init
                0x080010e4       0x18 build/httpd_cgi_ssi.o
                0x080010e4                httpd_ssi_init
 .text.httpd_cgi_init
                0x080010fc       0x20 build/httpd_cgi_ssi.o
                0x080010fc                httpd_cgi_init
 .text.MX_QUADSPI_Init
                0x0800111c       0x34 build/quadspi.o
                0x0800111c                MX_QUADSPI_Init
 .text.HAL_QSPI_MspInit
                0x08001150       0xe4 build/quadspi.o
                0x08001150                HAL_QSPI_MspInit
 .text.MX_RTC_Init
                0x08001234       0x34 build/rtc.o
                0x08001234                MX_RTC_Init
 .text.HAL_RTC_MspInit
                0x08001268       0x4c build/rtc.o
                0x08001268                HAL_RTC_MspInit
 .text.MX_SDMMC1_SD_Init
                0x080012b4       0x20 build/sdmmc.o
                0x080012b4                MX_SDMMC1_SD_Init
 .text.HAL_SD_MspInit
                0x080012d4       0xcc build/sdmmc.o
                0x080012d4                HAL_SD_MspInit
 .text.MX_SPI1_Init
                0x080013a0       0x58 build/spi.o
                0x080013a0                MX_SPI1_Init
 .text.MX_SPI3_Init
                0x080013f8       0x58 build/spi.o
                0x080013f8                MX_SPI3_Init
 .text.MX_SPI4_Init
                0x08001450       0x54 build/spi.o
                0x08001450                MX_SPI4_Init
 .text.HAL_SPI_MspInit
                0x080014a4      0x208 build/spi.o
                0x080014a4                HAL_SPI_MspInit
 .text.MX_TIM3_Init
                0x080016ac       0x64 build/tim.o
                0x080016ac                MX_TIM3_Init
 .text.HAL_TIM_Base_MspInit
                0x08001710       0x58 build/tim.o
                0x08001710                HAL_TIM_Base_MspInit
 .text.HAL_TIM_Encoder_MspInit
                0x08001768       0x70 build/tim.o
                0x08001768                HAL_TIM_Encoder_MspInit
 .text.HAL_TIM_MspPostInit
                0x080017d8       0x90 build/tim.o
                0x080017d8                HAL_TIM_MspPostInit
 .text.MX_TIM1_Init
                0x08001868      0x100 build/tim.o
                0x08001868                MX_TIM1_Init
 .text.MX_TIM8_Init
                0x08001968      0x100 build/tim.o
                0x08001968                MX_TIM8_Init
 .text.__io_putchar
                0x08001a68       0x20 build/usart.o
                0x08001a68                __io_putchar
 .text._write   0x08001a88       0x1c build/usart.o
                0x08001a88                _write
 .text.MX_UART4_Init
                0x08001aa4       0x68 build/usart.o
                0x08001aa4                MX_UART4_Init
 .text.MX_USART1_UART_Init
                0x08001b0c       0x68 build/usart.o
                0x08001b0c                MX_USART1_UART_Init
 .text.MX_USART3_UART_Init
                0x08001b74       0x68 build/usart.o
                0x08001b74                MX_USART3_UART_Init
 .text.HAL_UART_MspInit
                0x08001bdc      0x16c build/usart.o
                0x08001bdc                HAL_UART_MspInit
 .text.MX_USB_OTG_FS_PCD_Init
                0x08001d48       0x38 build/usb_otg.o
                0x08001d48                MX_USB_OTG_FS_PCD_Init
 .text.HAL_PCD_MspInit
                0x08001d80       0xa4 build/usb_otg.o
                0x08001d80                HAL_PCD_MspInit
 .text.NMI_Handler
                0x08001e24        0x2 build/stm32h7xx_it.o
                0x08001e24                NMI_Handler
 .text.HardFault_Handler
                0x08001e26        0x2 build/stm32h7xx_it.o
                0x08001e26                HardFault_Handler
 .text.MemManage_Handler
                0x08001e28        0x2 build/stm32h7xx_it.o
                0x08001e28                MemManage_Handler
 .text.BusFault_Handler
                0x08001e2a        0x2 build/stm32h7xx_it.o
                0x08001e2a                BusFault_Handler
 .text.UsageFault_Handler
                0x08001e2c        0x2 build/stm32h7xx_it.o
                0x08001e2c                UsageFault_Handler
 .text.DebugMon_Handler
                0x08001e2e        0x2 build/stm32h7xx_it.o
                0x08001e2e                DebugMon_Handler
 .text.TIM4_IRQHandler
                0x08001e30       0x10 build/stm32h7xx_it.o
                0x08001e30                TIM4_IRQHandler
 .text.EXTI15_10_IRQHandler
                0x08001e40        0xc build/stm32h7xx_it.o
                0x08001e40                EXTI15_10_IRQHandler
 .text.ETH_IRQHandler
                0x08001e4c       0x10 build/stm32h7xx_it.o
                0x08001e4c                ETH_IRQHandler
 .text.HAL_MspInit
                0x08001e5c       0x34 build/stm32h7xx_hal_msp.o
                0x08001e5c                HAL_MspInit
 .text.HAL_InitTick
                0x08001e90       0x9c build/stm32h7xx_hal_timebase_tim.o
                0x08001e90                HAL_InitTick
 .text.testlines
                0x08001f2c      0x16c build/lcdTest.o
                0x08001f2c                testlines
 .text.testdrawrects
                0x08002098       0x48 build/lcdTest.o
                0x08002098                testdrawrects
 .text.testfillcircles
                0x080020e0       0x90 build/lcdTest.o
                0x080020e0                testfillcircles
 .text.tftPrintTest
                0x08002170      0x140 build/lcdTest.o
                0x08002170                tftPrintTest
 .text.LCD_TEST
                0x080022b0       0x2e build/lcdTest.o
                0x080022b0                LCD_TEST
 .text.delay_us
                0x080022de       0x14 build/tftLCD.o
                0x080022de                delay_us
 .text.LCD_WR_REG
                0x080022f2       0x22 build/tftLCD.o
                0x080022f2                LCD_WR_REG
 .text.LCD_WR_DATA
                0x08002314       0x22 build/tftLCD.o
                0x08002314                LCD_WR_DATA
 .text.LCD_RD_DATA
                0x08002336       0x1a build/tftLCD.o
                0x08002336                LCD_RD_DATA
 .text.LCD_WriteReg
                0x08002350        0xe build/tftLCD.o
                0x08002350                LCD_WriteReg
 *fill*         0x0800235e        0x2 
 .text.LCD_WriteRAM_Prepare
                0x08002360       0x14 build/tftLCD.o
                0x08002360                LCD_WriteRAM_Prepare
 .text.LCD_SetCursor
                0x08002374      0x10c build/tftLCD.o
                0x08002374                LCD_SetCursor
 .text.LCD_Scan_Dir
                0x08002480      0x1d8 build/tftLCD.o
                0x08002480                LCD_Scan_Dir
 .text.LCD_DrawPoint
                0x08002658       0x1c build/tftLCD.o
                0x08002658                LCD_DrawPoint
 .text.LCD_Fast_DrawPoint
                0x08002674       0xf8 build/tftLCD.o
                0x08002674                LCD_Fast_DrawPoint
 *fill*         0x0800276c        0x4 
 .text.LCD_SSD_BackLightSet
                0x08002770       0x58 build/tftLCD.o
                0x08002770                LCD_SSD_BackLightSet
 .text.LCD_Display_Dir
                0x080027c8      0x118 build/tftLCD.o
                0x080027c8                LCD_Display_Dir
 .text.LCD_Clear
                0x080028e0       0x34 build/tftLCD.o
                0x080028e0                LCD_Clear
 .text.LCD_Init
                0x08002914     0x2574 build/tftLCD.o
                0x08002914                LCD_Init
 .text.LCD_DrawLine
                0x08004e88       0x9e build/tftLCD.o
                0x08004e88                LCD_DrawLine
 .text.LCD_DrawRectangle
                0x08004f26       0x36 build/tftLCD.o
                0x08004f26                LCD_DrawRectangle
 .text.LCD_Draw_Circle
                0x08004f5c       0xc6 build/tftLCD.o
                0x08004f5c                LCD_Draw_Circle
 *fill*         0x08005022        0x2 
 .text.LCD_ShowChar
                0x08005024      0x110 build/tftLCD.o
                0x08005024                LCD_ShowChar
 .text._LCD_Pow
                0x08005134       0x16 build/tftLCD.o
                0x08005134                _LCD_Pow
 *fill*         0x0800514a        0x2 
 .text.LCD_ShowxNum
                0x0800514c       0xb8 build/tftLCD.o
                0x0800514c                LCD_ShowxNum
 .text.LCD_ShowString
                0x08005204       0x5a build/tftLCD.o
                0x08005204                LCD_ShowString
 *fill*         0x0800525e        0x2 
 .text.HAL_ADC_ConfigChannel
                0x08005260      0x4e8 build/stm32h7xx_hal_adc.o
                0x08005260                HAL_ADC_ConfigChannel
 .text.ADC_ConfigureBoostMode
                0x08005748      0x164 build/stm32h7xx_hal_adc.o
                0x08005748                ADC_ConfigureBoostMode
 .text.HAL_ADC_Init
                0x080058ac      0x264 build/stm32h7xx_hal_adc.o
                0x080058ac                HAL_ADC_Init
 .text.HAL_ADCEx_MultiModeConfigChannel
                0x08005b10      0x164 build/stm32h7xx_hal_adc_ex.o
                0x08005b10                HAL_ADCEx_MultiModeConfigChannel
 .text.HAL_RCC_OscConfig
                0x08005c74      0x674 build/stm32h7xx_hal_rcc.o
                0x08005c74                HAL_RCC_OscConfig
 .text.HAL_RCC_GetSysClockFreq
                0x080062e8      0x1f0 build/stm32h7xx_hal_rcc.o
                0x080062e8                HAL_RCC_GetSysClockFreq
 .text.HAL_RCC_ClockConfig
                0x080064d8      0x294 build/stm32h7xx_hal_rcc.o
                0x080064d8                HAL_RCC_ClockConfig
 .text.HAL_RCC_GetHCLKFreq
                0x0800676c       0x44 build/stm32h7xx_hal_rcc.o
                0x0800676c                HAL_RCC_GetHCLKFreq
 .text.HAL_RCC_GetPCLK1Freq
                0x080067b0       0x24 build/stm32h7xx_hal_rcc.o
                0x080067b0                HAL_RCC_GetPCLK1Freq
 .text.HAL_RCC_GetPCLK2Freq
                0x080067d4       0x24 build/stm32h7xx_hal_rcc.o
                0x080067d4                HAL_RCC_GetPCLK2Freq
 .text.HAL_RCC_GetClockConfig
                0x080067f8       0x54 build/stm32h7xx_hal_rcc.o
                0x080067f8                HAL_RCC_GetClockConfig
 .text.RCCEx_PLL2_Config
                0x0800684c      0x10c build/stm32h7xx_hal_rcc_ex.o
 .text.RCCEx_PLL3_Config
                0x08006958      0x10c build/stm32h7xx_hal_rcc_ex.o
 .text.HAL_RCCEx_PeriphCLKConfig
                0x08006a64      0x9c4 build/stm32h7xx_hal_rcc_ex.o
                0x08006a64                HAL_RCCEx_PeriphCLKConfig
 .text.HAL_RCCEx_GetD3PCLK1Freq
                0x08007428       0x24 build/stm32h7xx_hal_rcc_ex.o
                0x08007428                HAL_RCCEx_GetD3PCLK1Freq
 .text.HAL_RCCEx_GetPLL2ClockFreq
                0x0800744c      0x1f8 build/stm32h7xx_hal_rcc_ex.o
                0x0800744c                HAL_RCCEx_GetPLL2ClockFreq
 .text.HAL_RCCEx_GetPLL3ClockFreq
                0x08007644      0x1f8 build/stm32h7xx_hal_rcc_ex.o
                0x08007644                HAL_RCCEx_GetPLL3ClockFreq
 .text.HAL_RCCEx_GetPLL1ClockFreq
                0x0800783c      0x1f8 build/stm32h7xx_hal_rcc_ex.o
                0x0800783c                HAL_RCCEx_GetPLL1ClockFreq
 .text.HAL_RCCEx_GetPeriphCLKFreq
                0x08007a34      0x620 build/stm32h7xx_hal_rcc_ex.o
                0x08007a34                HAL_RCCEx_GetPeriphCLKFreq
 .text.HAL_GPIO_Init
                0x08008054      0x220 build/stm32h7xx_hal_gpio.o
                0x08008054                HAL_GPIO_Init
 .text.HAL_GPIO_ReadPin
                0x08008274        0xe build/stm32h7xx_hal_gpio.o
                0x08008274                HAL_GPIO_ReadPin
 .text.HAL_GPIO_WritePin
                0x08008282        0xc build/stm32h7xx_hal_gpio.o
                0x08008282                HAL_GPIO_WritePin
 .text.HAL_GPIO_TogglePin
                0x0800828e       0x12 build/stm32h7xx_hal_gpio.o
                0x0800828e                HAL_GPIO_TogglePin
 .text.HAL_GPIO_EXTI_IRQHandler
                0x080082a0       0x1e build/stm32h7xx_hal_gpio.o
                0x080082a0                HAL_GPIO_EXTI_IRQHandler
 *fill*         0x080082be        0x2 
 .text.HAL_PWR_EnableBkUpAccess
                0x080082c0       0x10 build/stm32h7xx_hal_pwr.o
                0x080082c0                HAL_PWR_EnableBkUpAccess
 .text.HAL_PWREx_ConfigSupply
                0x080082d0       0x54 build/stm32h7xx_hal_pwr_ex.o
                0x080082d0                HAL_PWREx_ConfigSupply
 .text.HAL_PWREx_EnableUSBVoltageDetector
                0x08008324       0x10 build/stm32h7xx_hal_pwr_ex.o
                0x08008324                HAL_PWREx_EnableUSBVoltageDetector
 .text.HAL_NVIC_SetPriorityGrouping
                0x08008334       0x24 build/stm32h7xx_hal_cortex.o
                0x08008334                HAL_NVIC_SetPriorityGrouping
 .text.HAL_NVIC_SetPriority
                0x08008358       0x6c build/stm32h7xx_hal_cortex.o
                0x08008358                HAL_NVIC_SetPriority
 .text.HAL_NVIC_EnableIRQ
                0x080083c4       0x1c build/stm32h7xx_hal_cortex.o
                0x080083c4                HAL_NVIC_EnableIRQ
 .text.HAL_MPU_Disable
                0x080083e0       0x1c build/stm32h7xx_hal_cortex.o
                0x080083e0                HAL_MPU_Disable
 .text.HAL_MPU_Enable
                0x080083fc       0x20 build/stm32h7xx_hal_cortex.o
                0x080083fc                HAL_MPU_Enable
 .text.HAL_MPU_ConfigRegion
                0x0800841c       0x60 build/stm32h7xx_hal_cortex.o
                0x0800841c                HAL_MPU_ConfigRegion
 .text.HAL_Init
                0x0800847c       0x5c build/stm32h7xx_hal.o
                0x0800847c                HAL_Init
 .text.HAL_IncTick
                0x080084d8       0x18 build/stm32h7xx_hal.o
                0x080084d8                HAL_IncTick
 .text.HAL_GetTick
                0x080084f0        0xc build/stm32h7xx_hal.o
                0x080084f0                HAL_GetTick
 .text.HAL_Delay
                0x080084fc       0x28 build/stm32h7xx_hal.o
                0x080084fc                HAL_Delay
 .text.HAL_GetREVID
                0x08008524        0xc build/stm32h7xx_hal.o
                0x08008524                HAL_GetREVID
 .text.HAL_SYSCFG_ETHInterfaceSelect
                0x08008530       0x14 build/stm32h7xx_hal.o
                0x08008530                HAL_SYSCFG_ETHInterfaceSelect
 .text.HAL_I2C_Init
                0x08008544       0xbc build/stm32h7xx_hal_i2c.o
                0x08008544                HAL_I2C_Init
 .text.HAL_I2CEx_ConfigAnalogFilter
                0x08008600       0x5c build/stm32h7xx_hal_i2c_ex.o
                0x08008600                HAL_I2CEx_ConfigAnalogFilter
 .text.HAL_I2CEx_ConfigDigitalFilter
                0x0800865c       0x58 build/stm32h7xx_hal_i2c_ex.o
                0x0800865c                HAL_I2CEx_ConfigDigitalFilter
 .text.ETH_SetMACConfig
                0x080086b4      0x1b0 build/stm32h7xx_hal_eth.o
 .text.ETH_SetDMAConfig
                0x08008864       0xb0 build/stm32h7xx_hal_eth.o
 .text.ETH_MACDMAConfig
                0x08008914       0xdc build/stm32h7xx_hal_eth.o
 .text.ETH_DMATxDescListInit
                0x080089f0       0x5a build/stm32h7xx_hal_eth.o
 .text.ETH_DMARxDescListInit
                0x08008a4a       0x6e build/stm32h7xx_hal_eth.o
 .text.ETH_Prepare_Tx_Descriptors
                0x08008ab8      0x350 build/stm32h7xx_hal_eth.o
 .text.ETH_MAC_MDIO_ClkConfig
                0x08008e08       0x78 build/stm32h7xx_hal_eth.o
 .text.HAL_ETH_Init
                0x08008e80      0x138 build/stm32h7xx_hal_eth.o
                0x08008e80                HAL_ETH_Init
 .text.HAL_ETH_DescAssignMemory
                0x08008fb8       0x4e build/stm32h7xx_hal_eth.o
                0x08008fb8                HAL_ETH_DescAssignMemory
 .text.HAL_ETH_Start_IT
                0x08009006       0xa6 build/stm32h7xx_hal_eth.o
                0x08009006                HAL_ETH_Start_IT
 .text.HAL_ETH_Stop_IT
                0x080090ac       0x94 build/stm32h7xx_hal_eth.o
                0x080090ac                HAL_ETH_Stop_IT
 .text.HAL_ETH_Transmit
                0x08009140       0xb8 build/stm32h7xx_hal_eth.o
                0x08009140                HAL_ETH_Transmit
 .text.HAL_ETH_IsRxDataAvailable
                0x080091f8      0x112 build/stm32h7xx_hal_eth.o
                0x080091f8                HAL_ETH_IsRxDataAvailable
 .text.HAL_ETH_GetRxDataBuffer
                0x0800930a       0xa2 build/stm32h7xx_hal_eth.o
                0x0800930a                HAL_ETH_GetRxDataBuffer
 .text.HAL_ETH_GetRxDataLength
                0x080093ac       0x36 build/stm32h7xx_hal_eth.o
                0x080093ac                HAL_ETH_GetRxDataLength
 .text.HAL_ETH_BuildRxDescriptors
                0x080093e2       0x80 build/stm32h7xx_hal_eth.o
                0x080093e2                HAL_ETH_BuildRxDescriptors
 .text.HAL_ETH_TxCpltCallback
                0x08009462        0x2 build/stm32h7xx_hal_eth.o
                0x08009462                HAL_ETH_TxCpltCallback
 .text.HAL_ETH_DMAErrorCallback
                0x08009464        0x2 build/stm32h7xx_hal_eth.o
                0x08009464                HAL_ETH_DMAErrorCallback
 .text.HAL_ETH_MACErrorCallback
                0x08009466        0x2 build/stm32h7xx_hal_eth.o
                0x08009466                HAL_ETH_MACErrorCallback
 .text.HAL_ETH_PMTCallback
                0x08009468        0x2 build/stm32h7xx_hal_eth.o
                0x08009468                HAL_ETH_PMTCallback
 .text.HAL_ETH_EEECallback
                0x0800946a        0x2 build/stm32h7xx_hal_eth.o
                0x0800946a                HAL_ETH_EEECallback
 .text.HAL_ETH_WakeUpCallback
                0x0800946c        0x2 build/stm32h7xx_hal_eth.o
                0x0800946c                HAL_ETH_WakeUpCallback
 .text.HAL_ETH_IRQHandler
                0x0800946e      0x178 build/stm32h7xx_hal_eth.o
                0x0800946e                HAL_ETH_IRQHandler
 .text.HAL_ETH_ReadPHYRegister
                0x080095e6       0x60 build/stm32h7xx_hal_eth.o
                0x080095e6                HAL_ETH_ReadPHYRegister
 *fill*         0x08009646        0x2 
 .text.HAL_ETH_WritePHYRegister
                0x08009648       0x68 build/stm32h7xx_hal_eth.o
                0x08009648                HAL_ETH_WritePHYRegister
 .text.HAL_ETH_GetMACConfig
                0x080096b0      0x1e6 build/stm32h7xx_hal_eth.o
                0x080096b0                HAL_ETH_GetMACConfig
 .text.HAL_ETH_SetMACConfig
                0x08009896       0x1a build/stm32h7xx_hal_eth.o
                0x08009896                HAL_ETH_SetMACConfig
 .text.HAL_ETH_SetMDIOClockRange
                0x080098b0       0x78 build/stm32h7xx_hal_eth.o
                0x080098b0                HAL_ETH_SetMDIOClockRange
 .text.FMC_NORSRAM_Init
                0x08009928       0x94 build/stm32h7xx_ll_fmc.o
                0x08009928                FMC_NORSRAM_Init
 .text.FMC_NORSRAM_Timing_Init
                0x080099bc       0x64 build/stm32h7xx_ll_fmc.o
                0x080099bc                FMC_NORSRAM_Timing_Init
 .text.FMC_NORSRAM_Extended_Timing_Init
                0x08009a20       0x44 build/stm32h7xx_ll_fmc.o
                0x08009a20                FMC_NORSRAM_Extended_Timing_Init
 .text.FMC_SDRAM_Init
                0x08009a64       0x74 build/stm32h7xx_ll_fmc.o
                0x08009a64                FMC_SDRAM_Init
 .text.FMC_SDRAM_Timing_Init
                0x08009ad8       0xa8 build/stm32h7xx_ll_fmc.o
                0x08009ad8                FMC_SDRAM_Timing_Init
 .text.FMC_SDRAM_SendCommand
                0x08009b80       0x30 build/stm32h7xx_ll_fmc.o
                0x08009b80                FMC_SDRAM_SendCommand
 .text.FMC_SDRAM_ProgramRefreshRate
                0x08009bb0       0x14 build/stm32h7xx_ll_fmc.o
                0x08009bb0                FMC_SDRAM_ProgramRefreshRate
 .text.HAL_SRAM_Init
                0x08009bc4       0x68 build/stm32h7xx_hal_sram.o
                0x08009bc4                HAL_SRAM_Init
 .text.HAL_SDRAM_Init
                0x08009c2c       0x50 build/stm32h7xx_hal_sdram.o
                0x08009c2c                HAL_SDRAM_Init
 .text.HAL_SDRAM_SendCommand
                0x08009c7c       0x42 build/stm32h7xx_hal_sdram.o
                0x08009c7c                HAL_SDRAM_SendCommand
 .text.HAL_SDRAM_ProgramRefreshRate
                0x08009cbe       0x32 build/stm32h7xx_hal_sdram.o
                0x08009cbe                HAL_SDRAM_ProgramRefreshRate
 .text.QSPI_WaitFlagStateUntilTimeout
                0x08009cf0       0x54 build/stm32h7xx_hal_qspi.o
 .text.HAL_QSPI_SetTimeout
                0x08009d44        0x4 build/stm32h7xx_hal_qspi.o
                0x08009d44                HAL_QSPI_SetTimeout
 .text.HAL_QSPI_Init
                0x08009d48       0xa8 build/stm32h7xx_hal_qspi.o
                0x08009d48                HAL_QSPI_Init
 .text.HAL_RTC_WaitForSynchro
                0x08009df0       0x32 build/stm32h7xx_hal_rtc.o
                0x08009df0                HAL_RTC_WaitForSynchro
 .text.RTC_EnterInitMode
                0x08009e22       0x44 build/stm32h7xx_hal_rtc.o
                0x08009e22                RTC_EnterInitMode
 *fill*         0x08009e66        0x2 
 .text.RTC_ExitInitMode
                0x08009e68       0x50 build/stm32h7xx_hal_rtc.o
                0x08009e68                RTC_ExitInitMode
 .text.HAL_RTC_Init
                0x08009eb8       0x98 build/stm32h7xx_hal_rtc.o
                0x08009eb8                HAL_RTC_Init
 .text.SDMMC_GetCmdError
                0x08009f50       0x3c build/stm32h7xx_ll_sdmmc.o
 .text.SDMMC_Init
                0x08009f8c       0x30 build/stm32h7xx_ll_sdmmc.o
                0x08009f8c                SDMMC_Init
 .text.SDMMC_ReadFIFO
                0x08009fbc        0x6 build/stm32h7xx_ll_sdmmc.o
                0x08009fbc                SDMMC_ReadFIFO
 .text.SDMMC_PowerState_ON
                0x08009fc2        0xc build/stm32h7xx_ll_sdmmc.o
                0x08009fc2                SDMMC_PowerState_ON
 .text.SDMMC_GetPowerState
                0x08009fce        0x8 build/stm32h7xx_ll_sdmmc.o
                0x08009fce                SDMMC_GetPowerState
 *fill*         0x08009fd6        0x2 
 .text.SDMMC_SendCommand
                0x08009fd8       0x24 build/stm32h7xx_ll_sdmmc.o
                0x08009fd8                SDMMC_SendCommand
 .text.SDMMC_GetCommandResponse
                0x08009ffc        0x6 build/stm32h7xx_ll_sdmmc.o
                0x08009ffc                SDMMC_GetCommandResponse
 .text.SDMMC_GetResponse
                0x0800a002        0x6 build/stm32h7xx_ll_sdmmc.o
                0x0800a002                SDMMC_GetResponse
 .text.SDMMC_ConfigData
                0x0800a008       0x24 build/stm32h7xx_ll_sdmmc.o
                0x0800a008                SDMMC_ConfigData
 .text.SDMMC_CmdGoIdleState
                0x0800a02c       0x26 build/stm32h7xx_ll_sdmmc.o
                0x0800a02c                SDMMC_CmdGoIdleState
 *fill*         0x0800a052        0x2 
 .text.SDMMC_GetCmdResp1
                0x0800a054      0x160 build/stm32h7xx_ll_sdmmc.o
                0x0800a054                SDMMC_GetCmdResp1
 .text.SDMMC_CmdBlockLength
                0x0800a1b4       0x32 build/stm32h7xx_ll_sdmmc.o
                0x0800a1b4                SDMMC_CmdBlockLength
 .text.SDMMC_CmdReadSingleBlock
                0x0800a1e6       0x32 build/stm32h7xx_ll_sdmmc.o
                0x0800a1e6                SDMMC_CmdReadSingleBlock
 .text.SDMMC_CmdReadMultiBlock
                0x0800a218       0x32 build/stm32h7xx_ll_sdmmc.o
                0x0800a218                SDMMC_CmdReadMultiBlock
 .text.SDMMC_CmdWriteSingleBlock
                0x0800a24a       0x32 build/stm32h7xx_ll_sdmmc.o
                0x0800a24a                SDMMC_CmdWriteSingleBlock
 .text.SDMMC_CmdWriteMultiBlock
                0x0800a27c       0x32 build/stm32h7xx_ll_sdmmc.o
                0x0800a27c                SDMMC_CmdWriteMultiBlock
 .text.SDMMC_CmdSelDesel
                0x0800a2ae       0x32 build/stm32h7xx_ll_sdmmc.o
                0x0800a2ae                SDMMC_CmdSelDesel
 .text.SDMMC_CmdAppCommand
                0x0800a2e0       0x32 build/stm32h7xx_ll_sdmmc.o
                0x0800a2e0                SDMMC_CmdAppCommand
 .text.SDMMC_CmdBusWidth
                0x0800a312       0x32 build/stm32h7xx_ll_sdmmc.o
                0x0800a312                SDMMC_CmdBusWidth
 .text.SDMMC_CmdSendSCR
                0x0800a344       0x32 build/stm32h7xx_ll_sdmmc.o
                0x0800a344                SDMMC_CmdSendSCR
 .text.SDMMC_CmdSendStatus
                0x0800a376       0x32 build/stm32h7xx_ll_sdmmc.o
                0x0800a376                SDMMC_CmdSendStatus
 .text.SDMMC_CmdStatusRegister
                0x0800a3a8       0x32 build/stm32h7xx_ll_sdmmc.o
                0x0800a3a8                SDMMC_CmdStatusRegister
 *fill*         0x0800a3da        0x2 
 .text.SDMMC_GetCmdResp2
                0x0800a3dc       0x60 build/stm32h7xx_ll_sdmmc.o
                0x0800a3dc                SDMMC_GetCmdResp2
 .text.SDMMC_CmdSendCID
                0x0800a43c       0x2c build/stm32h7xx_ll_sdmmc.o
                0x0800a43c                SDMMC_CmdSendCID
 .text.SDMMC_CmdSendCSD
                0x0800a468       0x2c build/stm32h7xx_ll_sdmmc.o
                0x0800a468                SDMMC_CmdSendCSD
 .text.SDMMC_GetCmdResp3
                0x0800a494       0x50 build/stm32h7xx_ll_sdmmc.o
                0x0800a494                SDMMC_GetCmdResp3
 .text.SDMMC_CmdAppOperCommand
                0x0800a4e4       0x2c build/stm32h7xx_ll_sdmmc.o
                0x0800a4e4                SDMMC_CmdAppOperCommand
 .text.SDMMC_GetCmdResp6
                0x0800a510       0xa4 build/stm32h7xx_ll_sdmmc.o
                0x0800a510                SDMMC_GetCmdResp6
 .text.SDMMC_CmdSetRelAdd
                0x0800a5b4       0x32 build/stm32h7xx_ll_sdmmc.o
                0x0800a5b4                SDMMC_CmdSetRelAdd
 *fill*         0x0800a5e6        0x2 
 .text.SDMMC_GetCmdResp7
                0x0800a5e8       0x64 build/stm32h7xx_ll_sdmmc.o
                0x0800a5e8                SDMMC_GetCmdResp7
 .text.SDMMC_CmdOperCond
                0x0800a64c       0x30 build/stm32h7xx_ll_sdmmc.o
                0x0800a64c                SDMMC_CmdOperCond
 .text.SD_PowerON
                0x0800a67c       0xc4 build/stm32h7xx_hal_sd.o
 .text.SD_SendSDStatus
                0x0800a740      0x108 build/stm32h7xx_hal_sd.o
 .text.SD_FindSCR
                0x0800a848      0x108 build/stm32h7xx_hal_sd.o
 .text.SD_WideBus_Enable
                0x0800a950       0x4e build/stm32h7xx_hal_sd.o
 .text.SD_WideBus_Disable
                0x0800a99e       0x4e build/stm32h7xx_hal_sd.o
 .text.SD_SendStatus
                0x0800a9ec       0x2c build/stm32h7xx_hal_sd.o
 .text.HAL_SD_ReadBlocks_DMA
                0x0800aa18       0xe0 build/stm32h7xx_hal_sd.o
                0x0800aa18                HAL_SD_ReadBlocks_DMA
 .text.HAL_SD_WriteBlocks_DMA
                0x0800aaf8       0xe0 build/stm32h7xx_hal_sd.o
                0x0800aaf8                HAL_SD_WriteBlocks_DMA
 .text.HAL_SD_GetCardCSD
                0x0800abd8      0x1b8 build/stm32h7xx_hal_sd.o
                0x0800abd8                HAL_SD_GetCardCSD
 .text.SD_InitCard
                0x0800ad90       0xfc build/stm32h7xx_hal_sd.o
 .text.HAL_SD_InitCard
                0x0800ae8c       0xc4 build/stm32h7xx_hal_sd.o
                0x0800ae8c                HAL_SD_InitCard
 .text.HAL_SD_GetCardStatus
                0x0800af50       0xd0 build/stm32h7xx_hal_sd.o
                0x0800af50                HAL_SD_GetCardStatus
 .text.HAL_SD_GetCardInfo
                0x0800b020       0x24 build/stm32h7xx_hal_sd.o
                0x0800b020                HAL_SD_GetCardInfo
 .text.HAL_SD_ConfigWideBusOperation
                0x0800b044      0x154 build/stm32h7xx_hal_sd.o
                0x0800b044                HAL_SD_ConfigWideBusOperation
 .text.HAL_SD_GetCardState
                0x0800b198       0x22 build/stm32h7xx_hal_sd.o
                0x0800b198                HAL_SD_GetCardState
 .text.HAL_SD_Init
                0x0800b1ba       0xba build/stm32h7xx_hal_sd.o
                0x0800b1ba                HAL_SD_Init
 .text.SPI_GetPacketSize
                0x0800b274       0x10 build/stm32h7xx_hal_spi.o
 .text.HAL_SPI_Init
                0x0800b284      0x168 build/stm32h7xx_hal_spi.o
                0x0800b284                HAL_SPI_Init
 .text.TIM_OC1_SetConfig
                0x0800b3ec       0xa8 build/stm32h7xx_hal_tim.o
 .text.TIM_OC3_SetConfig
                0x0800b494       0x94 build/stm32h7xx_hal_tim.o
 .text.TIM_OC4_SetConfig
                0x0800b528       0x74 build/stm32h7xx_hal_tim.o
 .text.TIM_OC5_SetConfig
                0x0800b59c       0x74 build/stm32h7xx_hal_tim.o
 .text.TIM_OC6_SetConfig
                0x0800b610       0x74 build/stm32h7xx_hal_tim.o
 .text.TIM_TI1_ConfigInputStage
                0x0800b684       0x26 build/stm32h7xx_hal_tim.o
 .text.TIM_TI2_ConfigInputStage
                0x0800b6aa       0x28 build/stm32h7xx_hal_tim.o
 *fill*         0x0800b6d2        0x2 
 .text.TIM_ITRx_SetConfig
                0x0800b6d4       0x14 build/stm32h7xx_hal_tim.o
 .text.HAL_TIM_Base_Start_IT
                0x0800b6e8       0x90 build/stm32h7xx_hal_tim.o
                0x0800b6e8                HAL_TIM_Base_Start_IT
 .text.HAL_TIM_PWM_MspInit
                0x0800b778        0x2 build/stm32h7xx_hal_tim.o
                0x0800b778                HAL_TIM_PWM_MspInit
 .text.HAL_TIM_OC_DelayElapsedCallback
                0x0800b77a        0x2 build/stm32h7xx_hal_tim.o
                0x0800b77a                HAL_TIM_OC_DelayElapsedCallback
 .text.HAL_TIM_IC_CaptureCallback
                0x0800b77c        0x2 build/stm32h7xx_hal_tim.o
                0x0800b77c                HAL_TIM_IC_CaptureCallback
 .text.HAL_TIM_PWM_PulseFinishedCallback
                0x0800b77e        0x2 build/stm32h7xx_hal_tim.o
                0x0800b77e                HAL_TIM_PWM_PulseFinishedCallback
 .text.HAL_TIM_TriggerCallback
                0x0800b780        0x2 build/stm32h7xx_hal_tim.o
                0x0800b780                HAL_TIM_TriggerCallback
 .text.HAL_TIM_IRQHandler
                0x0800b782      0x19a build/stm32h7xx_hal_tim.o
                0x0800b782                HAL_TIM_IRQHandler
 .text.TIM_Base_SetConfig
                0x0800b91c      0x104 build/stm32h7xx_hal_tim.o
                0x0800b91c                TIM_Base_SetConfig
 .text.HAL_TIM_Base_Init
                0x0800ba20       0x60 build/stm32h7xx_hal_tim.o
                0x0800ba20                HAL_TIM_Base_Init
 .text.HAL_TIM_PWM_Init
                0x0800ba80       0x60 build/stm32h7xx_hal_tim.o
                0x0800ba80                HAL_TIM_PWM_Init
 .text.HAL_TIM_Encoder_Init
                0x0800bae0       0xb4 build/stm32h7xx_hal_tim.o
                0x0800bae0                HAL_TIM_Encoder_Init
 .text.TIM_OC2_SetConfig
                0x0800bb94       0x94 build/stm32h7xx_hal_tim.o
                0x0800bb94                TIM_OC2_SetConfig
 .text.HAL_TIM_PWM_ConfigChannel
                0x0800bc28      0x13a build/stm32h7xx_hal_tim.o
                0x0800bc28                HAL_TIM_PWM_ConfigChannel
 .text.TIM_ETR_SetConfig
                0x0800bd62       0x1a build/stm32h7xx_hal_tim.o
                0x0800bd62                TIM_ETR_SetConfig
 .text.HAL_TIM_ConfigClockSource
                0x0800bd7c      0x138 build/stm32h7xx_hal_tim.o
                0x0800bd7c                HAL_TIM_ConfigClockSource
 .text.TIM_CCxNChannelCmd
                0x0800beb4       0x1e build/stm32h7xx_hal_tim_ex.o
 *fill*         0x0800bed2        0x2 
 .text.HAL_TIMEx_PWMN_Start
                0x0800bed4      0x100 build/stm32h7xx_hal_tim_ex.o
                0x0800bed4                HAL_TIMEx_PWMN_Start
 .text.HAL_TIMEx_MasterConfigSynchronization
                0x0800bfd4       0xa0 build/stm32h7xx_hal_tim_ex.o
                0x0800bfd4                HAL_TIMEx_MasterConfigSynchronization
 .text.HAL_TIMEx_ConfigBreakDeadTime
                0x0800c074       0x90 build/stm32h7xx_hal_tim_ex.o
                0x0800c074                HAL_TIMEx_ConfigBreakDeadTime
 .text.HAL_TIMEx_CommutCallback
                0x0800c104        0x2 build/stm32h7xx_hal_tim_ex.o
                0x0800c104                HAL_TIMEx_CommutCallback
 .text.HAL_TIMEx_BreakCallback
                0x0800c106        0x2 build/stm32h7xx_hal_tim_ex.o
                0x0800c106                HAL_TIMEx_BreakCallback
 .text.HAL_TIMEx_Break2Callback
                0x0800c108        0x2 build/stm32h7xx_hal_tim_ex.o
                0x0800c108                HAL_TIMEx_Break2Callback
 *fill*         0x0800c10a        0x2 
 .text.UART_SetConfig
                0x0800c10c      0x5f4 build/stm32h7xx_hal_uart.o
                0x0800c10c                UART_SetConfig
 .text.UART_AdvFeatureConfig
                0x0800c700       0xca build/stm32h7xx_hal_uart.o
                0x0800c700                UART_AdvFeatureConfig
 .text.UART_WaitOnFlagUntilTimeout
                0x0800c7ca       0xdc build/stm32h7xx_hal_uart.o
                0x0800c7ca                UART_WaitOnFlagUntilTimeout
 .text.HAL_UART_Transmit
                0x0800c8a6       0xda build/stm32h7xx_hal_uart.o
                0x0800c8a6                HAL_UART_Transmit
 .text.UART_CheckIdleState
                0x0800c980       0x74 build/stm32h7xx_hal_uart.o
                0x0800c980                UART_CheckIdleState
 .text.HAL_UART_Init
                0x0800c9f4       0x66 build/stm32h7xx_hal_uart.o
                0x0800c9f4                HAL_UART_Init
 *fill*         0x0800ca5a        0x2 
 .text.UARTEx_SetNbDataToProcess
                0x0800ca5c       0x4c build/stm32h7xx_hal_uart_ex.o
 .text.HAL_UARTEx_DisableFifoMode
                0x0800caa8       0x3e build/stm32h7xx_hal_uart_ex.o
                0x0800caa8                HAL_UARTEx_DisableFifoMode
 .text.HAL_UARTEx_SetTxFifoThreshold
                0x0800cae6       0x4a build/stm32h7xx_hal_uart_ex.o
                0x0800cae6                HAL_UARTEx_SetTxFifoThreshold
 .text.HAL_UARTEx_SetRxFifoThreshold
                0x0800cb30       0x4a build/stm32h7xx_hal_uart_ex.o
                0x0800cb30                HAL_UARTEx_SetRxFifoThreshold
 .text.HAL_PCD_Init
                0x0800cb7a      0x13c build/stm32h7xx_hal_pcd.o
                0x0800cb7a                HAL_PCD_Init
 *fill*         0x0800ccb6        0x2 
 .text.HAL_PCDEx_ActivateLPM
                0x0800ccb8       0x28 build/stm32h7xx_hal_pcd_ex.o
                0x0800ccb8                HAL_PCDEx_ActivateLPM
 .text.USB_CoreReset
                0x0800cce0       0x4c build/stm32h7xx_ll_usb.o
 .text.USB_CoreInit
                0x0800cd2c       0x9c build/stm32h7xx_ll_usb.o
                0x0800cd2c                USB_CoreInit
 .text.USB_DisableGlobalInt
                0x0800cdc8        0xc build/stm32h7xx_ll_usb.o
                0x0800cdc8                USB_DisableGlobalInt
 .text.USB_FlushTxFifo
                0x0800cdd4       0x4c build/stm32h7xx_ll_usb.o
                0x0800cdd4                USB_FlushTxFifo
 .text.USB_FlushRxFifo
                0x0800ce20       0x48 build/stm32h7xx_ll_usb.o
                0x0800ce20                USB_FlushRxFifo
 .text.USB_SetDevSpeed
                0x0800ce68        0xe build/stm32h7xx_ll_usb.o
                0x0800ce68                USB_SetDevSpeed
 *fill*         0x0800ce76        0x2 
 .text.USB_DevInit
                0x0800ce78      0x188 build/stm32h7xx_ll_usb.o
                0x0800ce78                USB_DevInit
 .text.USB_DevDisconnect
                0x0800d000       0x1c build/stm32h7xx_ll_usb.o
                0x0800d000                USB_DevDisconnect
 .text.USB_GetMode
                0x0800d01c        0x8 build/stm32h7xx_ll_usb.o
                0x0800d01c                USB_GetMode
 .text.USB_SetCurrentMode
                0x0800d024       0x62 build/stm32h7xx_ll_usb.o
                0x0800d024                USB_SetCurrentMode
 *fill*         0x0800d086        0x2 
 .text.SystemInit
                0x0800d088       0xcc build/system_stm32h7xx.o
                0x0800d088                SystemInit
 .text.StartDefaultTask
                0x0800d154       0x16 build/freertos.o
                0x0800d154                StartDefaultTask
 *fill*         0x0800d16a        0x2 
 .text.StartTask02
                0x0800d16c       0x1c build/freertos.o
                0x0800d16c                StartTask02
 .text.vApplicationGetIdleTaskMemory
                0x0800d188       0x18 build/freertos.o
                0x0800d188                vApplicationGetIdleTaskMemory
 .text.MX_FREERTOS_Init
                0x0800d1a0       0x5c build/freertos.o
                0x0800d1a0                MX_FREERTOS_Init
 .text.HAL_GPIO_EXTI_Callback
                0x0800d1fc       0x10 build/freertos.o
                0x0800d1fc                HAL_GPIO_EXTI_Callback
 .text.BSP_SD_ReadBlocks_DMA
                0x0800d20c       0x18 build/bsp_driver_sd.o
                0x0800d20c                BSP_SD_ReadBlocks_DMA
 .text.BSP_SD_WriteBlocks_DMA
                0x0800d224       0x18 build/bsp_driver_sd.o
                0x0800d224                BSP_SD_WriteBlocks_DMA
 .text.BSP_SD_GetCardState
                0x0800d23c       0x14 build/bsp_driver_sd.o
                0x0800d23c                BSP_SD_GetCardState
 .text.BSP_SD_GetCardInfo
                0x0800d250       0x10 build/bsp_driver_sd.o
                0x0800d250                BSP_SD_GetCardInfo
 .text.BSP_SD_IsDetected
                0x0800d260       0x20 build/bsp_driver_sd.o
                0x0800d260                BSP_SD_IsDetected
 .text.BSP_SD_Init
                0x0800d280       0x34 build/bsp_driver_sd.o
                0x0800d280                BSP_SD_Init
 .text.SD_CheckStatus
                0x0800d2b4       0x24 build/sd_diskio.o
 .text.SD_initialize
                0x0800d2d8       0x74 build/sd_diskio.o
                0x0800d2d8                SD_initialize
 .text.SD_status
                0x0800d34c        0x8 build/sd_diskio.o
                0x0800d34c                SD_status
 .text.SD_CheckStatusWithTimeout
                0x0800d354       0x26 build/sd_diskio.o
 *fill*         0x0800d37a        0x2 
 .text.SD_read  0x0800d37c       0x74 build/sd_diskio.o
                0x0800d37c                SD_read
 .text.SD_write
                0x0800d3f0       0x74 build/sd_diskio.o
                0x0800d3f0                SD_write
 .text.SD_ioctl
                0x0800d464       0x58 build/sd_diskio.o
                0x0800d464                SD_ioctl
 .text.BSP_PlatformIsDetected
                0x0800d4bc       0x18 build/fatfs_platform.o
                0x0800d4bc                BSP_PlatformIsDetected
 .text.MX_FATFS_Init
                0x0800d4d4       0x1c build/fatfs.o
                0x0800d4d4                MX_FATFS_Init
 .text.ETH_PHY_IO_DeInit
                0x0800d4f0        0x4 build/ethernetif.o
                0x0800d4f0                ETH_PHY_IO_DeInit
 .text.low_level_input
                0x0800d4f4       0xb4 build/ethernetif.o
 .text.ethernetif_input
                0x0800d5a8       0x3c build/ethernetif.o
                0x0800d5a8                ethernetif_input
 .text.low_level_output
                0x0800d5e4       0x90 build/ethernetif.o
 .text.low_level_init
                0x0800d674      0x1a4 build/ethernetif.o
 .text.pbuf_free_custom
                0x0800d818       0x10 build/ethernetif.o
                0x0800d818                pbuf_free_custom
 .text.ETH_PHY_IO_GetTick
                0x0800d828        0x8 build/ethernetif.o
                0x0800d828                ETH_PHY_IO_GetTick
 .text.ETH_PHY_IO_Init
                0x0800d830       0x10 build/ethernetif.o
                0x0800d830                ETH_PHY_IO_Init
 .text.ETH_PHY_IO_ReadReg
                0x0800d840       0x1c build/ethernetif.o
                0x0800d840                ETH_PHY_IO_ReadReg
 .text.ETH_PHY_IO_WriteReg
                0x0800d85c       0x1c build/ethernetif.o
                0x0800d85c                ETH_PHY_IO_WriteReg
 .text.HAL_ETH_MspInit
                0x0800d878      0x178 build/ethernetif.o
                0x0800d878                HAL_ETH_MspInit
 .text.HAL_ETH_RxCpltCallback
                0x0800d9f0       0x10 build/ethernetif.o
                0x0800d9f0                HAL_ETH_RxCpltCallback
 .text.ethernetif_init
                0x0800da00       0x48 build/ethernetif.o
                0x0800da00                ethernetif_init
 .text.sys_now  0x0800da48        0x8 build/ethernetif.o
                0x0800da48                sys_now
 .text.ethernet_link_thread
                0x0800da50       0xb4 build/ethernetif.o
                0x0800da50                ethernet_link_thread
 .text.ethernet_link_status_updated
                0x0800db04        0x2 build/lwip.o
 *fill*         0x0800db06        0x2 
 .text.MX_LWIP_Init
                0x0800db08      0x144 build/lwip.o
                0x0800db08                MX_LWIP_Init
 .text.LAN8742_RegisterBusIO
                0x0800dc4c       0x3e build/lan8742.o
                0x0800dc4c                LAN8742_RegisterBusIO
 .text.LAN8742_Init
                0x0800dc8a       0xce build/lan8742.o
                0x0800dc8a                LAN8742_Init
 .text.LAN8742_GetLinkState
                0x0800dd58       0xc2 build/lan8742.o
                0x0800dd58                LAN8742_GetLinkState
 *fill*         0x0800de1a        0x2 
 .text.FATFS_LinkDriverEx
                0x0800de1c       0x54 build/ff_gen_drv.o
                0x0800de1c                FATFS_LinkDriverEx
 .text.FATFS_LinkDriver
                0x0800de70        0xa build/ff_gen_drv.o
                0x0800de70                FATFS_LinkDriver
 .text.vListInitialise
                0x0800de7a       0x16 build/list.o
                0x0800de7a                vListInitialise
 .text.vListInitialiseItem
                0x0800de90        0x6 build/list.o
                0x0800de90                vListInitialiseItem
 .text.vListInsertEnd
                0x0800de96       0x16 build/list.o
                0x0800de96                vListInsertEnd
 .text.vListInsert
                0x0800deac       0x32 build/list.o
                0x0800deac                vListInsert
 .text.uxListRemove
                0x0800dede       0x26 build/list.o
                0x0800dede                uxListRemove
 .text.prvGetDisinheritPriorityAfterTimeout
                0x0800df04       0x10 build/queue.o
 .text.prvIsQueueFull
                0x0800df14       0x1e build/queue.o
 .text.prvIsQueueEmpty
                0x0800df32       0x1a build/queue.o
 .text.prvCopyDataToQueue
                0x0800df4c       0x76 build/queue.o
 .text.prvCopyDataFromQueue
                0x0800dfc2       0x24 build/queue.o
 .text.prvUnlockQueue
                0x0800dfe6       0x6e build/queue.o
 .text.xQueueGenericReset
                0x0800e054       0x84 build/queue.o
                0x0800e054                xQueueGenericReset
 .text.prvInitialiseNewQueue
                0x0800e0d8       0x1c build/queue.o
 .text.xQueueGenericCreateStatic
                0x0800e0f4       0xa6 build/queue.o
                0x0800e0f4                xQueueGenericCreateStatic
 .text.xQueueGenericCreate
                0x0800e19a       0x48 build/queue.o
                0x0800e19a                xQueueGenericCreate
 .text.xQueueGenericSend
                0x0800e1e2      0x188 build/queue.o
                0x0800e1e2                xQueueGenericSend
 .text.prvInitialiseMutex
                0x0800e36a       0x18 build/queue.o
 .text.xQueueCreateMutex
                0x0800e382       0x16 build/queue.o
                0x0800e382                xQueueCreateMutex
 .text.xQueueCreateMutexStatic
                0x0800e398       0x1e build/queue.o
                0x0800e398                xQueueCreateMutexStatic
 .text.xQueueGenericSendFromISR
                0x0800e3b6       0xce build/queue.o
                0x0800e3b6                xQueueGenericSendFromISR
 .text.xQueueGiveFromISR
                0x0800e484       0xb2 build/queue.o
                0x0800e484                xQueueGiveFromISR
 .text.xQueueReceive
                0x0800e536      0x15e build/queue.o
                0x0800e536                xQueueReceive
 .text.xQueueSemaphoreTake
                0x0800e694      0x1a6 build/queue.o
                0x0800e694                xQueueSemaphoreTake
 .text.xQueueReceiveFromISR
                0x0800e83a       0xa8 build/queue.o
                0x0800e83a                xQueueReceiveFromISR
 *fill*         0x0800e8e2        0x2 
 .text.prvResetNextTaskUnblockTime
                0x0800e8e4       0x2c build/tasks.o
 .text.prvInitialiseNewTask
                0x0800e910       0xa2 build/tasks.o
 *fill*         0x0800e9b2        0x2 
 .text.prvInitialiseTaskLists
                0x0800e9b4       0x68 build/tasks.o
 .text.prvAddNewTaskToReadyList
                0x0800ea1c       0xa8 build/tasks.o
 .text.prvDeleteTCB
                0x0800eac4       0x38 build/tasks.o
 .text.prvCheckTasksWaitingTermination
                0x0800eafc       0x4c build/tasks.o
 .text.prvIdleTask
                0x0800eb48       0x28 build/tasks.o
 .text.prvAddCurrentTaskToDelayedList
                0x0800eb70       0xa0 build/tasks.o
 .text.xTaskCreateStatic
                0x0800ec10       0x76 build/tasks.o
                0x0800ec10                xTaskCreateStatic
 .text.xTaskCreate
                0x0800ec86       0x68 build/tasks.o
                0x0800ec86                xTaskCreate
 *fill*         0x0800ecee        0x2 
 .text.vTaskStartScheduler
                0x0800ecf0       0x74 build/tasks.o
                0x0800ecf0                vTaskStartScheduler
 .text.vTaskSuspendAll
                0x0800ed64       0x10 build/tasks.o
                0x0800ed64                vTaskSuspendAll
 .text.xTaskGetTickCount
                0x0800ed74        0xc build/tasks.o
                0x0800ed74                xTaskGetTickCount
 .text.xTaskGetTickCountFromISR
                0x0800ed80       0x10 build/tasks.o
                0x0800ed80                xTaskGetTickCountFromISR
 .text.xTaskIncrementTick
                0x0800ed90      0x118 build/tasks.o
                0x0800ed90                xTaskIncrementTick
 .text.xTaskResumeAll
                0x0800eea8       0xf8 build/tasks.o
                0x0800eea8                xTaskResumeAll
 .text.vTaskDelay
                0x0800efa0       0x4c build/tasks.o
                0x0800efa0                vTaskDelay
 .text.vTaskSwitchContext
                0x0800efec       0x98 build/tasks.o
                0x0800efec                vTaskSwitchContext
 .text.vTaskPlaceOnEventList
                0x0800f084       0x30 build/tasks.o
                0x0800f084                vTaskPlaceOnEventList
 .text.xTaskRemoveFromEventList
                0x0800f0b4       0x8c build/tasks.o
                0x0800f0b4                xTaskRemoveFromEventList
 .text.vTaskInternalSetTimeOutState
                0x0800f140       0x18 build/tasks.o
                0x0800f140                vTaskInternalSetTimeOutState
 .text.xTaskCheckForTimeOut
                0x0800f158       0x84 build/tasks.o
                0x0800f158                xTaskCheckForTimeOut
 .text.vTaskMissedYield
                0x0800f1dc        0xc build/tasks.o
                0x0800f1dc                vTaskMissedYield
 .text.xTaskGetSchedulerState
                0x0800f1e8       0x20 build/tasks.o
                0x0800f1e8                xTaskGetSchedulerState
 .text.xTaskPriorityInherit
                0x0800f208       0xac build/tasks.o
                0x0800f208                xTaskPriorityInherit
 .text.xTaskPriorityDisinherit
                0x0800f2b4       0xb4 build/tasks.o
                0x0800f2b4                xTaskPriorityDisinherit
 .text.vTaskPriorityDisinheritAfterTimeout
                0x0800f368       0xb4 build/tasks.o
                0x0800f368                vTaskPriorityDisinheritAfterTimeout
 .text.pvTaskIncrementMutexHeldCount
                0x0800f41c       0x1c build/tasks.o
                0x0800f41c                pvTaskIncrementMutexHeldCount
 .text.makeFreeRtosPriority
                0x0800f438        0xc build/cmsis_os.o
 .text.inHandlerMode
                0x0800f444        0xc build/cmsis_os.o
 .text.osKernelStart
                0x0800f450        0xa build/cmsis_os.o
                0x0800f450                osKernelStart
 .text.osKernelRunning
                0x0800f45a       0x12 build/cmsis_os.o
                0x0800f45a                osKernelRunning
 .text.osKernelSysTick
                0x0800f46c       0x14 build/cmsis_os.o
                0x0800f46c                osKernelSysTick
 .text.osThreadCreate
                0x0800f480       0x6a build/cmsis_os.o
                0x0800f480                osThreadCreate
 .text.osDelay  0x0800f4ea        0xe build/cmsis_os.o
                0x0800f4ea                osDelay
 .text.osMutexCreate
                0x0800f4f8       0x16 build/cmsis_os.o
                0x0800f4f8                osMutexCreate
 .text.osMutexWait
                0x0800f50e       0x60 build/cmsis_os.o
                0x0800f50e                osMutexWait
 .text.osMutexRelease
                0x0800f56e       0x5a build/cmsis_os.o
                0x0800f56e                osMutexRelease
 .text.osSemaphoreCreate
                0x0800f5c8       0x48 build/cmsis_os.o
                0x0800f5c8                osSemaphoreCreate
 .text.osSemaphoreWait
                0x0800f610       0x5e build/cmsis_os.o
                0x0800f610                osSemaphoreWait
 .text.osSemaphoreRelease
                0x0800f66e       0x5a build/cmsis_os.o
                0x0800f66e                osSemaphoreRelease
 .text.osMessageCreate
                0x0800f6c8       0x2a build/cmsis_os.o
                0x0800f6c8                osMessageCreate
 .text.osMessagePut
                0x0800f6f2       0x66 build/cmsis_os.o
                0x0800f6f2                osMessagePut
 .text.osMessageGet
                0x0800f758       0x88 build/cmsis_os.o
                0x0800f758                osMessageGet
 .text.prvHeapInit
                0x0800f7e0       0x64 build/heap_4.o
 .text.prvInsertBlockIntoFreeList
                0x0800f844       0x64 build/heap_4.o
 .text.pvPortMalloc
                0x0800f8a8       0xfc build/heap_4.o
                0x0800f8a8                pvPortMalloc
 .text.vPortFree
                0x0800f9a4       0x7c build/heap_4.o
                0x0800f9a4                vPortFree
 .text.prvTaskExitError
                0x0800fa20       0x40 build/port.o
 .text.prvPortStartFirstTask
                0x0800fa60       0x28 build/port.o
 .text.vPortEnableVFP
                0x0800fa88       0x14 build/port.o
 .text.pxPortInitialiseStack
                0x0800fa9c       0x2c build/port.o
                0x0800fa9c                pxPortInitialiseStack
 *fill*         0x0800fac8        0x8 
 .text.SVC_Handler
                0x0800fad0       0x24 build/port.o
                0x0800fad0                SVC_Handler
 .text.vPortEnterCritical
                0x0800faf4       0x44 build/port.o
                0x0800faf4                vPortEnterCritical
 .text.vPortExitCritical
                0x0800fb38       0x2c build/port.o
                0x0800fb38                vPortExitCritical
 *fill*         0x0800fb64        0xc 
 .text.PendSV_Handler
                0x0800fb70       0x64 build/port.o
                0x0800fb70                PendSV_Handler
 .text.SysTick_Handler
                0x0800fbd4       0x2c build/port.o
                0x0800fbd4                SysTick_Handler
 .text.vPortSetupTimerInterrupt
                0x0800fc00       0x28 build/port.o
                0x0800fc00                vPortSetupTimerInterrupt
 .text.xPortStartScheduler
                0x0800fc28      0x118 build/port.o
                0x0800fc28                xPortStartScheduler
 .text.vPortValidateInterruptPriority
                0x0800fd40       0x5c build/port.o
                0x0800fd40                vPortValidateInterruptPriority
 .text.ethernet_input
                0x0800fd9c       0xa8 build/ethernet.o
                0x0800fd9c                ethernet_input
 .text.ethernet_output
                0x0800fe44       0x70 build/ethernet.o
                0x0800fe44                ethernet_output
 .text.httpd_init_pcb
                0x0800feb4       0x6c build/httpd.o
 .text.get_tag_insert
                0x0800ff20      0x11c build/httpd.o
 .text.http_write
                0x0801003c       0xa0 build/httpd.o
 .text.http_send_data_ssi
                0x080100dc      0x38c build/httpd.o
 .text.http_send_data_nonssi
                0x08010468       0x44 build/httpd.o
 .text.http_ssi_state_free
                0x080104ac        0xc build/httpd.o
 .text.http_state_eof
                0x080104b8       0x2a build/httpd.o
 .text.http_state_free
                0x080104e2       0x14 build/httpd.o
 *fill*         0x080104f6        0x2 
 .text.http_close_or_abort_conn
                0x080104f8       0x64 build/httpd.o
 .text.http_close_conn
                0x0801055c        0xa build/httpd.o
 .text.http_eof
                0x08010566        0x8 build/httpd.o
 *fill*         0x0801056e        0x2 
 .text.http_check_eof
                0x08010570       0x48 build/httpd.o
 .text.http_send
                0x080105b8       0x54 build/httpd.o
 .text.http_sent
                0x0801060c       0x1c build/httpd.o
 .text.http_err
                0x08010628        0xc build/httpd.o
 .text.http_poll
                0x08010634       0x42 build/httpd.o
 *fill*         0x08010676        0x2 
 .text.http_get_404_file
                0x08010678       0x44 build/httpd.o
 .text.extract_uri_parameters
                0x080106bc       0x8a build/httpd.o
 *fill*         0x08010746        0x2 
 .text.http_uri_is_ssi
                0x08010748       0x60 build/httpd.o
 .text.http_ssi_state_alloc
                0x080107a8       0x18 build/httpd.o
 .text.http_init_file
                0x080107c0       0xe0 build/httpd.o
 .text.http_find_file
                0x080108a0      0x1b4 build/httpd.o
 .text.http_parse_request
                0x08010a54      0x154 build/httpd.o
 .text.http_recv
                0x08010ba8       0xc0 build/httpd.o
 .text.http_state_init
                0x08010c68        0xc build/httpd.o
 .text.http_state_alloc
                0x08010c74       0x14 build/httpd.o
 .text.http_accept
                0x08010c88       0x70 build/httpd.o
 .text.httpd_init
                0x08010cf8       0x3c build/httpd.o
                0x08010cf8                httpd_init
 .text.http_set_ssi_handler
                0x08010d34       0x70 build/httpd.o
                0x08010d34                http_set_ssi_handler
 .text.http_set_cgi_handlers
                0x08010da4       0x50 build/httpd.o
                0x08010da4                http_set_cgi_handlers
 .text.fs_open  0x08010df4       0x44 build/fs.o
                0x08010df4                fs_open
 .text.fs_close
                0x08010e38        0x2 build/fs.o
                0x08010e38                fs_close
 .text.fs_bytes_left
                0x08010e3a        0x8 build/fs.o
                0x08010e3a                fs_bytes_left
 *fill*         0x08010e42        0x2 
 .text.tcpip_timeouts_mbox_fetch
                0x08010e44       0x60 build/tcpip.o
 .text.tcpip_thread_handle_msg
                0x08010ea4       0x60 build/tcpip.o
 .text.tcpip_thread
                0x08010f04       0x54 build/tcpip.o
 .text.tcpip_inpkt
                0x08010f58       0x64 build/tcpip.o
                0x08010f58                tcpip_inpkt
 .text.tcpip_input
                0x08010fbc       0x24 build/tcpip.o
                0x08010fbc                tcpip_input
 .text.tcpip_try_callback
                0x08010fe0       0x60 build/tcpip.o
                0x08010fe0                tcpip_try_callback
 .text.tcpip_init
                0x08011040       0x84 build/tcpip.o
                0x08011040                tcpip_init
 .text.lwip_htons
                0x080110c4        0xa build/def.o
                0x080110c4                lwip_htons
 .text.lwip_htonl
                0x080110ce       0x18 build/def.o
                0x080110ce                lwip_htonl
 .text.lwip_strnstr
                0x080110e6       0x50 build/def.o
                0x080110e6                lwip_strnstr
 .text.lwip_stricmp
                0x08011136       0x3a build/def.o
                0x08011136                lwip_stricmp
 .text.lwip_standard_chksum
                0x08011170       0x68 build/inet_chksum.o
                0x08011170                lwip_standard_chksum
 .text.inet_chksum
                0x080111d8        0xc build/inet_chksum.o
                0x080111d8                inet_chksum
 .text.inet_chksum_pbuf
                0x080111e4       0x48 build/inet_chksum.o
                0x080111e4                inet_chksum_pbuf
 .text.lwip_init
                0x0801122c       0x20 build/init.o
                0x0801122c                lwip_init
 .text.ptr_to_mem
                0x0801124c        0xc build/mem.o
 .text.mem_to_ptr
                0x08011258       0x10 build/mem.o
 .text.mem_link_valid
                0x08011268       0x5c build/mem.o
 .text.plug_holes
                0x080112c4      0x100 build/mem.o
 .text.mem_init
                0x080113c4       0x68 build/mem.o
                0x080113c4                mem_init
 .text.mem_free
                0x0801142c       0xf0 build/mem.o
                0x0801142c                mem_free
 .text.mem_trim
                0x0801151c      0x1a4 build/mem.o
                0x0801151c                mem_trim
 .text.mem_malloc
                0x080116c0      0x184 build/mem.o
                0x080116c0                mem_malloc
 .text.do_memp_malloc_pool
                0x08011844       0x48 build/memp.o
 .text.do_memp_free_pool
                0x0801188c       0x3c build/memp.o
 .text.memp_init_pool
                0x080118c8       0x28 build/memp.o
                0x080118c8                memp_init_pool
 .text.memp_init
                0x080118f0       0x20 build/memp.o
                0x080118f0                memp_init
 .text.memp_malloc_pool
                0x08011910       0x30 build/memp.o
                0x08011910                memp_malloc_pool
 .text.memp_malloc
                0x08011940       0x34 build/memp.o
                0x08011940                memp_malloc
 .text.memp_free_pool
                0x08011974       0x38 build/memp.o
                0x08011974                memp_free_pool
 .text.memp_free
                0x080119ac       0x34 build/memp.o
                0x080119ac                memp_free
 .text.netif_do_set_netmask
                0x080119e0       0x18 build/netif.o
 .text.netif_do_set_gw
                0x080119f8       0x18 build/netif.o
 .text.netif_null_output_ip4
                0x08011a10        0x6 build/netif.o
 .text.netif_do_ip_addr_changed
                0x08011a16       0x14 build/netif.o
 *fill*         0x08011a2a        0x2 
 .text.netif_issue_reports
                0x08011a2c       0x4c build/netif.o
 .text.netif_do_set_ipaddr
                0x08011a78       0x6c build/netif.o
 .text.netif_init
                0x08011ae4        0x2 build/netif.o
                0x08011ae4                netif_init
 *fill*         0x08011ae6        0x2 
 .text.netif_set_addr
                0x08011ae8       0x6c build/netif.o
                0x08011ae8                netif_set_addr
 .text.netif_add
                0x08011b54      0x124 build/netif.o
                0x08011b54                netif_add
 .text.netif_set_default
                0x08011c78        0xc build/netif.o
                0x08011c78                netif_set_default
 .text.netif_set_up
                0x08011c84       0x3c build/netif.o
                0x08011c84                netif_set_up
 .text.netif_set_down
                0x08011cc0       0x40 build/netif.o
                0x08011cc0                netif_set_down
 .text.netif_set_link_up
                0x08011d00       0x48 build/netif.o
                0x08011d00                netif_set_link_up
 .text.netif_set_link_down
                0x08011d48       0x3c build/netif.o
                0x08011d48                netif_set_link_down
 .text.netif_set_link_callback
                0x08011d84        0x6 build/netif.o
                0x08011d84                netif_set_link_callback
 *fill*         0x08011d8a        0x2 
 .text.netif_get_by_index
                0x08011d8c       0x24 build/netif.o
                0x08011d8c                netif_get_by_index
 .text.pbuf_init_alloced_pbuf
                0x08011db0       0x24 build/pbuf.o
 .text.pbuf_add_header_impl
                0x08011dd4       0x7c build/pbuf.o
 .text.pbuf_pool_is_empty
                0x08011e50       0x3c build/pbuf.o
 .text.pbuf_free_ooseq
                0x08011e8c       0x30 build/pbuf.o
 .text.pbuf_free_ooseq_callback
                0x08011ebc        0x8 build/pbuf.o
 .text.pbuf_alloc_reference
                0x08011ec4       0x50 build/pbuf.o
                0x08011ec4                pbuf_alloc_reference
 .text.pbuf_alloced_custom
                0x08011f14       0x3e build/pbuf.o
                0x08011f14                pbuf_alloced_custom
 .text.pbuf_add_header
                0x08011f52        0xa build/pbuf.o
                0x08011f52                pbuf_add_header
 .text.pbuf_remove_header
                0x08011f5c       0x6c build/pbuf.o
                0x08011f5c                pbuf_remove_header
 .text.pbuf_header_impl
                0x08011fc8       0x14 build/pbuf.o
 .text.pbuf_header_force
                0x08011fdc        0xa build/pbuf.o
                0x08011fdc                pbuf_header_force
 *fill*         0x08011fe6        0x2 
 .text.pbuf_free
                0x08011fe8       0xd0 build/pbuf.o
                0x08011fe8                pbuf_free
 .text.pbuf_alloc
                0x080120b8      0x15c build/pbuf.o
                0x080120b8                pbuf_alloc
 .text.pbuf_realloc
                0x08012214       0xa8 build/pbuf.o
                0x08012214                pbuf_realloc
 .text.pbuf_clen
                0x080122bc       0x12 build/pbuf.o
                0x080122bc                pbuf_clen
 *fill*         0x080122ce        0x2 
 .text.pbuf_ref
                0x080122d0       0x38 build/pbuf.o
                0x080122d0                pbuf_ref
 .text.pbuf_cat
                0x08012308       0x78 build/pbuf.o
                0x08012308                pbuf_cat
 .text.pbuf_copy
                0x08012380      0x128 build/pbuf.o
                0x08012380                pbuf_copy
 .text.pbuf_copy_partial
                0x080124a8       0x94 build/pbuf.o
                0x080124a8                pbuf_copy_partial
 .text.pbuf_clone
                0x0801253c       0x38 build/pbuf.o
                0x0801253c                pbuf_clone
 .text.tcp_new_port
                0x08012574       0x68 build/tcp.o
 .text.tcp_remove_listener
                0x080125dc       0x34 build/tcp.o
 .text.tcp_listen_closed
                0x08012610       0x5c build/tcp.o
 .text.tcp_free_listen
                0x0801266c       0x30 build/tcp.o
 .text.tcp_close_shutdown_fin
                0x0801269c       0x84 build/tcp.o
 .text.tcp_handle_closepend
                0x08012720       0x2c build/tcp.o
 .text.tcp_init
                0x0801274c       0x18 build/tcp.o
                0x0801274c                tcp_init
 .text.tcp_free
                0x08012764       0x30 build/tcp.o
                0x08012764                tcp_free
 .text.tcp_bind
                0x08012794       0xcc build/tcp.o
                0x08012794                tcp_bind
 .text.tcp_listen_with_backlog_and_err
                0x08012860       0xe0 build/tcp.o
                0x08012860                tcp_listen_with_backlog_and_err
 .text.tcp_listen_with_backlog
                0x08012940        0xa build/tcp.o
                0x08012940                tcp_listen_with_backlog
 *fill*         0x0801294a        0x2 
 .text.tcp_update_rcv_ann_wnd
                0x0801294c       0x78 build/tcp.o
                0x0801294c                tcp_update_rcv_ann_wnd
 .text.tcp_recved
                0x080129c4       0x78 build/tcp.o
                0x080129c4                tcp_recved
 .text.tcp_seg_free
                0x08012a3c       0x1a build/tcp.o
                0x08012a3c                tcp_seg_free
 .text.tcp_segs_free
                0x08012a56       0x14 build/tcp.o
                0x08012a56                tcp_segs_free
 *fill*         0x08012a6a        0x2 
 .text.tcp_setprio
                0x08012a6c       0x24 build/tcp.o
                0x08012a6c                tcp_setprio
 .text.tcp_seg_copy
                0x08012a90       0x48 build/tcp.o
                0x08012a90                tcp_seg_copy
 .text.tcp_arg  0x08012ad8        0x6 build/tcp.o
                0x08012ad8                tcp_arg
 *fill*         0x08012ade        0x2 
 .text.tcp_recv
                0x08012ae0       0x34 build/tcp.o
                0x08012ae0                tcp_recv
 .text.tcp_sent
                0x08012b14       0x34 build/tcp.o
                0x08012b14                tcp_sent
 .text.tcp_err  0x08012b48       0x34 build/tcp.o
                0x08012b48                tcp_err
 .text.tcp_accept
                0x08012b7c        0xe build/tcp.o
                0x08012b7c                tcp_accept
 *fill*         0x08012b8a        0x2 
 .text.tcp_poll
                0x08012b8c       0x48 build/tcp.o
                0x08012b8c                tcp_poll
 .text.tcp_next_iss
                0x08012bd4       0x38 build/tcp.o
                0x08012bd4                tcp_next_iss
 .text.tcp_eff_send_mss_netif
                0x08012c0c       0x40 build/tcp.o
                0x08012c0c                tcp_eff_send_mss_netif
 .text.tcp_free_ooseq
                0x08012c4c       0x12 build/tcp.o
                0x08012c4c                tcp_free_ooseq
 *fill*         0x08012c5e        0x2 
 .text.tcp_pcb_purge
                0x08012c60       0x64 build/tcp.o
                0x08012c60                tcp_pcb_purge
 .text.tcp_pcb_remove
                0x08012cc4       0xd0 build/tcp.o
                0x08012cc4                tcp_pcb_remove
 .text.tcp_abandon
                0x08012d94      0x10c build/tcp.o
                0x08012d94                tcp_abandon
 .text.tcp_abort
                0x08012ea0        0xa build/tcp.o
                0x08012ea0                tcp_abort
 *fill*         0x08012eaa        0x2 
 .text.tcp_accept_null
                0x08012eac       0x30 build/tcp.o
 .text.tcp_kill_timewait
                0x08012edc       0x34 build/tcp.o
 .text.tcp_kill_prio
                0x08012f10       0x58 build/tcp.o
 .text.tcp_netif_ip_addr_changed_pcblist
                0x08012f68       0x40 build/tcp.o
 .text.tcp_netif_ip_addr_changed
                0x08012fa8       0x54 build/tcp.o
                0x08012fa8                tcp_netif_ip_addr_changed
 .text.tcp_kill_state
                0x08012ffc       0x64 build/tcp.o
 .text.tcp_alloc
                0x08013060       0xc4 build/tcp.o
                0x08013060                tcp_alloc
 .text.tcp_new_ip_type
                0x08013124        0xa build/tcp.o
                0x08013124                tcp_new_ip_type
 *fill*         0x0801312e        0x2 
 .text.tcp_close_shutdown
                0x08013130      0x148 build/tcp.o
 .text.tcp_close
                0x08013278       0x40 build/tcp.o
                0x08013278                tcp_close
 .text.tcp_recv_null
                0x080132b8       0x48 build/tcp.o
                0x080132b8                tcp_recv_null
 .text.tcp_process_refused_data
                0x08013300       0x8c build/tcp.o
                0x08013300                tcp_process_refused_data
 .text.tcp_fasttmr
                0x0801338c       0x80 build/tcp.o
                0x0801338c                tcp_fasttmr
 .text.tcp_slowtmr
                0x0801340c      0x4a8 build/tcp.o
                0x0801340c                tcp_slowtmr
 .text.tcp_tmr  0x080138b4       0x24 build/tcp.o
                0x080138b4                tcp_tmr
 .text.tcp_get_next_optbyte
                0x080138d8       0x3c build/tcp_in.o
 .text.tcp_parseopt
                0x08013914       0xa4 build/tcp_in.o
 .text.tcp_input_delayed_close
                0x080139b8       0x60 build/tcp_in.o
 .text.tcp_timewait_input
                0x08013a18       0xb8 build/tcp_in.o
 .text.tcp_listen_input
                0x08013ad0      0x150 build/tcp_in.o
 .text.tcp_free_acked_segments
                0x08013c20       0xc0 build/tcp_in.o
 .text.tcp_oos_insert_segment
                0x08013ce0       0xa8 build/tcp_in.o
 .text.tcp_receive
                0x08013d88      0x948 build/tcp_in.o
 .text.tcp_process
                0x080146d0      0x584 build/tcp_in.o
 .text.tcp_input
                0x08014c54      0x5a0 build/tcp_in.o
                0x08014c54                tcp_input
 .text.tcp_trigger_input_pcb_close
                0x080151f4       0x10 build/tcp_in.o
                0x080151f4                tcp_trigger_input_pcb_close
 .text.tcp_write_checks
                0x08015204       0xbc build/tcp_out.o
 .text.tcp_output_segment_busy
                0x080152c0       0x34 build/tcp_out.o
 .text.tcp_output_fill_options
                0x080152f4       0x4c build/tcp_out.o
 .text.tcp_pbuf_prealloc
                0x08015340       0xbc build/tcp_out.o
 .text.tcp_create_segment
                0x080153fc       0xe8 build/tcp_out.o
 .text.tcp_output_alloc_header_common
                0x080154e4       0x98 build/tcp_out.o
 .text.tcp_output_alloc_header
                0x0801557c       0x54 build/tcp_out.o
 .text.tcp_route
                0x080155d0       0x16 build/tcp_out.o
 *fill*         0x080155e6        0x2 
 .text.tcp_output_segment
                0x080155e8      0x13c build/tcp_out.o
 .text.tcp_output_control_segment
                0x08015724       0x6c build/tcp_out.o
 .text.tcp_write
                0x08015790      0x56c build/tcp_out.o
                0x08015790                tcp_write
 .text.tcp_split_unsent_seg
                0x08015cfc      0x1b8 build/tcp_out.o
                0x08015cfc                tcp_split_unsent_seg
 .text.tcp_enqueue_flags
                0x08015eb4      0x160 build/tcp_out.o
                0x08015eb4                tcp_enqueue_flags
 .text.tcp_send_fin
                0x08016014       0x64 build/tcp_out.o
                0x08016014                tcp_send_fin
 .text.tcp_rexmit_rto_prepare
                0x08016078       0x94 build/tcp_out.o
                0x08016078                tcp_rexmit_rto_prepare
 .text.tcp_rexmit
                0x0801610c       0x88 build/tcp_out.o
                0x0801610c                tcp_rexmit
 .text.tcp_rexmit_fast
                0x08016194       0x78 build/tcp_out.o
                0x08016194                tcp_rexmit_fast
 .text.tcp_rst  0x0801620c       0x90 build/tcp_out.o
                0x0801620c                tcp_rst
 .text.tcp_send_empty_ack
                0x0801629c       0x74 build/tcp_out.o
                0x0801629c                tcp_send_empty_ack
 .text.tcp_output
                0x08016310      0x2ac build/tcp_out.o
                0x08016310                tcp_output
 .text.tcp_rexmit_rto_commit
                0x080165bc       0x38 build/tcp_out.o
                0x080165bc                tcp_rexmit_rto_commit
 .text.tcp_rexmit_rto
                0x080165f4       0x34 build/tcp_out.o
                0x080165f4                tcp_rexmit_rto
 .text.tcp_keepalive
                0x08016628       0x5c build/tcp_out.o
                0x08016628                tcp_keepalive
 .text.tcp_zero_window_probe
                0x08016684       0xdc build/tcp_out.o
                0x08016684                tcp_zero_window_probe
 .text.sys_timeout_abs
                0x08016760       0x70 build/timeouts.o
 .text.lwip_cyclic_timer
                0x080167d0       0x40 build/timeouts.o
 .text.sys_timeout
                0x08016810       0x3c build/timeouts.o
                0x08016810                sys_timeout
 .text.tcp_timer_needed
                0x0801684c       0x3c build/timeouts.o
                0x0801684c                tcp_timer_needed
 .text.tcpip_tcp_timer
                0x08016888       0x38 build/timeouts.o
 .text.sys_timeouts_init
                0x080168c0       0x28 build/timeouts.o
                0x080168c0                sys_timeouts_init
 .text.sys_check_timeouts
                0x080168e8       0x40 build/timeouts.o
                0x080168e8                sys_check_timeouts
 .text.sys_timeouts_sleeptime
                0x08016928       0x48 build/timeouts.o
                0x08016928                sys_timeouts_sleeptime
 .text.udp_input_local_match
                0x08016970       0xa0 build/udp.o
 .text.udp_init
                0x08016a10       0x18 build/udp.o
                0x08016a10                udp_init
 .text.udp_input
                0x08016a28      0x184 build/udp.o
                0x08016a28                udp_input
 .text.udp_netif_ip_addr_changed
                0x08016bac       0x38 build/udp.o
                0x08016bac                udp_netif_ip_addr_changed
 .text.etharp_free_entry
                0x08016be4       0x34 build/etharp.o
 .text.etharp_find_entry
                0x08016c18      0x1f0 build/etharp.o
 .text.etharp_update_arp_entry
                0x08016e08       0xc4 build/etharp.o
 .text.etharp_raw
                0x08016ecc       0xe8 build/etharp.o
 .text.etharp_request_dst
                0x08016fb4       0x24 build/etharp.o
 .text.etharp_cleanup_netif
                0x08016fd8       0x3c build/etharp.o
                0x08016fd8                etharp_cleanup_netif
 .text.etharp_input
                0x08017014       0xb8 build/etharp.o
                0x08017014                etharp_input
 .text.etharp_request
                0x080170cc       0x10 build/etharp.o
                0x080170cc                etharp_request
 .text.etharp_tmr
                0x080170dc       0x88 build/etharp.o
                0x080170dc                etharp_tmr
 .text.etharp_output_to_arp_index
                0x08017164       0xdc build/etharp.o
 .text.etharp_query
                0x08017240      0x1b8 build/etharp.o
                0x08017240                etharp_query
 .text.etharp_output
                0x080173f8      0x168 build/etharp.o
                0x080173f8                etharp_output
 .text.icmp_send_response
                0x08017560       0xb8 build/icmp.o
 .text.icmp_input
                0x08017618      0x170 build/icmp.o
                0x08017618                icmp_input
 .text.icmp_dest_unreach
                0x08017788        0xc build/icmp.o
                0x08017788                icmp_dest_unreach
 .text.icmp_time_exceeded
                0x08017794        0xc build/icmp.o
                0x08017794                icmp_time_exceeded
 .text.ip4_input_accept
                0x080177a0       0x34 build/ip4.o
 .text.ip4_route
                0x080177d4       0xac build/ip4.o
                0x080177d4                ip4_route
 .text.ip4_input
                0x08017880      0x1a0 build/ip4.o
                0x08017880                ip4_input
 .text.ip4_output_if_src
                0x08017a20      0x100 build/ip4.o
                0x08017a20                ip4_output_if_src
 .text.ip4_output_if
                0x08017b20       0x2a build/ip4.o
                0x08017b20                ip4_output_if
 .text.ip4_addr_isbroadcast_u32
                0x08017b4a       0x40 build/ip4_addr.o
                0x08017b4a                ip4_addr_isbroadcast_u32
 *fill*         0x08017b8a        0x2 
 .text.ip_reass_dequeue_datagram
                0x08017b8c       0x48 build/ip4_frag.o
 .text.ip_reass_free_complete_datagram
                0x08017bd4       0xfc build/ip4_frag.o
 .text.ip_reass_remove_oldest_datagram
                0x08017cd0       0x80 build/ip4_frag.o
 .text.ip_frag_free_pbuf_custom_ref
                0x08017d50       0x2c build/ip4_frag.o
 .text.ipfrag_free_pbuf_custom
                0x08017d7c       0x34 build/ip4_frag.o
 .text.ip_reass_chain_frag_into_datagram_and_validate
                0x08017db0      0x1a0 build/ip4_frag.o
 .text.ip_frag_alloc_pbuf_custom_ref
                0x08017f50        0xa build/ip4_frag.o
 *fill*         0x08017f5a        0x2 
 .text.ip_reass_enqueue_new_datagram
                0x08017f5c       0x60 build/ip4_frag.o
 .text.ip_reass_tmr
                0x08017fbc       0x2c build/ip4_frag.o
                0x08017fbc                ip_reass_tmr
 .text.ip4_reass
                0x08017fe8      0x210 build/ip4_frag.o
                0x08017fe8                ip4_reass
 .text.ip4_frag
                0x080181f8      0x1f8 build/ip4_frag.o
                0x080181f8                ip4_frag
 .text.sys_mbox_new
                0x080183f0       0x28 build/sys_arch.o
                0x080183f0                sys_mbox_new
 .text.sys_mbox_trypost
                0x08018418       0x14 build/sys_arch.o
                0x08018418                sys_mbox_trypost
 .text.sys_arch_mbox_fetch
                0x0801842c       0x58 build/sys_arch.o
                0x0801842c                sys_arch_mbox_fetch
 .text.sys_mbox_valid
                0x08018484        0xc build/sys_arch.o
                0x08018484                sys_mbox_valid
 .text.sys_init
                0x08018490       0x18 build/sys_arch.o
                0x08018490                sys_init
 .text.sys_mutex_new
                0x080184a8       0x22 build/sys_arch.o
                0x080184a8                sys_mutex_new
 .text.sys_mutex_lock
                0x080184ca        0xe build/sys_arch.o
                0x080184ca                sys_mutex_lock
 .text.sys_mutex_unlock
                0x080184d8        0xa build/sys_arch.o
                0x080184d8                sys_mutex_unlock
 .text.sys_thread_new
                0x080184e2       0x2e build/sys_arch.o
                0x080184e2                sys_thread_new
 .text.sys_arch_protect
                0x08018510       0x18 build/sys_arch.o
                0x08018510                sys_arch_protect
 .text.sys_arch_unprotect
                0x08018528       0x10 build/sys_arch.o
                0x08018528                sys_arch_unprotect
 .text.Reset_Handler
                0x08018538       0x50 build/startup_stm32h743xx.o
                0x08018538                Reset_Handler
 .text.Default_Handler
                0x08018588        0x2 build/startup_stm32h743xx.o
                0x08018588                RTC_Alarm_IRQHandler
                0x08018588                EXTI2_IRQHandler
                0x08018588                TIM8_CC_IRQHandler
                0x08018588                HRTIM1_Master_IRQHandler
                0x08018588                UART8_IRQHandler
                0x08018588                SPI4_IRQHandler
                0x08018588                TIM1_CC_IRQHandler
                0x08018588                BDMA_Channel6_IRQHandler
                0x08018588                DMA2_Stream5_IRQHandler
                0x08018588                HRTIM1_FLT_IRQHandler
                0x08018588                JPEG_IRQHandler
                0x08018588                DMA1_Stream5_IRQHandler
                0x08018588                BDMA_Channel1_IRQHandler
                0x08018588                HRTIM1_TIMD_IRQHandler
                0x08018588                TAMP_STAMP_IRQHandler
                0x08018588                EXTI3_IRQHandler
                0x08018588                LPTIM4_IRQHandler
                0x08018588                TIM8_TRG_COM_TIM14_IRQHandler
                0x08018588                LPTIM2_IRQHandler
                0x08018588                DFSDM1_FLT1_IRQHandler
                0x08018588                DMAMUX2_OVR_IRQHandler
                0x08018588                TIM8_UP_TIM13_IRQHandler
                0x08018588                I2C3_ER_IRQHandler
                0x08018588                DFSDM1_FLT2_IRQHandler
                0x08018588                MDMA_IRQHandler
                0x08018588                LPTIM3_IRQHandler
                0x08018588                HSEM1_IRQHandler
                0x08018588                EXTI0_IRQHandler
                0x08018588                I2C2_EV_IRQHandler
                0x08018588                DMA1_Stream2_IRQHandler
                0x08018588                FPU_IRQHandler
                0x08018588                OTG_HS_WKUP_IRQHandler
                0x08018588                FDCAN1_IT1_IRQHandler
                0x08018588                LTDC_ER_IRQHandler
                0x08018588                DMA2_Stream2_IRQHandler
                0x08018588                HRTIM1_TIME_IRQHandler
                0x08018588                SPI1_IRQHandler
                0x08018588                TIM6_DAC_IRQHandler
                0x08018588                DCMI_IRQHandler
                0x08018588                HRTIM1_TIMC_IRQHandler
                0x08018588                DMA2_Stream3_IRQHandler
                0x08018588                SAI2_IRQHandler
                0x08018588                DFSDM1_FLT3_IRQHandler
                0x08018588                USART6_IRQHandler
                0x08018588                TIM17_IRQHandler
                0x08018588                USART3_IRQHandler
                0x08018588                BDMA_Channel7_IRQHandler
                0x08018588                LPTIM5_IRQHandler
                0x08018588                UART5_IRQHandler
                0x08018588                ADC3_IRQHandler
                0x08018588                DMA2_Stream0_IRQHandler
                0x08018588                BDMA_Channel2_IRQHandler
                0x08018588                QUADSPI_IRQHandler
                0x08018588                I2C1_EV_IRQHandler
                0x08018588                DMA1_Stream6_IRQHandler
                0x08018588                DMAMUX1_OVR_IRQHandler
                0x08018588                DMA1_Stream1_IRQHandler
                0x08018588                TIM16_IRQHandler
                0x08018588                UART4_IRQHandler
                0x08018588                BDMA_Channel5_IRQHandler