Archive member included to satisfy reference by file (symbol)

D:/armtoolchain/arm-gnu-toolchain-13.3.rel1-mingw-w64-i686-arm-none-eabi/bin/../lib/gcc/arm-none-eabi/13.3.1/thumb/v7e-m+dp/hard\libc_nano.a(libc_a-atoi.o)
                              build/netif.o (atoi)
D:/armtoolchain/arm-gnu-toolchain-13.3.rel1-mingw-w64-i686-arm-none-eabi/bin/../lib/gcc/arm-none-eabi/13.3.1/thumb/v7e-m+dp/hard\libc_nano.a(libc_a-exit.o)
                              D:/armtoolchain/arm-gnu-toolchain-13.3.rel1-mingw-w64-i686-arm-none-eabi/bin/../lib/gcc/arm-none-eabi/13.3.1/thumb/v7e-m+dp/hard/crt0.o (exit)
D:/armtoolchain/arm-gnu-toolchain-13.3.rel1-mingw-w64-i686-arm-none-eabi/bin/../lib/gcc/arm-none-eabi/13.3.1/thumb/v7e-m+dp/hard\libc_nano.a(libc_a-malloc.o)
                              build/dsp_fft.o (free)
D:/armtoolchain/arm-gnu-toolchain-13.3.rel1-mingw-w64-i686-arm-none-eabi/bin/../lib/gcc/arm-none-eabi/13.3.1/thumb/v7e-m+dp/hard\libc_nano.a(libc_a-mallocr.o)
                              D:/armtoolchain/arm-gnu-toolchain-13.3.rel1-mingw-w64-i686-arm-none-eabi/bin/../lib/gcc/arm-none-eabi/13.3.1/thumb/v7e-m+dp/hard\libc_nano.a(libc_a-malloc.o) (_malloc_r)
D:/armtoolchain/arm-gnu-toolchain-13.3.rel1-mingw-w64-i686-arm-none-eabi/bin/../lib/gcc/arm-none-eabi/13.3.1/thumb/v7e-m+dp/hard\libc_nano.a(libc_a-mlock.o)
                              D:/armtoolchain/arm-gnu-toolchain-13.3.rel1-mingw-w64-i686-arm-none-eabi/bin/../lib/gcc/arm-none-eabi/13.3.1/thumb/v7e-m+dp/hard\libc_nano.a(libc_a-mallocr.o) (__malloc_lock)
D:/armtoolchain/arm-gnu-toolchain-13.3.rel1-mingw-w64-i686-arm-none-eabi/bin/../lib/gcc/arm-none-eabi/13.3.1/thumb/v7e-m+dp/hard\libc_nano.a(libc_a-rand.o)
                              build/tcp.o (rand)
D:/armtoolchain/arm-gnu-toolchain-13.3.rel1-mingw-w64-i686-arm-none-eabi/bin/../lib/gcc/arm-none-eabi/13.3.1/thumb/v7e-m+dp/hard\libc_nano.a(libc_a-strtol.o)
                              D:/armtoolchain/arm-gnu-toolchain-13.3.rel1-mingw-w64-i686-arm-none-eabi/bin/../lib/gcc/arm-none-eabi/13.3.1/thumb/v7e-m+dp/hard\libc_nano.a(libc_a-atoi.o) (_strtol_r)
D:/armtoolchain/arm-gnu-toolchain-13.3.rel1-mingw-w64-i686-arm-none-eabi/bin/../lib/gcc/arm-none-eabi/13.3.1/thumb/v7e-m+dp/hard\libc_nano.a(libc_a-ctype_.o)
                              build/ip4_addr.o (_ctype_)
D:/armtoolchain/arm-gnu-toolchain-13.3.rel1-mingw-w64-i686-arm-none-eabi/bin/../lib/gcc/arm-none-eabi/13.3.1/thumb/v7e-m+dp/hard\libc_nano.a(libc_a-nano-vfprintf_float.o)
                              (_printf_float)
D:/armtoolchain/arm-gnu-toolchain-13.3.rel1-mingw-w64-i686-arm-none-eabi/bin/../lib/gcc/arm-none-eabi/13.3.1/thumb/v7e-m+dp/hard\libc_nano.a(libc_a-nano-vfprintf_i.o)
                              D:/armtoolchain/arm-gnu-toolchain-13.3.rel1-mingw-w64-i686-arm-none-eabi/bin/../lib/gcc/arm-none-eabi/13.3.1/thumb/v7e-m+dp/hard\libc_nano.a(libc_a-nano-vfprintf_float.o) (_printf_common)
D:/armtoolchain/arm-gnu-toolchain-13.3.rel1-mingw-w64-i686-arm-none-eabi/bin/../lib/gcc/arm-none-eabi/13.3.1/thumb/v7e-m+dp/hard\libc_nano.a(libc_a-findfp.o)
                              D:/armtoolchain/arm-gnu-toolchain-13.3.rel1-mingw-w64-i686-arm-none-eabi/bin/../lib/gcc/arm-none-eabi/13.3.1/thumb/v7e-m+dp/hard\libc_nano.a(libc_a-exit.o) (__stdio_exit_handler)
D:/armtoolchain/arm-gnu-toolchain-13.3.rel1-mingw-w64-i686-arm-none-eabi/bin/../lib/gcc/arm-none-eabi/13.3.1/thumb/v7e-m+dp/hard\libc_nano.a(libc_a-fwalk.o)
                              D:/armtoolchain/arm-gnu-toolchain-13.3.rel1-mingw-w64-i686-arm-none-eabi/bin/../lib/gcc/arm-none-eabi/13.3.1/thumb/v7e-m+dp/hard\libc_nano.a(libc_a-findfp.o) (_fwalk_sglue)
D:/armtoolchain/arm-gnu-toolchain-13.3.rel1-mingw-w64-i686-arm-none-eabi/bin/../lib/gcc/arm-none-eabi/13.3.1/thumb/v7e-m+dp/hard\libc_nano.a(libc_a-printf.o)
                              build/ad7606.o (printf)
D:/armtoolchain/arm-gnu-toolchain-13.3.rel1-mingw-w64-i686-arm-none-eabi/bin/../lib/gcc/arm-none-eabi/13.3.1/thumb/v7e-m+dp/hard\libc_nano.a(libc_a-puts.o)
                              build/ad7606.o (puts)
D:/armtoolchain/arm-gnu-toolchain-13.3.rel1-mingw-w64-i686-arm-none-eabi/bin/../lib/gcc/arm-none-eabi/13.3.1/thumb/v7e-m+dp/hard\libc_nano.a(libc_a-sprintf.o)
                              build/httpd_cgi_ssi.o (sprintf)
D:/armtoolchain/arm-gnu-toolchain-13.3.rel1-mingw-w64-i686-arm-none-eabi/bin/../lib/gcc/arm-none-eabi/13.3.1/thumb/v7e-m+dp/hard\libc_nano.a(libc_a-stdio.o)
                              D:/armtoolchain/arm-gnu-toolchain-13.3.rel1-mingw-w64-i686-arm-none-eabi/bin/../lib/gcc/arm-none-eabi/13.3.1/thumb/v7e-m+dp/hard\libc_nano.a(libc_a-findfp.o) (__sread)
D:/armtoolchain/arm-gnu-toolchain-13.3.rel1-mingw-w64-i686-arm-none-eabi/bin/../lib/gcc/arm-none-eabi/13.3.1/thumb/v7e-m+dp/hard\libc_nano.a(libc_a-wbuf.o)
                              D:/armtoolchain/arm-gnu-toolchain-13.3.rel1-mingw-w64-i686-arm-none-eabi/bin/../lib/gcc/arm-none-eabi/13.3.1/thumb/v7e-m+dp/hard\libc_nano.a(libc_a-puts.o) (__swbuf_r)
[...]
Memory Configuration

Name             Origin             Length             Attributes
DTCMRAM          0x20000000         0x00020000         xrw
RAM_D1           0x24000000         0x00080000         xrw
RAM_D2           0x30000000         0x00048000         xrw
RAM_D3           0x38000000         0x00010000         xrw
ITCMRAM          0x00000000         0x00010000         xrw
FLASH            0x08000000         0x00200000         xr
*default*        0x00000000         0xffffffff

Linker script and memory map

LOAD D:/armtoolchain/arm-gnu-toolchain-13.3.rel1-mingw-w64-i686-arm-none-eabi/bin/../lib/gcc/arm-none-eabi/13.3.1/thumb/v7e-m+dp/hard/crti.o
LOAD D:/armtoolchain/arm-gnu-toolchain-13.3.rel1-mingw-w64-i686-arm-none-eabi/bin/../lib/gcc/arm-none-eabi/13.3.1/thumb/v7e-m+dp/hard/crtbegin.o
LOAD D:/armtoolchain/arm-gnu-toolchain-13.3.rel1-mingw-w64-i686-arm-none-eabi/bin/../lib/gcc/arm-none-eabi/13.3.1/thumb/v7e-m+dp/hard/crt0.o
LOAD build/main.o
LOAD build/gpio.o
LOAD build/adc.o
LOAD build/fmc.o
LOAD build/i2c.o
LOAD build/ad7606.o
LOAD build/sdram.o
LOAD build/httpd_cgi_ssi.o
LOAD build/quadspi.o
LOAD build/rtc.o
LOAD build/sdmmc.o
LOAD build/spi.o
LOAD build/tim.o
LOAD build/usart.o
LOAD build/usb_otg.o
LOAD build/stm32h7xx_it.o
LOAD build/stm32h7xx_hal_msp.o
LOAD build/stm32h7xx_hal_timebase_tim.o
LOAD build/lcdTest.o
LOAD build/tftLCD.o
LOAD build/stm32h7xx_hal_adc.o
LOAD build/stm32h7xx_hal_adc_ex.o
LOAD build/stm32h7xx_hal_rcc.o
LOAD build/stm32h7xx_hal_rcc_ex.o
LOAD build/stm32h7xx_hal_flash.o
LOAD build/stm32h7xx_hal_flash_ex.o
LOAD build/stm32h7xx_hal_gpio.o
LOAD build/stm32h7xx_hal_hsem.o
LOAD build/stm32h7xx_hal_dma.o
LOAD build/stm32h7xx_hal_dma_ex.o
LOAD build/stm32h7xx_hal_mdma.o
LOAD build/stm32h7xx_hal_pwr.o
LOAD build/stm32h7xx_hal_pwr_ex.o
LOAD build/stm32h7xx_hal_cortex.o
LOAD build/stm32h7xx_hal.o
LOAD build/stm32h7xx_hal_i2c.o
LOAD build/stm32h7xx_hal_i2c_ex.o
LOAD build/stm32h7xx_hal_exti.o
LOAD build/stm32h7xx_hal_eth.o
LOAD build/stm32h7xx_hal_eth_ex.o
LOAD build/stm32h7xx_ll_fmc.o
LOAD build/stm32h7xx_hal_sram.o
LOAD build/stm32h7xx_hal_sdram.o
LOAD build/stm32h7xx_hal_qspi.o
LOAD build/stm32h7xx_hal_rtc.o
LOAD build/stm32h7xx_hal_rtc_ex.o
LOAD build/stm32h7xx_ll_sdmmc.o
LOAD build/stm32h7xx_ll_delayblock.o
LOAD build/stm32h7xx_hal_sd.o
LOAD build/stm32h7xx_hal_sd_ex.o
LOAD build/stm32h7xx_hal_spi.o
LOAD build/stm32h7xx_hal_spi_ex.o
LOAD build/stm32h7xx_hal_tim.o
LOAD build/stm32h7xx_hal_tim_ex.o
LOAD build/stm32h7xx_hal_uart.o
LOAD build/stm32h7xx_hal_uart_ex.o
LOAD build/stm32h7xx_hal_pcd.o
LOAD build/stm32h7xx_hal_pcd_ex.o
LOAD build/stm32h7xx_ll_usb.o
LOAD build/system_stm32h7xx.o
LOAD build/freertos.o
LOAD build/bsp_driver_sd.o
LOAD build/sd_diskio.o
LOAD build/fatfs_platform.o
LOAD build/fatfs.o
LOAD build/ethernetif.o
LOAD build/lwip.o
LOAD build/lan8742.o
LOAD build/diskio.o
LOAD build/ff.o
LOAD build/ff_gen_drv.o
LOAD build/syscall.o
LOAD build/croutine.o
LOAD build/event_groups.o
LOAD build/list.o
LOAD build/queue.o
LOAD build/stream_buffer.o
LOAD build/tasks.o
LOAD build/timers.o
LOAD build/cmsis_os.o
LOAD build/heap_4.o
LOAD build/port.o
LOAD build/auth.o
LOAD build/ccp.o
LOAD build/chap_ms.o
LOAD build/chap-md5.o
LOAD build/chap-new.o
LOAD build/demand.o
LOAD build/eap.o
LOAD build/eui64.o
LOAD build/fsm.o
LOAD build/ipcp.o
LOAD build/ipv6cp.o
LOAD build/lcp.o
LOAD build/magic.o
LOAD build/mppe.o
LOAD build/multilink.o
LOAD build/ppp.o
LOAD build/pppapi.o
LOAD build/pppcrypt.o
LOAD build/pppoe.o
LOAD build/pppol2tp.o
LOAD build/pppos.o
LOAD build/upap.o
LOAD build/utils.o
LOAD build/vj.o
LOAD build/bridgeif.o
LOAD build/bridgeif_fdb.o
LOAD build/ethernet.o
LOAD build/lowpan6.o
LOAD build/lowpan6_ble.o
LOAD build/lowpan6_common.o
LOAD build/slipif.o
LOAD build/zepif.o
LOAD build/ecp.o
LOAD build/httpd.o
LOAD build/fs.o
LOAD build/api_lib.o
LOAD build/api_msg.o
LOAD build/err.o
LOAD build/if_api.o
LOAD build/netbuf.o
LOAD build/netdb.o
LOAD build/netifapi.o
LOAD build/sockets.o
LOAD build/tcpip.o
LOAD build/altcp.o
LOAD build/altcp_alloc.o
LOAD build/altcp_tcp.o
LOAD build/def.o
LOAD build/dns.o
LOAD build/inet_chksum.o
LOAD build/init.o
LOAD build/ip.o
LOAD build/mem.o
LOAD build/memp.o
LOAD build/netif.o
LOAD build/pbuf.o
LOAD build/raw.o
LOAD build/stats.o
LOAD build/sys.o
LOAD build/tcp.o
LOAD build/tcp_in.o
LOAD build/tcp_out.o
LOAD build/timeouts.o
LOAD build/udp.o
LOAD build/autoip.o
LOAD build/dhcp.o
LOAD build/etharp.o
LOAD build/icmp.o
LOAD build/igmp.o
LOAD build/ip4.o
LOAD build/ip4_addr.o
LOAD build/ip4_frag.o
LOAD build/dhcp6.o
LOAD build/ethip6.o
LOAD build/icmp6.o
LOAD build/inet6.o
LOAD build/ip6.o
LOAD build/ip6_addr.o
LOAD build/ip6_frag.o
LOAD build/mld6.o
LOAD build/nd6.o
LOAD build/sys_arch.o
LOAD build/mqtt.o
LOAD build/dsp_fft.o
LOAD build/arm_bitreversal.o
LOAD build/arm_cfft_f32.o
LOAD build/arm_cfft_q15.o
LOAD build/arm_cfft_q31.o
LOAD build/arm_cfft_radix2_f32.o
LOAD build/arm_cfft_radix2_init_f32.o
LOAD build/arm_cfft_radix2_init_q15.o
LOAD build/arm_cfft_radix2_init_q31.o
LOAD build/arm_cfft_radix2_q15.o
LOAD build/arm_cfft_radix2_q31.o
LOAD build/arm_cfft_radix4_f32.o
LOAD build/arm_cfft_radix4_init_f32.o
LOAD build/arm_cfft_radix4_init_q15.o
LOAD build/arm_cfft_radix4_init_q31.o
LOAD build/arm_cfft_radix4_q15.o
LOAD build/arm_cfft_radix4_q31.o
LOAD build/arm_cfft_radix8_f32.o
LOAD build/arm_dct4_f32.o
LOAD build/arm_dct4_init_f32.o
LOAD build/arm_dct4_init_q15.o
LOAD build/arm_dct4_q15.o
LOAD build/arm_dct4_init_q31.o
LOAD build/arm_dct4_q31.o
LOAD build/arm_rfft_f32.o
LOAD build/arm_rfft_fast_f32.o
LOAD build/arm_rfft_fast_init_f32.o
LOAD build/arm_rfft_init_f32.o
LOAD build/arm_rfft_init_q15.o
LOAD build/arm_rfft_init_q31.o
LOAD build/arm_rfft_q15.o
LOAD build/arm_rfft_q31.o
LOAD build/arm_common_tables.o
LOAD build/arm_const_structs.o
LOAD build/bitreversal.o
LOAD build/arm_cmplx_conj_f32.o
LOAD build/arm_cmplx_conj_q15.o
LOAD build/arm_cmplx_conj_q31.o
LOAD build/arm_cmplx_dot_prod_f32.o
LOAD build/arm_cmplx_dot_prod_q15.o
LOAD build/arm_cmplx_dot_prod_q31.o
LOAD build/arm_cmplx_mag_q15.o
LOAD build/arm_cmplx_mag_f32.o
LOAD build/arm_cmplx_mag_q31.o
LOAD build/arm_cmplx_mag_squared_f32.o
LOAD build/arm_cmplx_mag_squared_q15.o
LOAD build/arm_cmplx_mag_squared_q31.o
LOAD build/arm_cmplx_mult_cmplx_f32.o
LOAD build/arm_cmplx_mult_cmplx_q15.o
LOAD build/arm_cmplx_mult_cmplx_q31.o
LOAD build/arm_cmplx_mult_real_f32.o
LOAD build/arm_cmplx_mult_real_q15.o
LOAD build/arm_cmplx_mult_real_q31.o
LOAD build/arm_bitreversal2.o
LOAD build/startup_stm32h743xx.o
LOAD D:/armtoolchain/arm-gnu-toolchain-13.3.rel1-mingw-w64-i686-arm-none-eabi/bin/../lib/gcc/arm-none-eabi/13.3.1/thumb/v7e-m+dp/hard\libc_nano.a
LOAD D:/armtoolchain/arm-gnu-toolchain-13.3.rel1-mingw-w64-i686-arm-none-eabi/bin/../lib/gcc/arm-none-eabi/13.3.1/thumb/v7e-m+dp/hard\libm.a
LOAD D:/armtoolchain/arm-gnu-toolchain-13.3.rel1-mingw-w64-i686-arm-none-eabi/bin/../lib/gcc/arm-none-eabi/13.3.1/thumb/v7e-m+dp/hard\libnosys.a
START GROUP
LOAD D:/armtoolchain/arm-gnu-toolchain-13.3.rel1-mingw-w64-i686-arm-none-eabi/bin/../lib/gcc/arm-none-eabi/13.3.1/thumb/v7e-m+dp/hard\libgcc.a
LOAD D:/armtoolchain/arm-gnu-toolchain-13.3.rel1-mingw-w64-i686-arm-none-eabi/bin/../lib/gcc/arm-none-eabi/13.3.1/thumb/v7e-m+dp/hard\libc_nano.a
END GROUP
START GROUP
LOAD D:/armtoolchain/arm-gnu-toolchain-13.3.rel1-mingw-w64-i686-arm-none-eabi/bin/../lib/gcc/arm-none-eabi/13.3.1/thumb/v7e-m+dp/hard\libgcc.a
LOAD D:/armtoolchain/arm-gnu-toolchain-13.3.rel1-mingw-w64-i686-arm-none-eabi/bin/../lib/gcc/arm-none-eabi/13.3.1/thumb/v7e-m+dp/hard\libc_nano.a
END GROUP
LOAD D:/armtoolchain/arm-gnu-toolchain-13.3.rel1-mingw-w64-i686-arm-none-eabi/bin/../lib/gcc/arm-none-eabi/13.3.1/thumb/v7e-m+dp/hard/crtend.o
LOAD D:/armtoolchain/arm-gnu-toolchain-13.3.rel1-mingw-w64-i686-arm-none-eabi/bin/../lib/gcc/arm-none-eabi/13.3.1/thumb/v7e-m+dp/hard/crtn.o
                0x20020000                        _estack = 0x20020000
                0x00000200                        _Min_Heap_Size = 0x200
                0x00000400                        _Min_Stack_Size = 0x400

.isr_vector     0x08000000      0x298
                0x08000000                        . = ALIGN (0x4)
 *(.isr_vector)
 .isr_vector    0x08000000      0x298 build/startup_stm32h743xx.o
                0x08000000                g_pfnVectors
                0x08000298                        . = ALIGN (0x4)

.text           0x080002a0    0x1ac54
                0x080002a0                        . = ALIGN (0x4)
 *(.text)
 .text          0x080002a0       0x14 D:/armtoolchain/arm-gnu-toolchain-13.3.rel1-mingw-w64-i686-arm-none-eabi/bin/../lib/gcc/arm-none-eabi/13.3.1/thumb/v7e-m+dp/hard\libc_nano.a(libc_a-strcmp.o)
                0x080002a0                strcmp
 *fill*         0x080002b4        0xc 
 .text          0x080002c0       0xa0 D:/armtoolchain/arm-gnu-toolchain-13.3.rel1-mingw-w64-i686-arm-none-eabi/bin/../lib/gcc/arm-none-eabi/13.3.1/thumb/v7e-m+dp/hard\libc_nano.a(libc_a-memchr.o)
                0x080002c0                memchr
 .text          0x08000360       0x10 D:/armtoolchain/arm-gnu-toolchain-13.3.rel1-mingw-w64-i686-arm-none-eabi/bin/../lib/gcc/arm-none-eabi/13.3.1/thumb/v7e-m+dp/hard\libc_nano.a(libc_a-strlen.o)
                0x08000360                strlen
 .text          0x08000370       0x30 D:/armtoolchain/arm-gnu-toolchain-13.3.rel1-mingw-w64-i686-arm-none-eabi/bin/../lib/gcc/arm-none-eabi/13.3.1/thumb/v7e-m+dp/hard\libgcc.a(_aeabi_uldivmod.o)
                0x08000370                __aeabi_uldivmod
 .text          0x080003a0        0x4 D:/armtoolchain/arm-gnu-toolchain-13.3.rel1-mingw-w64-i686-arm-none-eabi/bin/../lib/gcc/arm-none-eabi/13.3.1/thumb/v7e-m+dp/hard\libgcc.a(_dvmd_tls.o)
                0x080003a0                __aeabi_idiv0
                0x080003a0                __aeabi_ldiv0
 *(.text*)
 .text.deregister_tm_clones
                0x080003a4       0x1c D:/armtoolchain/arm-gnu-toolchain-13.3.rel1-mingw-w64-i686-arm-none-eabi/bin/../lib/gcc/arm-none-eabi/13.3.1/thumb/v7e-m+dp/hard/crtbegin.o
 .text.register_tm_clones
                0x080003c0       0x24 D:/armtoolchain/arm-gnu-toolchain-13.3.rel1-mingw-w64-i686-arm-none-eabi/bin/../lib/gcc/arm-none-eabi/13.3.1/thumb/v7e-m+dp/hard/crtbegin.o
 .text.__do_global_dtors_aux
                0x080003e4       0x28 D:/armtoolchain/arm-gnu-toolchain-13.3.rel1-mingw-w64-i686-arm-none-eabi/bin/../lib/gcc/arm-none-eabi/13.3.1/thumb/v7e-m+dp/hard/crtbegin.o
 .text.frame_dummy
                0x0800040c       0x24 D:/armtoolchain/arm-gnu-toolchain-13.3.rel1-mingw-w64-i686-arm-none-eabi/bin/../lib/gcc/arm-none-eabi/13.3.1/thumb/v7e-m+dp/hard/crtbegin.o
 .text.MPU_Config
                0x08000430       0xb8 build/main.o
 .text.HAL_TIM_PeriodElapsedCallback
                0x080004e8       0x18 build/main.o
                0x080004e8                HAL_TIM_PeriodElapsedCallback
 .text.Error_Handler
                0x08000500        0x4 build/main.o
                0x08000500                Error_Handler
 .text.SystemClock_Config
                0x08000504       0xec build/main.o
                0x08000504                SystemClock_Config
 .text.main     0x080005f0      0x144 build/main.o
                0x080005f0                main
 .text.MX_GPIO_Init
                0x08000734      0x20c build/gpio.o
                0x08000734                MX_GPIO_Init
 .text.MX_ADC1_Init
                0x08000940       0xa0 build/adc.o
                0x08000940                MX_ADC1_Init
 .text.HAL_ADC_MspInit
                0x080009e0       0xac build/adc.o
                0x080009e0                HAL_ADC_MspInit
 .text.HAL_FMC_MspInit
                0x08000a8c       0xec build/fmc.o
 .text.MX_FMC_Init
                0x08000b78      0x16c build/fmc.o
                0x08000b78                MX_FMC_Init
 .text.HAL_SRAM_MspInit
                0x08000ce4        0x8 build/fmc.o
                0x08000ce4                HAL_SRAM_MspInit
 .text.HAL_SDRAM_MspInit
                0x08000cec        0x8 build/fmc.o
                0x08000cec                HAL_SDRAM_MspInit
 .text.MX_I2C1_Init
                0x08000cf4       0x58 build/i2c.o
                0x08000cf4                MX_I2C1_Init
 .text.MX_I2C4_Init
                0x08000d4c       0x58 build/i2c.o
                0x08000d4c                MX_I2C4_Init
 .text.HAL_I2C_MspInit
                0x08000da4      0x104 build/i2c.o
                0x08000da4                HAL_I2C_MspInit
 .text.ini7606Paras
                0x08000ea8       0x1a build/ad7606.o
 *fill*         0x08000ec2        0x2 
 .text.ad7606ini
                0x08000ec4       0x54 build/ad7606.o
                0x08000ec4                ad7606ini
 .text.test_AD7606
                0x08000f18       0x1c build/ad7606.o
                0x08000f18                test_AD7606
 .text.SDRAM_Send_Cmd
                0x08000f34       0x38 build/sdram.o
                0x08000f34                SDRAM_Send_Cmd
 .text.SDRAM_Initialization_Sequence
                0x08000f6c       0x4c build/sdram.o
                0x08000f6c                SDRAM_Initialization_Sequence
 .text.MX_QUADSPI_Init
                0x08000fb8       0x34 build/quadspi.o
                0x08000fb8                MX_QUADSPI_Init
 .text.HAL_QSPI_MspInit
                0x08000fec       0xe4 build/quadspi.o
                0x08000fec                HAL_QSPI_MspInit
 .text.MX_RTC_Init
                0x080010d0       0x34 build/rtc.o
                0x080010d0                MX_RTC_Init
 .text.HAL_RTC_MspInit
                0x08001104       0x4c build/rtc.o
                0x08001104                HAL_RTC_MspInit
 .text.MX_SDMMC1_SD_Init
                0x08001150       0x20 build/sdmmc.o
                0x08001150                MX_SDMMC1_SD_Init
 .text.HAL_SD_MspInit
                0x08001170       0xcc build/sdmmc.o
                0x08001170                HAL_SD_MspInit
 .text.MX_SPI1_Init
                0x0800123c       0x58 build/spi.o
                0x0800123c                MX_SPI1_Init
 .text.MX_SPI3_Init
                0x08001294       0x58 build/spi.o
                0x08001294                MX_SPI3_Init
 .text.MX_SPI4_Init
                0x080012ec       0x54 build/spi.o
                0x080012ec                MX_SPI4_Init
 .text.HAL_SPI_MspInit
                0x08001340      0x208 build/spi.o
                0x08001340                HAL_SPI_MspInit
 .text.MX_TIM3_Init
                0x08001548       0x64 build/tim.o
                0x08001548                MX_TIM3_Init
 .text.HAL_TIM_Base_MspInit
                0x080015ac       0x58 build/tim.o
                0x080015ac                HAL_TIM_Base_MspInit
 .text.HAL_TIM_Encoder_MspInit
                0x08001604       0x70 build/tim.o
                0x08001604                HAL_TIM_Encoder_MspInit
 .text.HAL_TIM_MspPostInit
                0x08001674       0x90 build/tim.o
                0x08001674                HAL_TIM_MspPostInit
 .text.MX_TIM1_Init
                0x08001704      0x100 build/tim.o
                0x08001704                MX_TIM1_Init
 .text.MX_TIM8_Init
                0x08001804      0x100 build/tim.o
                0x08001804                MX_TIM8_Init
 .text.__io_putchar
                0x08001904       0x20 build/usart.o
                0x08001904                __io_putchar
 .text._write   0x08001924       0x1c build/usart.o
                0x08001924                _write
 .text.MX_UART4_Init
                0x08001940       0x68 build/usart.o
                0x08001940                MX_UART4_Init
 .text.MX_USART1_UART_Init
                0x080019a8       0x68 build/usart.o
                0x080019a8                MX_USART1_UART_Init
 .text.MX_USART3_UART_Init
                0x08001a10       0x68 build/usart.o
                0x08001a10                MX_USART3_UART_Init
 .text.HAL_UART_MspInit
                0x08001a78      0x16c build/usart.o
                0x08001a78                HAL_UART_MspInit
 .text.MX_USB_OTG_FS_PCD_Init
                0x08001be4       0x38 build/usb_otg.o
                0x08001be4                MX_USB_OTG_FS_PCD_Init
 .text.HAL_PCD_MspInit
                0x08001c1c       0xa4 build/usb_otg.o
                0x08001c1c                HAL_PCD_MspInit
 .text.NMI_Handler
                0x08001cc0        0x2 build/stm32h7xx_it.o
                0x08001cc0                NMI_Handler
 .text.HardFault_Handler
                0x08001cc2        0x2 build/stm32h7xx_it.o
                0x08001cc2                HardFault_Handler
 .text.MemManage_Handler
                0x08001cc4        0x2 build/stm32h7xx_it.o
                0x08001cc4                MemManage_Handler
 .text.BusFault_Handler
                0x08001cc6        0x2 build/stm32h7xx_it.o
                0x08001cc6                BusFault_Handler
 .text.UsageFault_Handler
                0x08001cc8        0x2 build/stm32h7xx_it.o
                0x08001cc8                UsageFault_Handler
 .text.DebugMon_Handler
                0x08001cca        0x2 build/stm32h7xx_it.o
                0x08001cca                DebugMon_Handler
 .text.TIM4_IRQHandler
                0x08001ccc       0x10 build/stm32h7xx_it.o
                0x08001ccc                TIM4_IRQHandler
 .text.EXTI15_10_IRQHandler
                0x08001cdc        0xc build/stm32h7xx_it.o
                0x08001cdc                EXTI15_10_IRQHandler
 .text.ETH_IRQHandler
                0x08001ce8       0x10 build/stm32h7xx_it.o
                0x08001ce8                ETH_IRQHandler
 .text.HAL_MspInit
                0x08001cf8       0x34 build/stm32h7xx_hal_msp.o
                0x08001cf8                HAL_MspInit
 .text.HAL_InitTick
                0x08001d2c       0x9c build/stm32h7xx_hal_timebase_tim.o
                0x08001d2c                HAL_InitTick
 .text.testlines
                0x08001dc8      0x16c build/lcdTest.o
                0x08001dc8                testlines
 .text.testdrawrects
                0x08001f34       0x48 build/lcdTest.o
                0x08001f34                testdrawrects
 .text.testfillcircles
                0x08001f7c       0x90 build/lcdTest.o
                0x08001f7c                testfillcircles
 .text.tftPrintTest
                0x0800200c      0x140 build/lcdTest.o
                0x0800200c                tftPrintTest
 .text.LCD_TEST
                0x0800214c       0x2e build/lcdTest.o
                0x0800214c                LCD_TEST
 .text.delay_us
                0x0800217a       0x14 build/tftLCD.o
                0x0800217a                delay_us
 .text.LCD_WR_REG
                0x0800218e       0x22 build/tftLCD.o
                0x0800218e                LCD_WR_REG
 .text.LCD_WR_DATA
                0x080021b0       0x22 build/tftLCD.o
                0x080021b0                LCD_WR_DATA
 .text.LCD_RD_DATA
                0x080021d2       0x1a build/tftLCD.o
                0x080021d2                LCD_RD_DATA
 .text.LCD_WriteReg
                0x080021ec        0xe build/tftLCD.o
                0x080021ec                LCD_WriteReg
 *fill*         0x080021fa        0x2 
 .text.LCD_WriteRAM_Prepare
                0x080021fc       0x14 build/tftLCD.o
                0x080021fc                LCD_WriteRAM_Prepare
 .text.LCD_SetCursor
                0x08002210      0x10c build/tftLCD.o
                0x08002210                LCD_SetCursor
 .text.LCD_Scan_Dir
                0x0800231c      0x1d8 build/tftLCD.o
                0x0800231c                LCD_Scan_Dir
 .text.LCD_DrawPoint
                0x080024f4       0x1c build/tftLCD.o
                0x080024f4                LCD_DrawPoint
 .text.LCD_Fast_DrawPoint
                0x08002510       0xf8 build/tftLCD.o
                0x08002510                LCD_Fast_DrawPoint
 .text.LCD_SSD_BackLightSet
                0x08002608       0x58 build/tftLCD.o
                0x08002608                LCD_SSD_BackLightSet
 .text.LCD_Display_Dir
                0x08002660      0x118 build/tftLCD.o
                0x08002660                LCD_Display_Dir
 .text.LCD_Clear
                0x08002778       0x34 build/tftLCD.o
                0x08002778                LCD_Clear
 .text.LCD_Init
                0x080027ac     0x2574 build/tftLCD.o
                0x080027ac                LCD_Init
 .text.LCD_DrawLine
                0x08004d20       0x9e build/tftLCD.o
                0x08004d20                LCD_DrawLine
 .text.LCD_DrawRectangle
                0x08004dbe       0x36 build/tftLCD.o
                0x08004dbe                LCD_DrawRectangle
 .text.LCD_Draw_Circle
                0x08004df4       0xc6 build/tftLCD.o
                0x08004df4                LCD_Draw_Circle
 *fill*         0x08004eba        0x2 
 .text.LCD_ShowChar
                0x08004ebc      0x170 build/tftLCD.o
                0x08004ebc                LCD_ShowChar
 .text._LCD_Pow
                0x0800502c       0x16 build/tftLCD.o
                0x0800502c                _LCD_Pow
 *fill*         0x08005042        0x2 
 .text.LCD_ShowxNum
                0x08005044       0xb8 build/tftLCD.o
                0x08005044                LCD_ShowxNum
 .text.LCD_ShowString
                0x080050fc       0x5a build/tftLCD.o
                0x080050fc                LCD_ShowString
 .text.LL_ADC_REG_SetSequencerRanks
                0x08005156       0x30 build/stm32h7xx_hal_adc.o
 .text.LL_ADC_SetChannelSamplingTime
                0x08005186       0x2c build/stm32h7xx_hal_adc.o
 *fill*         0x080051b2        0x2 
 .text.HAL_ADC_ConfigChannel
                0x080051b4      0x488 build/stm32h7xx_hal_adc.o
                0x080051b4                HAL_ADC_ConfigChannel
 .text.ADC_ConfigureBoostMode
                0x0800563c      0x160 build/stm32h7xx_hal_adc.o
                0x0800563c                ADC_ConfigureBoostMode
 .text.HAL_ADC_Init
                0x0800579c      0x258 build/stm32h7xx_hal_adc.o
                0x0800579c                HAL_ADC_Init
 .text.HAL_ADCEx_MultiModeConfigChannel
                0x080059f4      0x150 build/stm32h7xx_hal_adc_ex.o
                0x080059f4                HAL_ADCEx_MultiModeConfigChannel
 .text.HAL_RCC_OscConfig
                0x08005b44      0x670 build/stm32h7xx_hal_rcc.o
                0x08005b44                HAL_RCC_OscConfig
 .text.HAL_RCC_GetSysClockFreq
                0x080061b4      0x1f4 build/stm32h7xx_hal_rcc.o
                0x080061b4                HAL_RCC_GetSysClockFreq
 .text.HAL_RCC_ClockConfig
                0x080063a8      0x294 build/stm32h7xx_hal_rcc.o
                0x080063a8                HAL_RCC_ClockConfig
 .text.HAL_RCC_GetHCLKFreq
                0x0800663c       0x44 build/stm32h7xx_hal_rcc.o
                0x0800663c                HAL_RCC_GetHCLKFreq
 .text.HAL_RCC_GetPCLK1Freq
                0x08006680       0x24 build/stm32h7xx_hal_rcc.o
                0x08006680                HAL_RCC_GetPCLK1Freq
 .text.HAL_RCC_GetPCLK2Freq
                0x080066a4       0x24 build/stm32h7xx_hal_rcc.o
                0x080066a4                HAL_RCC_GetPCLK2Freq
 .text.HAL_RCC_GetClockConfig
                0x080066c8       0x54 build/stm32h7xx_hal_rcc.o
                0x080066c8                HAL_RCC_GetClockConfig
 .text.RCCEx_PLL2_Config
                0x0800671c      0x108 build/stm32h7xx_hal_rcc_ex.o
 .text.RCCEx_PLL3_Config
                0x08006824      0x108 build/stm32h7xx_hal_rcc_ex.o
 .text.HAL_RCCEx_PeriphCLKConfig
                0x0800692c      0x9e8 build/stm32h7xx_hal_rcc_ex.o
                0x0800692c                HAL_RCCEx_PeriphCLKConfig
 .text.HAL_RCCEx_GetD3PCLK1Freq
                0x08007314       0x24 build/stm32h7xx_hal_rcc_ex.o
                0x08007314                HAL_RCCEx_GetD3PCLK1Freq
 .text.HAL_RCCEx_GetPLL2ClockFreq
                0x08007338      0x200 build/stm32h7xx_hal_rcc_ex.o
                0x08007338                HAL_RCCEx_GetPLL2ClockFreq
 .text.HAL_RCCEx_GetPLL3ClockFreq
                0x08007538      0x200 build/stm32h7xx_hal_rcc_ex.o
                0x08007538                HAL_RCCEx_GetPLL3ClockFreq
 .text.HAL_RCCEx_GetPLL1ClockFreq
                0x08007738      0x200 build/stm32h7xx_hal_rcc_ex.o
                0x08007738                HAL_RCCEx_GetPLL1ClockFreq
 .text.HAL_RCCEx_GetPeriphCLKFreq
                0x08007938      0x628 build/stm32h7xx_hal_rcc_ex.o
                0x08007938                HAL_RCCEx_GetPeriphCLKFreq
 .text.HAL_GPIO_Init
                0x08007f60      0x220 build/stm32h7xx_hal_gpio.o
                0x08007f60                HAL_GPIO_Init
 .text.HAL_GPIO_ReadPin
                0x08008180        0xe build/stm32h7xx_hal_gpio.o
                0x08008180                HAL_GPIO_ReadPin
 .text.HAL_GPIO_WritePin
                0x0800818e        0xc build/stm32h7xx_hal_gpio.o
                0x0800818e                HAL_GPIO_WritePin
 .text.HAL_GPIO_TogglePin
                0x0800819a       0x12 build/stm32h7xx_hal_gpio.o
                0x0800819a                HAL_GPIO_TogglePin
 .text.HAL_GPIO_EXTI_IRQHandler
                0x080081ac       0x1e build/stm32h7xx_hal_gpio.o
                0x080081ac                HAL_GPIO_EXTI_IRQHandler
 *fill*         0x080081ca        0x2 
 .text.HAL_PWR_EnableBkUpAccess
                0x080081cc       0x10 build/stm32h7xx_hal_pwr.o
                0x080081cc                HAL_PWR_EnableBkUpAccess
 .text.HAL_PWREx_ConfigSupply
                0x080081dc       0x54 build/stm32h7xx_hal_pwr_ex.o
                0x080081dc                HAL_PWREx_ConfigSupply
 .text.HAL_PWREx_EnableUSBVoltageDetector
                0x08008230       0x10 build/stm32h7xx_hal_pwr_ex.o
                0x08008230                HAL_PWREx_EnableUSBVoltageDetector
 .text.__NVIC_EnableIRQ
                0x08008240       0x1c build/stm32h7xx_hal_cortex.o
 .text.__NVIC_SetPriority
                0x0800825c       0x24 build/stm32h7xx_hal_cortex.o
 .text.NVIC_EncodePriority
                0x08008280       0x3e build/stm32h7xx_hal_cortex.o
 *fill*         0x080082be        0x2 
 .text.HAL_NVIC_SetPriorityGrouping
                0x080082c0       0x24 build/stm32h7xx_hal_cortex.o
                0x080082c0                HAL_NVIC_SetPriorityGrouping
 .text.HAL_NVIC_SetPriority
                0x080082e4       0x20 build/stm32h7xx_hal_cortex.o
                0x080082e4                HAL_NVIC_SetPriority
 .text.HAL_NVIC_EnableIRQ
                0x08008304        0x8 build/stm32h7xx_hal_cortex.o
                0x08008304                HAL_NVIC_EnableIRQ
 .text.HAL_MPU_Disable
                0x0800830c       0x1c build/stm32h7xx_hal_cortex.o
                0x0800830c                HAL_MPU_Disable
 .text.HAL_MPU_Enable
                0x08008328       0x20 build/stm32h7xx_hal_cortex.o
                0x08008328                HAL_MPU_Enable
 .text.HAL_MPU_ConfigRegion
                0x08008348       0x60 build/stm32h7xx_hal_cortex.o
                0x08008348                HAL_MPU_ConfigRegion
 .text.HAL_Init
                0x080083a8       0x5c build/stm32h7xx_hal.o
                0x080083a8                HAL_Init
 .text.HAL_IncTick
                0x08008404       0x18 build/stm32h7xx_hal.o
                0x08008404                HAL_IncTick
 .text.HAL_GetTick
                0x0800841c        0xc build/stm32h7xx_hal.o
                0x0800841c                HAL_GetTick
 .text.HAL_Delay
                0x08008428       0x28 build/stm32h7xx_hal.o
                0x08008428                HAL_Delay
 .text.HAL_GetREVID
                0x08008450        0xc build/stm32h7xx_hal.o
                0x08008450                HAL_GetREVID
 .text.HAL_SYSCFG_ETHInterfaceSelect
                0x0800845c       0x14 build/stm32h7xx_hal.o
                0x0800845c                HAL_SYSCFG_ETHInterfaceSelect
 .text.HAL_I2C_Init
                0x08008470       0xbc build/stm32h7xx_hal_i2c.o
                0x08008470                HAL_I2C_Init
 .text.HAL_I2CEx_ConfigAnalogFilter
                0x0800852c       0x5c build/stm32h7xx_hal_i2c_ex.o
                0x0800852c                HAL_I2CEx_ConfigAnalogFilter
 .text.HAL_I2CEx_ConfigDigitalFilter
                0x08008588       0x58 build/stm32h7xx_hal_i2c_ex.o
                0x08008588                HAL_I2CEx_ConfigDigitalFilter
 .text.ETH_SetMACConfig
                0x080085e0      0x1b0 build/stm32h7xx_hal_eth.o
 .text.ETH_SetDMAConfig
                0x08008790       0xac build/stm32h7xx_hal_eth.o
 .text.ETH_MACDMAConfig
                0x0800883c       0xdc build/stm32h7xx_hal_eth.o
 .text.ETH_DMATxDescListInit
                0x08008918       0x5a build/stm32h7xx_hal_eth.o
 .text.ETH_DMARxDescListInit
                0x08008972       0x6e build/stm32h7xx_hal_eth.o
 .text.ETH_Prepare_Tx_Descriptors
                0x080089e0      0x338 build/stm32h7xx_hal_eth.o
 .text.ETH_MAC_MDIO_ClkConfig
                0x08008d18       0x78 build/stm32h7xx_hal_eth.o
 .text.HAL_ETH_Init
                0x08008d90      0x134 build/stm32h7xx_hal_eth.o
                0x08008d90                HAL_ETH_Init
 .text.HAL_ETH_DescAssignMemory
                0x08008ec4       0x4e build/stm32h7xx_hal_eth.o
                0x08008ec4                HAL_ETH_DescAssignMemory
 .text.HAL_ETH_Start_IT
                0x08008f12       0xa6 build/stm32h7xx_hal_eth.o
                0x08008f12                HAL_ETH_Start_IT
 .text.HAL_ETH_Stop_IT
                0x08008fb8       0x94 build/stm32h7xx_hal_eth.o
                0x08008fb8                HAL_ETH_Stop_IT
 .text.HAL_ETH_Transmit
                0x0800904c       0xb8 build/stm32h7xx_hal_eth.o
                0x0800904c                HAL_ETH_Transmit
 .text.HAL_ETH_IsRxDataAvailable
                0x08009104      0x112 build/stm32h7xx_hal_eth.o
                0x08009104                HAL_ETH_IsRxDataAvailable
 .text.HAL_ETH_GetRxDataBuffer
                0x08009216       0xa2 build/stm32h7xx_hal_eth.o
                0x08009216                HAL_ETH_GetRxDataBuffer
 .text.HAL_ETH_GetRxDataLength
                0x080092b8       0x36 build/stm32h7xx_hal_eth.o
                0x080092b8                HAL_ETH_GetRxDataLength
 .text.HAL_ETH_BuildRxDescriptors
                0x080092ee       0x8c build/stm32h7xx_hal_eth.o
                0x080092ee                HAL_ETH_BuildRxDescriptors
 .text.HAL_ETH_TxCpltCallback
                0x0800937a        0x2 build/stm32h7xx_hal_eth.o
                0x0800937a                HAL_ETH_TxCpltCallback
 .text.HAL_ETH_DMAErrorCallback
                0x0800937c        0x2 build/stm32h7xx_hal_eth.o
                0x0800937c                HAL_ETH_DMAErrorCallback
 .text.HAL_ETH_MACErrorCallback
                0x0800937e        0x2 build/stm32h7xx_hal_eth.o
                0x0800937e                HAL_ETH_MACErrorCallback
 .text.HAL_ETH_PMTCallback
                0x08009380        0x2 build/stm32h7xx_hal_eth.o
                0x08009380                HAL_ETH_PMTCallback
 .text.HAL_ETH_EEECallback
                0x08009382        0x2 build/stm32h7xx_hal_eth.o
                0x08009382                HAL_ETH_EEECallback
 .text.HAL_ETH_WakeUpCallback
                0x08009384        0x2 build/stm32h7xx_hal_eth.o
                0x08009384                HAL_ETH_WakeUpCallback
 .text.HAL_ETH_IRQHandler
                0x08009386      0x178 build/stm32h7xx_hal_eth.o
                0x08009386                HAL_ETH_IRQHandler
 .text.HAL_ETH_ReadPHYRegister
                0x080094fe       0x60 build/stm32h7xx_hal_eth.o
                0x080094fe                HAL_ETH_ReadPHYRegister
 *fill*         0x0800955e        0x2 
 .text.HAL_ETH_WritePHYRegister
                0x08009560       0x68 build/stm32h7xx_hal_eth.o
                0x08009560                HAL_ETH_WritePHYRegister
 .text.HAL_ETH_GetMACConfig
                0x080095c8      0x1e6 build/stm32h7xx_hal_eth.o
                0x080095c8                HAL_ETH_GetMACConfig
 .text.HAL_ETH_SetMACConfig
                0x080097ae       0x1a build/stm32h7xx_hal_eth.o
                0x080097ae                HAL_ETH_SetMACConfig
 .text.HAL_ETH_SetMDIOClockRange
                0x080097c8       0x78 build/stm32h7xx_hal_eth.o
                0x080097c8                HAL_ETH_SetMDIOClockRange
 .text.FMC_NORSRAM_Init
                0x08009840       0x94 build/stm32h7xx_ll_fmc.o
                0x08009840                FMC_NORSRAM_Init
 .text.FMC_NORSRAM_Timing_Init
                0x080098d4       0x64 build/stm32h7xx_ll_fmc.o
                0x080098d4                FMC_NORSRAM_Timing_Init
 .text.FMC_NORSRAM_Extended_Timing_Init
                0x08009938       0x44 build/stm32h7xx_ll_fmc.o
                0x08009938                FMC_NORSRAM_Extended_Timing_Init
 .text.FMC_SDRAM_Init
                0x0800997c       0x70 build/stm32h7xx_ll_fmc.o
                0x0800997c                FMC_SDRAM_Init
 .text.FMC_SDRAM_Timing_Init
                0x080099ec       0xa8 build/stm32h7xx_ll_fmc.o
                0x080099ec                FMC_SDRAM_Timing_Init
 .text.FMC_SDRAM_SendCommand
                0x08009a94       0x2a build/stm32h7xx_ll_fmc.o
                0x08009a94                FMC_SDRAM_SendCommand
 .text.FMC_SDRAM_ProgramRefreshRate
                0x08009abe       0x10 build/stm32h7xx_ll_fmc.o
                0x08009abe                FMC_SDRAM_ProgramRefreshRate
 *fill*         0x08009ace        0x2 
 .text.HAL_SRAM_Init
                0x08009ad0       0x68 build/stm32h7xx_hal_sram.o
                0x08009ad0                HAL_SRAM_Init
 .text.HAL_SDRAM_Init
                0x08009b38       0x50 build/stm32h7xx_hal_sdram.o
                0x08009b38                HAL_SDRAM_Init
 .text.HAL_SDRAM_SendCommand
                0x08009b88       0x42 build/stm32h7xx_hal_sdram.o
                0x08009b88                HAL_SDRAM_SendCommand
 .text.HAL_SDRAM_ProgramRefreshRate
                0x08009bca       0x32 build/stm32h7xx_hal_sdram.o
                0x08009bca                HAL_SDRAM_ProgramRefreshRate
 .text.QSPI_WaitFlagStateUntilTimeout
                0x08009bfc       0x54 build/stm32h7xx_hal_qspi.o
 .text.HAL_QSPI_SetTimeout
                0x08009c50        0x4 build/stm32h7xx_hal_qspi.o
                0x08009c50                HAL_QSPI_SetTimeout
 .text.HAL_QSPI_Init
                0x08009c54       0xa8 build/stm32h7xx_hal_qspi.o
                0x08009c54                HAL_QSPI_Init
 .text.HAL_RTC_WaitForSynchro
                0x08009cfc       0x32 build/stm32h7xx_hal_rtc.o
                0x08009cfc                HAL_RTC_WaitForSynchro
 .text.RTC_EnterInitMode
                0x08009d2e       0x44 build/stm32h7xx_hal_rtc.o
                0x08009d2e                RTC_EnterInitMode
 *fill*         0x08009d72        0x2 
 .text.RTC_ExitInitMode
                0x08009d74       0x4c build/stm32h7xx_hal_rtc.o
                0x08009d74                RTC_ExitInitMode
 .text.HAL_RTC_Init
                0x08009dc0       0x98 build/stm32h7xx_hal_rtc.o
                0x08009dc0                HAL_RTC_Init
 .text.SDMMC_GetCmdError
                0x08009e58       0x3c build/stm32h7xx_ll_sdmmc.o
 .text.SDMMC_Init
                0x08009e94       0x30 build/stm32h7xx_ll_sdmmc.o
                0x08009e94                SDMMC_Init
 .text.SDMMC_ReadFIFO
                0x08009ec4        0x6 build/stm32h7xx_ll_sdmmc.o
                0x08009ec4                SDMMC_ReadFIFO
 .text.SDMMC_PowerState_ON
                0x08009eca        0xc build/stm32h7xx_ll_sdmmc.o
                0x08009eca                SDMMC_PowerState_ON
 .text.SDMMC_GetPowerState
                0x08009ed6        0x8 build/stm32h7xx_ll_sdmmc.o
                0x08009ed6                SDMMC_GetPowerState
 *fill*         0x08009ede        0x2 
 .text.SDMMC_SendCommand
                0x08009ee0       0x24 build/stm32h7xx_ll_sdmmc.o
                0x08009ee0                SDMMC_SendCommand
 .text.SDMMC_GetCommandResponse
                0x08009f04        0x6 build/stm32h7xx_ll_sdmmc.o
                0x08009f04                SDMMC_GetCommandResponse
 .text.SDMMC_GetResponse
                0x08009f0a        0x6 build/stm32h7xx_ll_sdmmc.o
                0x08009f0a                SDMMC_GetResponse
 .text.SDMMC_ConfigData
                0x08009f10       0x24 build/stm32h7xx_ll_sdmmc.o
                0x08009f10                SDMMC_ConfigData
 .text.SDMMC_CmdGoIdleState
                0x08009f34       0x26 build/stm32h7xx_ll_sdmmc.o
                0x08009f34                SDMMC_CmdGoIdleState
 *fill*         0x08009f5a        0x2 
 .text.SDMMC_GetCmdResp1
                0x08009f5c      0x160 build/stm32h7xx_ll_sdmmc.o
                0x08009f5c                SDMMC_GetCmdResp1
 .text.SDMMC_CmdBlockLength
                0x0800a0bc       0x32 build/stm32h7xx_ll_sdmmc.o
                0x0800a0bc                SDMMC_CmdBlockLength
 .text.SDMMC_CmdReadSingleBlock
                0x0800a0ee       0x32 build/stm32h7xx_ll_sdmmc.o
                0x0800a0ee                SDMMC_CmdReadSingleBlock
 .text.SDMMC_CmdReadMultiBlock
                0x0800a120       0x32 build/stm32h7xx_ll_sdmmc.o
                0x0800a120                SDMMC_CmdReadMultiBlock
 .text.SDMMC_CmdWriteSingleBlock
                0x0800a152       0x32 build/stm32h7xx_ll_sdmmc.o
                0x0800a152                SDMMC_CmdWriteSingleBlock
 .text.SDMMC_CmdWriteMultiBlock
                0x0800a184       0x32 build/stm32h7xx_ll_sdmmc.o
                0x0800a184                SDMMC_CmdWriteMultiBlock
 .text.SDMMC_CmdSelDesel
                0x0800a1b6       0x32 build/stm32h7xx_ll_sdmmc.o
                0x0800a1b6                SDMMC_CmdSelDesel
 .text.SDMMC_CmdAppCommand
                0x0800a1e8       0x32 build/stm32h7xx_ll_sdmmc.o
                0x0800a1e8                SDMMC_CmdAppCommand
 .text.SDMMC_CmdBusWidth
                0x0800a21a       0x32 build/stm32h7xx_ll_sdmmc.o
                0x0800a21a                SDMMC_CmdBusWidth
 .text.SDMMC_CmdSendSCR
                0x0800a24c       0x32 build/stm32h7xx_ll_sdmmc.o
                0x0800a24c                SDMMC_CmdSendSCR
 .text.SDMMC_CmdSendStatus
                0x0800a27e       0x32 build/stm32h7xx_ll_sdmmc.o
                0x0800a27e                SDMMC_CmdSendStatus
 .text.SDMMC_CmdStatusRegister
                0x0800a2b0       0x32 build/stm32h7xx_ll_sdmmc.o
                0x0800a2b0                SDMMC_CmdStatusRegister
 *fill*         0x0800a2e2        0x2 
 .text.SDMMC_GetCmdResp2
                0x0800a2e4       0x60 build/stm32h7xx_ll_sdmmc.o
                0x0800a2e4                SDMMC_GetCmdResp2
 .text.SDMMC_CmdSendCID
                0x0800a344       0x2c build/stm32h7xx_ll_sdmmc.o
                0x0800a344                SDMMC_CmdSendCID
 .text.SDMMC_CmdSendCSD
                0x0800a370       0x2c build/stm32h7xx_ll_sdmmc.o
                0x0800a370                SDMMC_CmdSendCSD
 .text.SDMMC_GetCmdResp3
                0x0800a39c       0x50 build/stm32h7xx_ll_sdmmc.o
                0x0800a39c                SDMMC_GetCmdResp3
 .text.SDMMC_CmdAppOperCommand
                0x0800a3ec       0x2c build/stm32h7xx_ll_sdmmc.o
                0x0800a3ec                SDMMC_CmdAppOperCommand
 .text.SDMMC_GetCmdResp6
                0x0800a418       0xa4 build/stm32h7xx_ll_sdmmc.o
                0x0800a418                SDMMC_GetCmdResp6
 .text.SDMMC_CmdSetRelAdd
                0x0800a4bc       0x32 build/stm32h7xx_ll_sdmmc.o
                0x0800a4bc                SDMMC_CmdSetRelAdd
 *fill*         0x0800a4ee        0x2 
 .text.SDMMC_GetCmdResp7
                0x0800a4f0       0x64 build/stm32h7xx_ll_sdmmc.o
                0x0800a4f0                SDMMC_GetCmdResp7
 .text.SDMMC_CmdOperCond
                0x0800a554       0x30 build/stm32h7xx_ll_sdmmc.o
                0x0800a554                SDMMC_CmdOperCond
 .text.SD_PowerON
                0x0800a584       0xc4 build/stm32h7xx_hal_sd.o
 .text.SD_SendSDStatus
                0x0800a648      0x108 build/stm32h7xx_hal_sd.o
 .text.SD_FindSCR
                0x0800a750      0x108 build/stm32h7xx_hal_sd.o
 .text.SD_WideBus_Enable
                0x0800a858       0x4e build/stm32h7xx_hal_sd.o
 .text.SD_WideBus_Disable
                0x0800a8a6       0x4e build/stm32h7xx_hal_sd.o
 .text.SD_SendStatus
                0x0800a8f4       0x2c build/stm32h7xx_hal_sd.o
 .text.HAL_SD_ReadBlocks_DMA
                0x0800a920       0xe0 build/stm32h7xx_hal_sd.o
                0x0800a920                HAL_SD_ReadBlocks_DMA
 .text.HAL_SD_WriteBlocks_DMA
                0x0800aa00       0xe0 build/stm32h7xx_hal_sd.o
                0x0800aa00                HAL_SD_WriteBlocks_DMA
 .text.HAL_SD_GetCardCSD
                0x0800aae0      0x1b8 build/stm32h7xx_hal_sd.o
                0x0800aae0                HAL_SD_GetCardCSD
 .text.SD_InitCard
                0x0800ac98       0xfc build/stm32h7xx_hal_sd.o
 .text.HAL_SD_InitCard
                0x0800ad94       0xc4 build/stm32h7xx_hal_sd.o
                0x0800ad94                HAL_SD_InitCard
 .text.HAL_SD_GetCardStatus
                0x0800ae58       0xd0 build/stm32h7xx_hal_sd.o
                0x0800ae58                HAL_SD_GetCardStatus
 .text.HAL_SD_GetCardInfo
                0x0800af28       0x24 build/stm32h7xx_hal_sd.o
                0x0800af28                HAL_SD_GetCardInfo
 .text.HAL_SD_ConfigWideBusOperation
                0x0800af4c      0x154 build/stm32h7xx_hal_sd.o
                0x0800af4c                HAL_SD_ConfigWideBusOperation
 .text.HAL_SD_GetCardState
                0x0800b0a0       0x22 build/stm32h7xx_hal_sd.o
                0x0800b0a0                HAL_SD_GetCardState
 .text.HAL_SD_Init
                0x0800b0c2       0xba build/stm32h7xx_hal_sd.o
                0x0800b0c2                HAL_SD_Init
 .text.SPI_GetPacketSize
                0x0800b17c       0x10 build/stm32h7xx_hal_spi.o
 .text.HAL_SPI_Init
                0x0800b18c      0x168 build/stm32h7xx_hal_spi.o
                0x0800b18c                HAL_SPI_Init
 .text.TIM_OC1_SetConfig
                0x0800b2f4       0xa4 build/stm32h7xx_hal_tim.o
 .text.TIM_OC3_SetConfig
                0x0800b398       0x94 build/stm32h7xx_hal_tim.o
 .text.TIM_OC4_SetConfig
                0x0800b42c       0x74 build/stm32h7xx_hal_tim.o
 .text.TIM_OC5_SetConfig
                0x0800b4a0       0x74 build/stm32h7xx_hal_tim.o
 .text.TIM_OC6_SetConfig
                0x0800b514       0x74 build/stm32h7xx_hal_tim.o
 .text.TIM_TI1_ConfigInputStage
                0x0800b588       0x26 build/stm32h7xx_hal_tim.o
 .text.TIM_TI2_ConfigInputStage
                0x0800b5ae       0x28 build/stm32h7xx_hal_tim.o
 *fill*         0x0800b5d6        0x2 
 .text.TIM_ITRx_SetConfig
                0x0800b5d8       0x14 build/stm32h7xx_hal_tim.o
 .text.HAL_TIM_Base_Start_IT
                0x0800b5ec       0x90 build/stm32h7xx_hal_tim.o
                0x0800b5ec                HAL_TIM_Base_Start_IT
 .text.HAL_TIM_PWM_MspInit
                0x0800b67c        0x2 build/stm32h7xx_hal_tim.o
                0x0800b67c                HAL_TIM_PWM_MspInit
 .text.HAL_TIM_OC_DelayElapsedCallback
                0x0800b67e        0x2 build/stm32h7xx_hal_tim.o
                0x0800b67e                HAL_TIM_OC_DelayElapsedCallback
 .text.HAL_TIM_IC_CaptureCallback
                0x0800b680        0x2 build/stm32h7xx_hal_tim.o
                0x0800b680                HAL_TIM_IC_CaptureCallback
 .text.HAL_TIM_PWM_PulseFinishedCallback
                0x0800b682        0x2 build/stm32h7xx_hal_tim.o
                0x0800b682                HAL_TIM_PWM_PulseFinishedCallback
 .text.HAL_TIM_TriggerCallback
                0x0800b684        0x2 build/stm32h7xx_hal_tim.o
                0x0800b684                HAL_TIM_TriggerCallback
 .text.HAL_TIM_IRQHandler
                0x0800b686      0x19a build/stm32h7xx_hal_tim.o
                0x0800b686                HAL_TIM_IRQHandler
 .text.TIM_Base_SetConfig
                0x0800b820      0x104 build/stm32h7xx_hal_tim.o
                0x0800b820                TIM_Base_SetConfig
 .text.HAL_TIM_Base_Init
                0x0800b924       0x60 build/stm32h7xx_hal_tim.o
                0x0800b924                HAL_TIM_Base_Init
 .text.HAL_TIM_PWM_Init
                0x0800b984       0x60 build/stm32h7xx_hal_tim.o
                0x0800b984                HAL_TIM_PWM_Init
 .text.HAL_TIM_Encoder_Init
                0x0800b9e4       0xb0 build/stm32h7xx_hal_tim.o
                0x0800b9e4                HAL_TIM_Encoder_Init
 .text.TIM_OC2_SetConfig
                0x0800ba94       0x94 build/stm32h7xx_hal_tim.o
                0x0800ba94                TIM_OC2_SetConfig
 .text.HAL_TIM_PWM_ConfigChannel
                0x0800bb28      0x13a build/stm32h7xx_hal_tim.o
                0x0800bb28                HAL_TIM_PWM_ConfigChannel
 .text.TIM_ETR_SetConfig
                0x0800bc62       0x1a build/stm32h7xx_hal_tim.o
                0x0800bc62                TIM_ETR_SetConfig
 .text.HAL_TIM_ConfigClockSource
                0x0800bc7c      0x138 build/stm32h7xx_hal_tim.o
                0x0800bc7c                HAL_TIM_ConfigClockSource
 .text.TIM_CCxNChannelCmd
                0x0800bdb4       0x1e build/stm32h7xx_hal_tim_ex.o
 *fill*         0x0800bdd2        0x2 
 .text.HAL_TIMEx_PWMN_Start
                0x0800bdd4      0x100 build/stm32h7xx_hal_tim_ex.o
                0x0800bdd4                HAL_TIMEx_PWMN_Start
 .text.HAL_TIMEx_MasterConfigSynchronization
                0x0800bed4       0xa0 build/stm32h7xx_hal_tim_ex.o
                0x0800bed4                HAL_TIMEx_MasterConfigSynchronization
 .text.HAL_TIMEx_ConfigBreakDeadTime
                0x0800bf74       0x90 build/stm32h7xx_hal_tim_ex.o
                0x0800bf74                HAL_TIMEx_ConfigBreakDeadTime
 .text.HAL_TIMEx_CommutCallback
                0x0800c004        0x2 build/stm32h7xx_hal_tim_ex.o
                0x0800c004                HAL_TIMEx_CommutCallback
 .text.HAL_TIMEx_BreakCallback
                0x0800c006        0x2 build/stm32h7xx_hal_tim_ex.o
                0x0800c006                HAL_TIMEx_BreakCallback
 .text.HAL_TIMEx_Break2Callback
                0x0800c008        0x2 build/stm32h7xx_hal_tim_ex.o
                0x0800c008                HAL_TIMEx_Break2Callback
 *fill*         0x0800c00a        0x2 
 .text.UART_SetConfig
                0x0800c00c      0x5fc build/stm32h7xx_hal_uart.o
                0x0800c00c                UART_SetConfig
 .text.UART_AdvFeatureConfig
                0x0800c608       0xca build/stm32h7xx_hal_uart.o
                0x0800c608                UART_AdvFeatureConfig
 .text.UART_WaitOnFlagUntilTimeout
                0x0800c6d2       0xd8 build/stm32h7xx_hal_uart.o
                0x0800c6d2                UART_WaitOnFlagUntilTimeout
 .text.HAL_UART_Transmit
                0x0800c7aa       0xda build/stm32h7xx_hal_uart.o
                0x0800c7aa                HAL_UART_Transmit
 .text.UART_CheckIdleState
                0x0800c884       0x74 build/stm32h7xx_hal_uart.o
                0x0800c884                UART_CheckIdleState
 .text.HAL_UART_Init
                0x0800c8f8       0x66 build/stm32h7xx_hal_uart.o
                0x0800c8f8                HAL_UART_Init
 *fill*         0x0800c95e        0x2 
 .text.UARTEx_SetNbDataToProcess
                0x0800c960       0x4c build/stm32h7xx_hal_uart_ex.o
 .text.HAL_UARTEx_DisableFifoMode
                0x0800c9ac       0x3e build/stm32h7xx_hal_uart_ex.o
                0x0800c9ac                HAL_UARTEx_DisableFifoMode
 .text.HAL_UARTEx_SetTxFifoThreshold
                0x0800c9ea       0x4a build/stm32h7xx_hal_uart_ex.o
                0x0800c9ea                HAL_UARTEx_SetTxFifoThreshold
 .text.HAL_UARTEx_SetRxFifoThreshold
                0x0800ca34       0x4a build/stm32h7xx_hal_uart_ex.o
                0x0800ca34                HAL_UARTEx_SetRxFifoThreshold
 .text.HAL_PCD_Init
                0x0800ca7e      0x13c build/stm32h7xx_hal_pcd.o
                0x0800ca7e                HAL_PCD_Init
 *fill*         0x0800cbba        0x2 
 .text.HAL_PCDEx_ActivateLPM
                0x0800cbbc       0x28 build/stm32h7xx_hal_pcd_ex.o
                0x0800cbbc                HAL_PCDEx_ActivateLPM
 .text.USB_CoreReset
                0x0800cbe4       0x4c build/stm32h7xx_ll_usb.o
 .text.USB_CoreInit
                0x0800cc30       0x9c build/stm32h7xx_ll_usb.o
                0x0800cc30                USB_CoreInit
 .text.USB_DisableGlobalInt
                0x0800cccc        0xc build/stm32h7xx_ll_usb.o
                0x0800cccc                USB_DisableGlobalInt
 .text.USB_FlushTxFifo
                0x0800ccd8       0x4c build/stm32h7xx_ll_usb.o
                0x0800ccd8                USB_FlushTxFifo
 .text.USB_FlushRxFifo
                0x0800cd24       0x48 build/stm32h7xx_ll_usb.o
                0x0800cd24                USB_FlushRxFifo
 .text.USB_SetDevSpeed
                0x0800cd6c        0xe build/stm32h7xx_ll_usb.o
                0x0800cd6c                USB_SetDevSpeed
 *fill*         0x0800cd7a        0x2 
 .text.USB_DevInit
                0x0800cd7c      0x188 build/stm32h7xx_ll_usb.o
                0x0800cd7c                USB_DevInit
 .text.USB_DevDisconnect
                0x0800cf04       0x1c build/stm32h7xx_ll_usb.o
                0x0800cf04                USB_DevDisconnect
 .text.USB_GetMode
                0x0800cf20        0x8 build/stm32h7xx_ll_usb.o
                0x0800cf20                USB_GetMode
 .text.USB_SetCurrentMode
                0x0800cf28       0x62 build/stm32h7xx_ll_usb.o
                0x0800cf28                USB_SetCurrentMode
 *fill*         0x0800cf8a        0x2 
 .text.SystemInit
                0x0800cf8c       0xc8 build/system_stm32h7xx.o
                0x0800cf8c                SystemInit
 .text.StartDefaultTask
                0x0800d054       0x16 build/freertos.o
                0x0800d054                StartDefaultTask
 *fill*         0x0800d06a        0x2 
 .text.StartTask02
                0x0800d06c       0x1c build/freertos.o
                0x0800d06c                StartTask02
 .text.vApplicationGetIdleTaskMemory
                0x0800d088       0x18 build/freertos.o
                0x0800d088                vApplicationGetIdleTaskMemory
 .text.MX_FREERTOS_Init
                0x0800d0a0       0x5c build/freertos.o
                0x0800d0a0                MX_FREERTOS_Init
 .text.HAL_GPIO_EXTI_Callback
                0x0800d0fc       0x10 build/freertos.o
                0x0800d0fc                HAL_GPIO_EXTI_Callback
 .text.BSP_SD_ReadBlocks_DMA
                0x0800d10c       0x18 build/bsp_driver_sd.o
                0x0800d10c                BSP_SD_ReadBlocks_DMA
 .text.BSP_SD_WriteBlocks_DMA
                0x0800d124       0x18 build/bsp_driver_sd.o
                0x0800d124                BSP_SD_WriteBlocks_DMA
 .text.BSP_SD_GetCardState
                0x0800d13c       0x14 build/bsp_driver_sd.o
                0x0800d13c                BSP_SD_GetCardState
 .text.BSP_SD_GetCardInfo
                0x0800d150       0x10 build/bsp_driver_sd.o
                0x0800d150                BSP_SD_GetCardInfo
 .text.BSP_SD_IsDetected
                0x0800d160       0x20 build/bsp_driver_sd.o
                0x0800d160                BSP_SD_IsDetected
 .text.BSP_SD_Init
                0x0800d180       0x34 build/bsp_driver_sd.o
                0x0800d180                BSP_SD_Init
 .text.SD_CheckStatus
                0x0800d1b4       0x24 build/sd_diskio.o
 .text.SD_initialize
                0x0800d1d8       0x74 build/sd_diskio.o
                0x0800d1d8                SD_initialize
 .text.SD_status
                0x0800d24c        0x8 build/sd_diskio.o
                0x0800d24c                SD_status
 .text.SD_CheckStatusWithTimeout
                0x0800d254       0x26 build/sd_diskio.o
 *fill*         0x0800d27a        0x2 
 .text.SD_read  0x0800d27c       0x74 build/sd_diskio.o
                0x0800d27c                SD_read
 .text.SD_write
                0x0800d2f0       0x74 build/sd_diskio.o
                0x0800d2f0                SD_write
 .text.SD_ioctl
                0x0800d364       0x58 build/sd_diskio.o
                0x0800d364                SD_ioctl
 .text.BSP_PlatformIsDetected
                0x0800d3bc       0x18 build/fatfs_platform.o
                0x0800d3bc                BSP_PlatformIsDetected
 .text.MX_FATFS_Init
                0x0800d3d4       0x1c build/fatfs.o
                0x0800d3d4                MX_FATFS_Init
 .text.ETH_PHY_IO_DeInit
                0x0800d3f0        0x4 build/ethernetif.o
                0x0800d3f0                ETH_PHY_IO_DeInit
 .text.low_level_input
                0x0800d3f4       0xb4 build/ethernetif.o
 .text.ethernetif_input
                0x0800d4a8       0x3c build/ethernetif.o
                0x0800d4a8                ethernetif_input
 .text.low_level_output
                0x0800d4e4       0x90 build/ethernetif.o
 .text.low_level_init
                0x0800d574      0x1a4 build/ethernetif.o
 .text.pbuf_free_custom
                0x0800d718       0x10 build/ethernetif.o
                0x0800d718                pbuf_free_custom
 .text.ETH_PHY_IO_GetTick
                0x0800d728        0x8 build/ethernetif.o
                0x0800d728                ETH_PHY_IO_GetTick
 .text.ETH_PHY_IO_Init
                0x0800d730       0x10 build/ethernetif.o
                0x0800d730                ETH_PHY_IO_Init
 .text.ETH_PHY_IO_ReadReg
                0x0800d740       0x1c build/ethernetif.o
                0x0800d740                ETH_PHY_IO_ReadReg
 .text.ETH_PHY_IO_WriteReg
                0x0800d75c       0x1c build/ethernetif.o
                0x0800d75c                ETH_PHY_IO_WriteReg
 .text.HAL_ETH_MspInit
                0x0800d778      0x178 build/ethernetif.o
                0x0800d778                HAL_ETH_MspInit
 .text.HAL_ETH_RxCpltCallback
                0x0800d8f0       0x10 build/ethernetif.o
                0x0800d8f0                HAL_ETH_RxCpltCallback
 .text.ethernetif_init
                0x0800d900       0x48 build/ethernetif.o
                0x0800d900                ethernetif_init
 .text.sys_now  0x0800d948        0x8 build/ethernetif.o
                0x0800d948                sys_now
 .text.ethernet_link_thread
                0x0800d950       0xb4 build/ethernetif.o
                0x0800d950                ethernet_link_thread
 .text.ethernet_link_status_updated
                0x0800da04        0x2 build/lwip.o
 *fill*         0x0800da06        0x2 
 .text.MX_LWIP_Init
                0x0800da08      0x144 build/lwip.o
                0x0800da08                MX_LWIP_Init
 .text.LAN8742_RegisterBusIO
                0x0800db4c       0x3e build/lan8742.o
                0x0800db4c                LAN8742_RegisterBusIO
 .text.LAN8742_Init
                0x0800db8a       0xd0 build/lan8742.o
                0x0800db8a                LAN8742_Init
 .text.LAN8742_GetLinkState
                0x0800dc5a       0xc2 build/lan8742.o
                0x0800dc5a                LAN8742_GetLinkState
 .text.FATFS_LinkDriverEx
                0x0800dd1c       0x54 build/ff_gen_drv.o
                0x0800dd1c                FATFS_LinkDriverEx
 .text.FATFS_LinkDriver
                0x0800dd70        0xa build/ff_gen_drv.o
                0x0800dd70                FATFS_LinkDriver
 .text.vListInitialise
                0x0800dd7a       0x16 build/list.o
                0x0800dd7a                vListInitialise
 .text.vListInitialiseItem
                0x0800dd90        0x6 build/list.o
                0x0800dd90                vListInitialiseItem
 .text.vListInsertEnd
                0x0800dd96       0x16 build/list.o
                0x0800dd96                vListInsertEnd
 .text.vListInsert
                0x0800ddac       0x32 build/list.o
                0x0800ddac                vListInsert
 .text.uxListRemove
                0x0800ddde       0x26 build/list.o
                0x0800ddde                uxListRemove
 .text.prvGetDisinheritPriorityAfterTimeout
                0x0800de04       0x10 build/queue.o
 .text.prvIsQueueFull
                0x0800de14       0x1e build/queue.o
 .text.prvIsQueueEmpty
                0x0800de32       0x1a build/queue.o
 .text.prvCopyDataToQueue
                0x0800de4c       0x76 build/queue.o
 .text.prvCopyDataFromQueue
                0x0800dec2       0x24 build/queue.o
 .text.prvUnlockQueue
                0x0800dee6       0x6e build/queue.o
 .text.xQueueGenericReset
                0x0800df54       0x84 build/queue.o
                0x0800df54                xQueueGenericReset
 .text.prvInitialiseNewQueue
                0x0800dfd8       0x1c build/queue.o
 .text.xQueueGenericCreateStatic
                0x0800dff4       0xa6 build/queue.o
                0x0800dff4                xQueueGenericCreateStatic
 .text.xQueueGenericCreate
                0x0800e09a       0x48 build/queue.o
                0x0800e09a                xQueueGenericCreate
 .text.xQueueGenericSend
                0x0800e0e2      0x188 build/queue.o
                0x0800e0e2                xQueueGenericSend
 .text.prvInitialiseMutex
                0x0800e26a       0x18 build/queue.o
 .text.xQueueCreateMutex
                0x0800e282       0x16 build/queue.o
                0x0800e282                xQueueCreateMutex
 .text.xQueueCreateMutexStatic
                0x0800e298       0x1e build/queue.o
                0x0800e298                xQueueCreateMutexStatic
 .text.xQueueGenericSendFromISR
                0x0800e2b6       0xce build/queue.o
                0x0800e2b6                xQueueGenericSendFromISR
 .text.xQueueGiveFromISR
                0x0800e384       0xb2 build/queue.o
                0x0800e384                xQueueGiveFromISR
 .text.xQueueReceive
                0x0800e436      0x15e build/queue.o
                0x0800e436                xQueueReceive
 .text.xQueueSemaphoreTake
                0x0800e594      0x1a6 build/queue.o
                0x0800e594                xQueueSemaphoreTake
 .text.xQueueReceiveFromISR
                0x0800e73a       0xae build/queue.o
                0x0800e73a                xQueueReceiveFromISR
 .text.prvResetNextTaskUnblockTime
                0x0800e7e8       0x2c build/tasks.o
 .text.prvInitialiseNewTask
                0x0800e814       0x9c build/tasks.o
 .text.prvInitialiseTaskLists
                0x0800e8b0       0x68 build/tasks.o
 .text.prvAddNewTaskToReadyList
                0x0800e918       0xa8 build/tasks.o
 .text.prvDeleteTCB
                0x0800e9c0       0x38 build/tasks.o
 .text.prvCheckTasksWaitingTermination
                0x0800e9f8       0x4c build/tasks.o
 .text.prvIdleTask
                0x0800ea44       0x28 build/tasks.o
 .text.prvAddCurrentTaskToDelayedList
                0x0800ea6c       0xa0 build/tasks.o
 .text.xTaskCreateStatic
                0x0800eb0c       0x76 build/tasks.o
                0x0800eb0c                xTaskCreateStatic
 .text.xTaskCreate
                0x0800eb82       0x64 build/tasks.o
                0x0800eb82                xTaskCreate
 *fill*         0x0800ebe6        0x2 
 .text.vTaskStartScheduler
                0x0800ebe8       0x74 build/tasks.o
                0x0800ebe8                vTaskStartScheduler
 .text.vTaskSuspendAll
                0x0800ec5c       0x10 build/tasks.o
                0x0800ec5c                vTaskSuspendAll
 .text.xTaskGetTickCount
                0x0800ec6c        0xc build/tasks.o
                0x0800ec6c                xTaskGetTickCount
 .text.xTaskGetTickCountFromISR
                0x0800ec78       0x10 build/tasks.o
                0x0800ec78                xTaskGetTickCountFromISR
 .text.xTaskIncrementTick
                0x0800ec88      0x118 build/tasks.o
                0x0800ec88                xTaskIncrementTick
 .text.xTaskResumeAll
                0x0800eda0       0xf8 build/tasks.o
                0x0800eda0                xTaskResumeAll
 .text.vTaskDelay
                0x0800ee98       0x4c build/tasks.o
                0x0800ee98                vTaskDelay
 .text.vTaskSwitchContext
                0x0800eee4       0x98 build/tasks.o
                0x0800eee4                vTaskSwitchContext
 .text.vTaskPlaceOnEventList
                0x0800ef7c       0x30 build/tasks.o
                0x0800ef7c                vTaskPlaceOnEventList
 .text.xTaskRemoveFromEventList
                0x0800efac       0x8c build/tasks.o
                0x0800efac                xTaskRemoveFromEventList
 .text.vTaskInternalSetTimeOutState
                0x0800f038       0x18 build/tasks.o
                0x0800f038                vTaskInternalSetTimeOutState
 .text.xTaskCheckForTimeOut
                0x0800f050       0x84 build/tasks.o
                0x0800f050                xTaskCheckForTimeOut
 .text.vTaskMissedYield
                0x0800f0d4        0xc build/tasks.o
                0x0800f0d4                vTaskMissedYield
 .text.xTaskGetSchedulerState
                0x0800f0e0       0x20 build/tasks.o
                0x0800f0e0                xTaskGetSchedulerState
 .text.xTaskPriorityInherit
                0x0800f100       0xac build/tasks.o
                0x0800f100                xTaskPriorityInherit
 .text.xTaskPriorityDisinherit
                0x0800f1ac       0xb0 build/tasks.o
                0x0800f1ac                xTaskPriorityDisinherit
 .text.vTaskPriorityDisinheritAfterTimeout
                0x0800f25c       0xb4 build/tasks.o
                0x0800f25c                vTaskPriorityDisinheritAfterTimeout
 .text.pvTaskIncrementMutexHeldCount
                0x0800f310       0x1c build/tasks.o
                0x0800f310                pvTaskIncrementMutexHeldCount
 .text.makeFreeRtosPriority
                0x0800f32c        0xc build/cmsis_os.o
 .text.inHandlerMode
                0x0800f338        0xc build/cmsis_os.o
 .text.osKernelStart
                0x0800f344        0xa build/cmsis_os.o
                0x0800f344                osKernelStart
 .text.osKernelRunning
                0x0800f34e       0x12 build/cmsis_os.o
                0x0800f34e                osKernelRunning
 .text.osKernelSysTick
                0x0800f360       0x14 build/cmsis_os.o
                0x0800f360                osKernelSysTick
 .text.osThreadCreate
                0x0800f374       0x66 build/cmsis_os.o
                0x0800f374                osThreadCreate
 .text.osDelay  0x0800f3da        0xe build/cmsis_os.o
                0x0800f3da                osDelay
 .text.osMutexCreate
                0x0800f3e8       0x16 build/cmsis_os.o
                0x0800f3e8                osMutexCreate
 .text.osMutexWait
                0x0800f3fe       0x60 build/cmsis_os.o
                0x0800f3fe                osMutexWait
 .text.osMutexRelease
                0x0800f45e       0x5a build/cmsis_os.o
                0x0800f45e                osMutexRelease
 .text.osSemaphoreCreate
                0x0800f4b8       0x48 build/cmsis_os.o
                0x0800f4b8                osSemaphoreCreate
 .text.osSemaphoreWait
                0x0800f500       0x5e build/cmsis_os.o
                0x0800f500                osSemaphoreWait
 .text.osSemaphoreRelease
                0x0800f55e       0x5a build/cmsis_os.o
                0x0800f55e                osSemaphoreRelease
 .text.osMessageCreate
                0x0800f5b8       0x2a build/cmsis_os.o
                0x0800f5b8                osMessageCreate
 .text.osMessagePut
                0x0800f5e2       0x66 build/cmsis_os.o
                0x0800f5e2                osMessagePut
 .text.osMessageGet
                0x0800f648       0x88 build/cmsis_os.o
                0x0800f648                osMessageGet
 .text.prvHeapInit
                0x0800f6d0       0x64 build/heap_4.o
 .text.prvInsertBlockIntoFreeList
                0x0800f734       0x64 build/heap_4.o
 .text.pvPortMalloc
                0x0800f798      0x104 build/heap_4.o
                0x0800f798                pvPortMalloc
 .text.vPortFree
                0x0800f89c       0x7c build/heap_4.o
                0x0800f89c                vPortFree
 .text.prvTaskExitError
                0x0800f918       0x40 build/port.o
 .text.prvPortStartFirstTask
                0x0800f958       0x28 build/port.o
 .text.vPortEnableVFP
                0x0800f980       0x14 build/port.o
 .text.pxPortInitialiseStack
                0x0800f994       0x2c build/port.o
                0x0800f994                pxPortInitialiseStack
 .text.SVC_Handler
                0x0800f9c0       0x24 build/port.o
                0x0800f9c0                SVC_Handler
 .text.vPortEnterCritical
                0x0800f9e4       0x44 build/port.o
                0x0800f9e4                vPortEnterCritical
 .text.vPortExitCritical
                0x0800fa28       0x2c build/port.o
                0x0800fa28                vPortExitCritical
 *fill*         0x0800fa54        0xc 
 .text.PendSV_Handler
                0x0800fa60       0x64 build/port.o
                0x0800fa60                PendSV_Handler
 .text.SysTick_Handler
                0x0800fac4       0x2c build/port.o
                0x0800fac4                SysTick_Handler
 .text.vPortSetupTimerInterrupt
                0x0800faf0       0x28 build/port.o
                0x0800faf0                vPortSetupTimerInterrupt
 .text.xPortStartScheduler
                0x0800fb18      0x118 build/port.o
                0x0800fb18                xPortStartScheduler
 .text.vPortValidateInterruptPriority
                0x0800fc30       0x5c build/port.o
                0x0800fc30                vPortValidateInterruptPriority
 .text.ethernet_input
                0x0800fc8c       0xa8 build/ethernet.o
                0x0800fc8c                ethernet_input
 .text.ethernet_output
                0x0800fd34       0x70 build/ethernet.o
                0x0800fd34                ethernet_output
 .text.httpd_init_pcb
                0x0800fda4       0x6c build/httpd.o
 .text.get_tag_insert
                0x0800fe10      0x11c build/httpd.o
 .text.http_write
                0x0800ff2c       0xa0 build/httpd.o
 .text.http_send_data_ssi
                0x0800ffcc      0x39c build/httpd.o
 .text.http_send_data_nonssi
                0x08010368       0x44 build/httpd.o
 .text.http_ssi_state_free
                0x080103ac        0xc build/httpd.o
 .text.http_state_eof
                0x080103b8       0x2a build/httpd.o
 .text.http_state_free
                0x080103e2       0x14 build/httpd.o
 *fill*         0x080103f6        0x2 
 .text.http_close_or_abort_conn
                0x080103f8       0x64 build/httpd.o
 .text.http_close_conn
                0x0801045c        0xa build/httpd.o
 .text.http_eof
                0x08010466        0x8 build/httpd.o
 *fill*         0x0801046e        0x2 
 .text.http_check_eof
                0x08010470       0x48 build/httpd.o
 .text.http_send
                0x080104b8       0x54 build/httpd.o
 .text.http_sent
                0x0801050c       0x1c build/httpd.o
 .text.http_err
                0x08010528        0xc build/httpd.o
 .text.http_poll
                0x08010534       0x42 build/httpd.o
 *fill*         0x08010576        0x2 
 .text.http_get_404_file
                0x08010578       0x44 build/httpd.o
 .text.extract_uri_parameters
                0x080105bc       0x84 build/httpd.o
 .text.http_uri_is_ssi
                0x08010640       0x60 build/httpd.o
 .text.http_ssi_state_alloc
                0x080106a0       0x18 build/httpd.o
 .text.http_init_file
                0x080106b8       0xe0 build/httpd.o
 .text.http_find_file
                0x08010798      0x1b4 build/httpd.o
 .text.http_parse_request
                0x0801094c      0x15c build/httpd.o
 .text.http_recv
                0x08010aa8       0xc0 build/httpd.o
 .text.http_state_init
                0x08010b68        0xc build/httpd.o
 .text.http_state_alloc
                0x08010b74       0x14 build/httpd.o
 .text.http_accept
                0x08010b88       0x70 build/httpd.o
 .text.httpd_init
                0x08010bf8       0x34 build/httpd.o
                0x08010bf8                httpd_init
 .text.fs_open  0x08010c2c       0x44 build/fs.o
                0x08010c2c                fs_open
 .text.fs_close
                0x08010c70        0x2 build/fs.o
                0x08010c70                fs_close
 .text.fs_bytes_left
                0x08010c72        0x8 build/fs.o
                0x08010c72                fs_bytes_left
 *fill*         0x08010c7a        0x2 
 .text.tcpip_timeouts_mbox_fetch
                0x08010c7c       0x60 build/tcpip.o
 .text.tcpip_thread_handle_msg
                0x08010cdc       0x60 build/tcpip.o
 .text.tcpip_thread
                0x08010d3c       0x54 build/tcpip.o
 .text.tcpip_inpkt
                0x08010d90       0x64 build/tcpip.o
                0x08010d90                tcpip_inpkt
 .text.tcpip_input
                0x08010df4       0x24 build/tcpip.o
                0x08010df4                tcpip_input
 .text.tcpip_try_callback
                0x08010e18       0x60 build/tcpip.o
                0x08010e18                tcpip_try_callback
 .text.tcpip_init
                0x08010e78       0x84 build/tcpip.o
                0x08010e78                tcpip_init
 .text.lwip_htons
                0x08010efc        0xa build/def.o
                0x08010efc                lwip_htons
 .text.lwip_htonl
                0x08010f06       0x18 build/def.o
                0x08010f06                lwip_htonl
 .text.lwip_strnstr
                0x08010f1e       0x50 build/def.o
                0x08010f1e                lwip_strnstr
 .text.lwip_stricmp
                0x08010f6e       0x3a build/def.o
                0x08010f6e                lwip_stricmp
 .text.lwip_standard_chksum
                0x08010fa8       0x64 build/inet_chksum.o
                0x08010fa8                lwip_standard_chksum
 .text.inet_chksum
                0x0801100c        0xc build/inet_chksum.o
                0x0801100c                inet_chksum
 .text.inet_chksum_pbuf
                0x08011018       0x48 build/inet_chksum.o
                0x08011018                inet_chksum_pbuf
 .text.lwip_init
                0x08011060       0x20 build/init.o
                0x08011060                lwip_init
 .text.ptr_to_mem
                0x08011080        0xc build/mem.o
 .text.mem_to_ptr
                0x0801108c       0x10 build/mem.o
 .text.mem_link_valid
                0x0801109c       0x5c build/mem.o
 .text.plug_holes
                0x080110f8       0xfc build/mem.o
 .text.mem_init
                0x080111f4       0x68 build/mem.o
                0x080111f4                mem_init
 .text.mem_free
                0x0801125c       0xf0 build/mem.o
                0x0801125c                mem_free
 .text.mem_trim
                0x0801134c      0x1a4 build/mem.o
                0x0801134c                mem_trim
 .text.mem_malloc
                0x080114f0      0x184 build/mem.o
                0x080114f0                mem_malloc
 .text.do_memp_malloc_pool
                0x08011674       0x48 build/memp.o
 .text.do_memp_free_pool
                0x080116bc       0x3c build/memp.o
 .text.memp_init_pool
                0x080116f8       0x28 build/memp.o
                0x080116f8                memp_init_pool
 .text.memp_init
                0x08011720       0x20 build/memp.o
                0x08011720                memp_init
 .text.memp_malloc_pool
                0x08011740       0x2c build/memp.o
                0x08011740                memp_malloc_pool
 .text.memp_malloc
                0x0801176c       0x34 build/memp.o
                0x0801176c                memp_malloc
 .text.memp_free_pool
                0x080117a0       0x38 build/memp.o
                0x080117a0                memp_free_pool
 .text.memp_free
                0x080117d8       0x34 build/memp.o
                0x080117d8                memp_free
 .text.netif_do_set_netmask
                0x0801180c       0x12 build/netif.o
 .text.netif_do_set_gw
                0x0801181e       0x12 build/netif.o
 .text.netif_null_output_ip4
                0x08011830        0x6 build/netif.o
 .text.netif_do_ip_addr_changed
                0x08011836       0x14 build/netif.o
 *fill*         0x0801184a        0x2 
 .text.netif_issue_reports
                0x0801184c       0x4c build/netif.o
 .text.netif_do_set_ipaddr
                0x08011898       0x6c build/netif.o
 .text.netif_init
                0x08011904        0x2 build/netif.o
                0x08011904                netif_init
 *fill*         0x08011906        0x2 
 .text.netif_set_addr
                0x08011908       0x6c build/netif.o
                0x08011908                netif_set_addr
 .text.netif_add
                0x08011974      0x124 build/netif.o
                0x08011974                netif_add
 .text.netif_set_default
                0x08011a98        0xc build/netif.o
                0x08011a98                netif_set_default
 .text.netif_set_up
                0x08011aa4       0x3c build/netif.o
                0x08011aa4                netif_set_up
 .text.netif_set_down
                0x08011ae0       0x40 build/netif.o
                0x08011ae0                netif_set_down
 .text.netif_set_link_up
                0x08011b20       0x48 build/netif.o
                0x08011b20                netif_set_link_up
 .text.netif_set_link_down
                0x08011b68       0x3c build/netif.o
                0x08011b68                netif_set_link_down
 .text.netif_set_link_callback
                0x08011ba4        0x6 build/netif.o
                0x08011ba4                netif_set_link_callback
 *fill*         0x08011baa        0x2 
 .text.netif_get_by_index
                0x08011bac       0x24 build/netif.o
                0x08011bac                netif_get_by_index
 .text.pbuf_init_alloced_pbuf
                0x08011bd0       0x24 build/pbuf.o
 .text.pbuf_add_header_impl
                0x08011bf4       0x7c build/pbuf.o
 .text.pbuf_pool_is_empty
                0x08011c70       0x3c build/pbuf.o
 .text.pbuf_free_ooseq
                0x08011cac       0x30 build/pbuf.o
 .text.pbuf_free_ooseq_callback
                0x08011cdc        0x8 build/pbuf.o
 .text.pbuf_alloc_reference
                0x08011ce4       0x50 build/pbuf.o
                0x08011ce4                pbuf_alloc_reference
 .text.pbuf_alloced_custom
                0x08011d34       0x3e build/pbuf.o
                0x08011d34                pbuf_alloced_custom
 .text.pbuf_add_header
                0x08011d72        0xa build/pbuf.o
                0x08011d72                pbuf_add_header
 .text.pbuf_remove_header
                0x08011d7c       0x6c build/pbuf.o
                0x08011d7c                pbuf_remove_header
 .text.pbuf_header_impl
                0x08011de8       0x14 build/pbuf.o
 .text.pbuf_header_force
                0x08011dfc        0xa build/pbuf.o
                0x08011dfc                pbuf_header_force
 *fill*         0x08011e06        0x2 
 .text.pbuf_free
                0x08011e08       0xd0 build/pbuf.o
                0x08011e08                pbuf_free
 .text.pbuf_alloc
                0x08011ed8      0x158 build/pbuf.o
                0x08011ed8                pbuf_alloc
 .text.pbuf_realloc
                0x08012030       0xa8 build/pbuf.o
                0x08012030                pbuf_realloc
 .text.pbuf_clen
                0x080120d8       0x12 build/pbuf.o
                0x080120d8                pbuf_clen
 *fill*         0x080120ea        0x2 
 .text.pbuf_ref
                0x080120ec       0x38 build/pbuf.o
                0x080120ec                pbuf_ref
 .text.pbuf_cat
                0x08012124       0x78 build/pbuf.o
                0x08012124                pbuf_cat
 .text.pbuf_copy
                0x0801219c      0x128 build/pbuf.o
                0x0801219c                pbuf_copy
 .text.pbuf_copy_partial
                0x080122c4       0x9c build/pbuf.o
                0x080122c4                pbuf_copy_partial
 .text.pbuf_clone
                0x08012360       0x38 build/pbuf.o
                0x08012360                pbuf_clone
 .text.tcp_new_port
                0x08012398       0x68 build/tcp.o
 .text.tcp_remove_listener
                0x08012400       0x34 build/tcp.o
 .text.tcp_listen_closed
                0x08012434       0x5c build/tcp.o
 .text.tcp_free_listen
                0x08012490       0x30 build/tcp.o
 .text.tcp_close_shutdown_fin
                0x080124c0       0x80 build/tcp.o
 .text.tcp_handle_closepend
                0x08012540       0x2c build/tcp.o
 .text.tcp_init
                0x0801256c       0x18 build/tcp.o
                0x0801256c                tcp_init
 .text.tcp_free
                0x08012584       0x30 build/tcp.o
                0x08012584                tcp_free
 .text.tcp_bind
                0x080125b4       0xc4 build/tcp.o
                0x080125b4                tcp_bind
 .text.tcp_listen_with_backlog_and_err
                0x08012678       0xe0 build/tcp.o
                0x08012678                tcp_listen_with_backlog_and_err
 .text.tcp_listen_with_backlog
                0x08012758        0xa build/tcp.o
                0x08012758                tcp_listen_with_backlog
 *fill*         0x08012762        0x2 
 .text.tcp_update_rcv_ann_wnd
                0x08012764       0x78 build/tcp.o
                0x08012764                tcp_update_rcv_ann_wnd
 .text.tcp_recved
                0x080127dc       0x78 build/tcp.o
                0x080127dc                tcp_recved
 .text.tcp_seg_free
                0x08012854       0x1a build/tcp.o
                0x08012854                tcp_seg_free
 .text.tcp_segs_free
                0x0801286e       0x14 build/tcp.o
                0x0801286e                tcp_segs_free
 *fill*         0x08012882        0x2 
 .text.tcp_setprio
                0x08012884       0x24 build/tcp.o
                0x08012884                tcp_setprio
 .text.tcp_seg_copy
                0x080128a8       0x48 build/tcp.o
                0x080128a8                tcp_seg_copy
 .text.tcp_arg  0x080128f0        0x6 build/tcp.o
                0x080128f0                tcp_arg
 *fill*         0x080128f6        0x2 
 .text.tcp_recv
                0x080128f8       0x34 build/tcp.o
                0x080128f8                tcp_recv
 .text.tcp_sent
                0x0801292c       0x34 build/tcp.o
                0x0801292c                tcp_sent
 .text.tcp_err  0x08012960       0x34 build/tcp.o
                0x08012960                tcp_err
 .text.tcp_accept
                0x08012994        0xe build/tcp.o
                0x08012994                tcp_accept
 *fill*         0x080129a2        0x2 
 .text.tcp_poll
                0x080129a4       0x48 build/tcp.o
                0x080129a4                tcp_poll
 .text.tcp_next_iss
                0x080129ec       0x38 build/tcp.o
                0x080129ec                tcp_next_iss
 .text.tcp_eff_send_mss_netif
                0x08012a24       0x40 build/tcp.o
                0x08012a24                tcp_eff_send_mss_netif
 .text.tcp_free_ooseq
                0x08012a64       0x12 build/tcp.o
                0x08012a64                tcp_free_ooseq
 *fill*         0x08012a76        0x2 
 .text.tcp_pcb_purge
                0x08012a78       0x64 build/tcp.o
                0x08012a78                tcp_pcb_purge
 .text.tcp_pcb_remove
                0x08012adc       0xd0 build/tcp.o
                0x08012adc                tcp_pcb_remove
 .text.tcp_abandon
                0x08012bac      0x10c build/tcp.o
                0x08012bac                tcp_abandon
 .text.tcp_abort
                0x08012cb8        0xa build/tcp.o
                0x08012cb8                tcp_abort
 *fill*         0x08012cc2        0x2 
 .text.tcp_accept_null
                0x08012cc4       0x30 build/tcp.o
 .text.tcp_kill_timewait
                0x08012cf4       0x34 build/tcp.o
 .text.tcp_kill_prio
                0x08012d28       0x58 build/tcp.o
 .text.tcp_netif_ip_addr_changed_pcblist
                0x08012d80       0x40 build/tcp.o
 .text.tcp_netif_ip_addr_changed
                0x08012dc0       0x54 build/tcp.o
                0x08012dc0                tcp_netif_ip_addr_changed
 .text.tcp_kill_state
                0x08012e14       0x64 build/tcp.o
 .text.tcp_alloc
                0x08012e78       0xc4 build/tcp.o
                0x08012e78                tcp_alloc
 .text.tcp_new_ip_type
                0x08012f3c        0xa build/tcp.o
                0x08012f3c                tcp_new_ip_type
 *fill*         0x08012f46        0x2 
 .text.tcp_close_shutdown
                0x08012f48      0x150 build/tcp.o
 .text.tcp_close
                0x08013098       0x40 build/tcp.o
                0x08013098                tcp_close
 .text.tcp_recv_null
                0x080130d8       0x48 build/tcp.o
                0x080130d8                tcp_recv_null
 .text.tcp_process_refused_data
                0x08013120       0x8c build/tcp.o
                0x08013120                tcp_process_refused_data
 .text.tcp_fasttmr
                0x080131ac       0x80 build/tcp.o
                0x080131ac                tcp_fasttmr
 .text.tcp_slowtmr
                0x0801322c      0x4a8 build/tcp.o
                0x0801322c                tcp_slowtmr
 .text.tcp_tmr  0x080136d4       0x24 build/tcp.o
                0x080136d4                tcp_tmr
 .text.tcp_get_next_optbyte
                0x080136f8       0x3c build/tcp_in.o
 .text.tcp_parseopt
                0x08013734       0xa0 build/tcp_in.o
 .text.tcp_input_delayed_close
                0x080137d4       0x60 build/tcp_in.o
 .text.tcp_timewait_input
                0x08013834       0xb8 build/tcp_in.o
 .text.tcp_listen_input
                0x080138ec      0x150 build/tcp_in.o
 .text.tcp_free_acked_segments
                0x08013a3c       0xc0 build/tcp_in.o
 .text.tcp_oos_insert_segment
                0x08013afc       0xa8 build/tcp_in.o
 .text.tcp_receive
                0x08013ba4      0x940 build/tcp_in.o
 .text.tcp_process
                0x080144e4      0x584 build/tcp_in.o
 .text.tcp_input
                0x08014a68      0x588 build/tcp_in.o
                0x08014a68                tcp_input
 .text.tcp_trigger_input_pcb_close
                0x08014ff0       0x10 build/tcp_in.o
                0x08014ff0                tcp_trigger_input_pcb_close
 .text.tcp_write_checks
                0x08015000       0xbc build/tcp_out.o
 .text.tcp_output_segment_busy
                0x080150bc       0x34 build/tcp_out.o
 .text.tcp_output_fill_options
                0x080150f0       0x4c build/tcp_out.o
 .text.tcp_pbuf_prealloc
                0x0801513c       0xbc build/tcp_out.o
 .text.tcp_create_segment
                0x080151f8       0xe4 build/tcp_out.o
 .text.tcp_output_alloc_header_common
                0x080152dc       0x98 build/tcp_out.o
 .text.tcp_output_alloc_header
                0x08015374       0x54 build/tcp_out.o
 .text.tcp_route
                0x080153c8       0x16 build/tcp_out.o
 *fill*         0x080153de        0x2 
 .text.tcp_output_segment
                0x080153e0      0x140 build/tcp_out.o
 .text.tcp_output_control_segment
                0x08015520       0x6c build/tcp_out.o
 .text.tcp_write
                0x0801558c      0x52c build/tcp_out.o
                0x0801558c                tcp_write
 .text.tcp_split_unsent_seg
                0x08015ab8      0x1b8 build/tcp_out.o
                0x08015ab8                tcp_split_unsent_seg
 .text.tcp_enqueue_flags
                0x08015c70      0x160 build/tcp_out.o
                0x08015c70                tcp_enqueue_flags
 .text.tcp_send_fin
                0x08015dd0       0x64 build/tcp_out.o
                0x08015dd0                tcp_send_fin
 .text.tcp_rexmit_rto_prepare
                0x08015e34       0x94 build/tcp_out.o
                0x08015e34                tcp_rexmit_rto_prepare
 .text.tcp_rexmit
                0x08015ec8       0x88 build/tcp_out.o
                0x08015ec8                tcp_rexmit
 .text.tcp_rexmit_fast
                0x08015f50       0x7c build/tcp_out.o
                0x08015f50                tcp_rexmit_fast
 .text.tcp_rst  0x08015fcc       0x90 build/tcp_out.o
                0x08015fcc                tcp_rst
 .text.tcp_send_empty_ack
                0x0801605c       0x74 build/tcp_out.o
                0x0801605c                tcp_send_empty_ack
 .text.tcp_output
                0x080160d0      0x2a0 build/tcp_out.o
                0x080160d0                tcp_output
 .text.tcp_rexmit_rto_commit
                0x08016370       0x38 build/tcp_out.o
                0x08016370                tcp_rexmit_rto_commit
 .text.tcp_rexmit_rto
                0x080163a8       0x34 build/tcp_out.o
                0x080163a8                tcp_rexmit_rto
 .text.tcp_keepalive
                0x080163dc       0x5c build/tcp_out.o
                0x080163dc                tcp_keepalive
 .text.tcp_zero_window_probe
                0x08016438       0xdc build/tcp_out.o
                0x08016438                tcp_zero_window_probe
 .text.sys_timeout_abs
                0x08016514       0x70 build/timeouts.o
 .text.lwip_cyclic_timer
                0x08016584       0x40 build/timeouts.o
 .text.sys_timeout
                0x080165c4       0x3c build/timeouts.o
                0x080165c4                sys_timeout
 .text.tcp_timer_needed
                0x08016600       0x3c build/timeouts.o
                0x08016600                tcp_timer_needed
 .text.tcpip_tcp_timer
                0x0801663c       0x38 build/timeouts.o
 .text.sys_timeouts_init
                0x08016674       0x28 build/timeouts.o
                0x08016674                sys_timeouts_init
 .text.sys_check_timeouts
                0x0801669c       0x40 build/timeouts.o
                0x0801669c                sys_check_timeouts
 .text.sys_timeouts_sleeptime
                0x080166dc       0x48 build/timeouts.o
                0x080166dc                sys_timeouts_sleeptime
 .text.udp_input_local_match
                0x08016724       0xa0 build/udp.o
 .text.udp_init
                0x080167c4       0x18 build/udp.o
                0x080167c4                udp_init
 .text.udp_input
                0x080167dc      0x188 build/udp.o
                0x080167dc                udp_input
 .text.udp_netif_ip_addr_changed
                0x08016964       0x38 build/udp.o
                0x08016964                udp_netif_ip_addr_changed
 .text.etharp_free_entry
                0x0801699c       0x34 build/etharp.o
 .text.etharp_find_entry
                0x080169d0      0x1b0 build/etharp.o
 .text.etharp_update_arp_entry
                0x08016b80       0xc4 build/etharp.o
 .text.etharp_raw
                0x08016c44       0xe8 build/etharp.o
 .text.etharp_request_dst
                0x08016d2c       0x24 build/etharp.o
 .text.etharp_cleanup_netif
                0x08016d50       0x38 build/etharp.o
                0x08016d50                etharp_cleanup_netif
 .text.etharp_input
                0x08016d88       0xb8 build/etharp.o
                0x08016d88                etharp_input
 .text.etharp_request
                0x08016e40       0x10 build/etharp.o
                0x08016e40                etharp_request
 .text.etharp_tmr
                0x08016e50       0x88 build/etharp.o
                0x08016e50                etharp_tmr
 .text.etharp_output_to_arp_index
                0x08016ed8       0xd8 build/etharp.o
 .text.etharp_query
                0x08016fb0      0x198 build/etharp.o
                0x08016fb0                etharp_query
 .text.etharp_output
                0x08017148      0x168 build/etharp.o
                0x08017148                etharp_output
 .text.icmp_send_response
                0x080172b0       0xb8 build/icmp.o
 .text.icmp_input
                0x08017368      0x16c build/icmp.o
                0x08017368                icmp_input
 .text.icmp_dest_unreach
                0x080174d4        0xc build/icmp.o
                0x080174d4                icmp_dest_unreach
 .text.icmp_time_exceeded
                0x080174e0        0xc build/icmp.o
                0x080174e0                icmp_time_exceeded
 .text.ip4_input_accept
                0x080174ec       0x34 build/ip4.o
 .text.ip4_route
                0x08017520       0xac build/ip4.o
                0x08017520                ip4_route
 .text.ip4_input
                0x080175cc      0x19c build/ip4.o
                0x080175cc                ip4_input
 .text.ip4_output_if_src
                0x08017768      0x100 build/ip4.o
                0x08017768                ip4_output_if_src
 .text.ip4_output_if
                0x08017868       0x2a build/ip4.o
                0x08017868                ip4_output_if
 .text.ip4_addr_isbroadcast_u32
                0x08017892       0x40 build/ip4_addr.o
                0x08017892                ip4_addr_isbroadcast_u32
 *fill*         0x080178d2        0x2 
 .text.ip_reass_dequeue_datagram
                0x080178d4       0x48 build/ip4_frag.o
 .text.ip_reass_free_complete_datagram
                0x0801791c       0xfc build/ip4_frag.o
 .text.ip_reass_remove_oldest_datagram
                0x08017a18       0x80 build/ip4_frag.o
 .text.ip_frag_free_pbuf_custom_ref
                0x08017a98       0x2c build/ip4_frag.o
 .text.ipfrag_free_pbuf_custom
                0x08017ac4       0x34 build/ip4_frag.o
 .text.ip_reass_chain_frag_into_datagram_and_validate
                0x08017af8      0x1a0 build/ip4_frag.o
 .text.ip_frag_alloc_pbuf_custom_ref
                0x08017c98        0xa build/ip4_frag.o
 *fill*         0x08017ca2        0x2 
 .text.ip_reass_enqueue_new_datagram
                0x08017ca4       0x60 build/ip4_frag.o
 .text.ip_reass_tmr
                0x08017d04       0x2c build/ip4_frag.o
                0x08017d04                ip_reass_tmr
 .text.ip4_reass
                0x08017d30      0x210 build/ip4_frag.o
                0x08017d30                ip4_reass
 .text.ip4_frag
                0x08017f40      0x204 build/ip4_frag.o
                0x08017f40                ip4_frag
 .text.sys_mbox_new
                0x08018144       0x28 build/sys_arch.o
                0x08018144                sys_mbox_new
 .text.sys_mbox_trypost
                0x0801816c       0x14 build/sys_arch.o
                0x0801816c                sys_mbox_trypost
 .text.sys_arch_mbox_fetch
                0x08018180       0x58 build/sys_arch.o
                0x08018180                sys_arch_mbox_fetch
 .text.sys_mbox_valid
                0x080181d8        0xc build/sys_arch.o
                0x080181d8                sys_mbox_valid
 .text.sys_init
                0x080181e4       0x18 build/sys_arch.o
                0x080181e4                sys_init
 .text.sys_mutex_new
                0x080181fc       0x22 build/sys_arch.o
                0x080181fc                sys_mutex_new
 .text.sys_mutex_lock
                0x0801821e        0xe build/sys_arch.o
                0x0801821e                sys_mutex_lock
 .text.sys_mutex_unlock
                0x0801822c        0xa build/sys_arch.o
                0x0801822c                sys_mutex_unlock
 .text.sys_thread_new
                0x08018236       0x2e build/sys_arch.o
                0x08018236                sys_thread_new
 .text.sys_arch_protect
                0x08018264       0x18 build/sys_arch.o
                0x08018264                sys_arch_protect
 .text.sys_arch_unprotect
                0x0801827c       0x10 build/sys_arch.o
                0x0801827c                sys_arch_unprotect
 .text.Reset_Handler
                0x0801828c       0x50 build/startup_stm32h743xx.o
                0x0801828c                Reset_Handler
 .text.Default_Handler
                0x080182dc        0x2 build/startup_stm32h743xx.o
                0x080182dc                RTC_Alarm_IRQHandler
                0x080182dc                EXTI2_IRQHandler
                0x080182dc                TIM8_CC_IRQHandler
                0x080182dc                HRTIM1_Master_IRQHandler
                0x080182dc                UART8_IRQHandler
                0x080182dc                SPI4_IRQHandler
                0x080182dc                TIM1_CC_IRQHandler
                0x080182dc                BDMA_Channel6_IRQHandler
                0x080182dc                DMA2_Stream5_IRQHandler
                0x080182dc                HRTIM1_FLT_IRQHandler
                0x080182dc                JPEG_IRQHandler
                0x080182dc                DMA1_Stream5_IRQHandler
                0x080182dc                BDMA_Channel1_IRQHandler
                0x080182dc                HRTIM1_TIMD_IRQHandler
                0x080182dc                TAMP_STAMP_IRQHandler
                0x080182dc                EXTI3_IRQHandler
                0x080182dc                LPTIM4_IRQHandler
                0x080182dc                TIM8_TRG_COM_TIM14_IRQHandler
                0x080182dc                LPTIM2_IRQHandler
                0x080182dc                DFSDM1_FLT1_IRQHandler
                0x080182dc                DMAMUX2_OVR_IRQHandler
                0x080182dc                TIM8_UP_TIM13_IRQHandler
                0x080182dc                I2C3_ER_IRQHandler
                0x080182dc                DFSDM1_FLT2_IRQHandler
                0x080182dc                MDMA_IRQHandler
                0x080182dc                LPTIM3_IRQHandler
                0x080182dc                HSEM1_IRQHandler
                0x080182dc                EXTI0_IRQHandler
                0x080182dc                I2C2_EV_IRQHandler
                0x080182dc                DMA1_Stream2_IRQHandler
                0x080182dc                FPU_IRQHandler
                0x080182dc                OTG_HS_WKUP_IRQHandler
                0x080182dc                FDCAN1_IT1_IRQHandler
                0x080182dc                LTDC_ER_IRQHandler
                0x080182dc                DMA2_Stream2_IRQHandler
                0x080182dc                HRTIM1_TIME_IRQHandler
                0x080182dc                SPI1_IRQHandler
                0x080182dc                TIM6_DAC_IRQHandler
                0x080182dc                DCMI_IRQHandler
                0x080182dc                HRTIM1_TIMC_IRQHandler